Component: ARM Compiler 5.06 update 5 (build 528) Tool: armlink [4d35e2]

==============================================================================

Section Cross References

    main.o(i.LED_GPIO_Init) refers to stm32l1xx_hal_gpio.o(i.HAL_GPIO_Init) for HAL_GPIO_Init
    main.o(i.LED_GPIO_Init) refers to stm32l1xx_hal_gpio.o(i.HAL_GPIO_WritePin) for HAL_GPIO_WritePin
    main.o(i.LedBlink) refers to stm32l1xx_hal_gpio.o(i.HAL_GPIO_WritePin) for HAL_GPIO_WritePin
    main.o(i.LedBlink) refers to main.o(.data) for .data
    main.o(i.OnRxDone) refers to memcpya.o(.text) for __aeabi_memcpy
    main.o(i.OnRxDone) refers to printf5.o(i.__0printf$5) for __2printf
    main.o(i.OnRxDone) refers to main.o(.data) for .data
    main.o(i.OnRxError) refers to printf5.o(i.__0printf$5) for __2printf
    main.o(i.OnRxTimeout) refers to printf5.o(i.__0printf$5) for __2printf
    main.o(i.OnTxDone) refers to main.o(i.LedBlink) for LedBlink
    main.o(i.OnTxDone) refers to printf5.o(i.__0printf$5) for __2printf
    main.o(i.OnTxDone) refers to sx1276-board.o(.constdata) for Radio
    main.o(i.OnTxTimeout) refers to printf5.o(i.__0printf$5) for __2printf
    main.o(i.OnTxTimeout) refers to sx1276-board.o(.constdata) for Radio
    main.o(i.getH) refers to rand.o(.text) for rand
    main.o(i.getT) refers to rand.o(.text) for rand
    main.o(i.main) refers to init.o(i.SystemInitialize) for SystemInitialize
    main.o(i.main) refers to main.o(i.LED_GPIO_Init) for LED_GPIO_Init
    main.o(i.main) refers to hal_interface.o(i.delay) for delay
    main.o(i.main) refers to printf5.o(i.__0printf$5) for __2printf
    main.o(i.main) refers to sx1276-board.o(i.SX1276BoardInit) for SX1276BoardInit
    main.o(i.main) refers to sx1276.o(i.SX1276GetVersion) for SX1276GetVersion
    main.o(i.main) refers to main.o(i.getT) for getT
    main.o(i.main) refers to main.o(i.getH) for getH
    main.o(i.main) refers to dth11.o(i.DTH11_test) for DTH11_test
    main.o(i.main) refers to main.o(i.OnTxDone) for OnTxDone
    main.o(i.main) refers to main.o(.bss) for .bss
    main.o(i.main) refers to main.o(i.OnRxDone) for OnRxDone
    main.o(i.main) refers to main.o(i.OnTxTimeout) for OnTxTimeout
    main.o(i.main) refers to main.o(i.OnRxTimeout) for OnRxTimeout
    main.o(i.main) refers to main.o(i.OnRxError) for OnRxError
    main.o(i.main) refers to sx1276-board.o(.constdata) for Radio
    main.o(i.main) refers to main.o(.data) for .data
    hal_interface.o(i.HAL_GPIO_EXTI_Callback) refers to hal_interface.o(.data) for .data
    hal_interface.o(i.HalAttachInterrupt) refers to hal_interface.o(.data) for .data
    hal_interface.o(i.HalPinInit) refers to stm32l1xx_hal_gpio.o(i.HAL_GPIO_WritePin) for HAL_GPIO_WritePin
    hal_interface.o(i.HalPinInit) refers to stm32l1xx_hal_gpio.o(i.HAL_GPIO_Init) for HAL_GPIO_Init
    hal_interface.o(i.HalPinInit) refers to stm32l1xx_hal_cortex.o(i.HAL_NVIC_SetPriority) for HAL_NVIC_SetPriority
    hal_interface.o(i.HalPinInit) refers to stm32l1xx_hal_cortex.o(i.HAL_NVIC_EnableIRQ) for HAL_NVIC_EnableIRQ
    hal_interface.o(i.HalPinInit) refers to hal_interface.o(i.HalSpiInit) for HalSpiInit
    hal_interface.o(i.HalSpiInit) refers to stm32l1xx_hal_gpio.o(i.HAL_GPIO_Init) for HAL_GPIO_Init
    hal_interface.o(i.HalSpiInit) refers to stm32l1xx_hal_spi_ex.o(i.HAL_SPI_Init) for HAL_SPI_Init
    hal_interface.o(i.HalSpiInit) refers to hal_interface.o(.bss) for .bss
    hal_interface.o(i.HalSpiTransmit) refers to stm32l1xx_hal_spi.o(i.HAL_SPI_TransmitReceive) for HAL_SPI_TransmitReceive
    hal_interface.o(i.HalSpiTransmit) refers to hal_interface.o(.bss) for .bss
    hal_interface.o(i.HalSpiWriteNss) refers to stm32l1xx_hal_gpio.o(i.HAL_GPIO_WritePin) for HAL_GPIO_WritePin
    hal_interface.o(i.HalWriteReset) refers to stm32l1xx_hal_gpio.o(i.HAL_GPIO_WritePin) for HAL_GPIO_WritePin
    hal_interface.o(i.HalWriteReset) refers to stm32l1xx_hal_gpio.o(i.HAL_GPIO_Init) for HAL_GPIO_Init
    hal_interface.o(i.HalWriteRxTx) refers to stm32l1xx_hal_gpio.o(i.HAL_GPIO_WritePin) for HAL_GPIO_WritePin
    hal_interface.o(i.delay) refers to stm32l1xx_hal.o(i.HAL_Delay) for HAL_Delay
    hal_interface.o(i.millis) refers to stm32l1xx_hal.o(i.HAL_GetTick) for HAL_GetTick
    init.o(i.SystemClock_Config) refers to stm32l1xx_hal_cortex.o(i.HAL_NVIC_SetPriorityGrouping) for HAL_NVIC_SetPriorityGrouping
    init.o(i.SystemClock_Config) refers to stm32l1xx_hal_rcc.o(i.HAL_RCC_OscConfig) for HAL_RCC_OscConfig
    init.o(i.SystemClock_Config) refers to stm32l1xx_hal_rcc.o(i.HAL_RCC_ClockConfig) for HAL_RCC_ClockConfig
    init.o(i.SystemInitialize) refers to stm32l1xx_hal.o(i.HAL_Init) for HAL_Init
    init.o(i.SystemInitialize) refers to init.o(i.SystemClock_Config) for SystemClock_Config
    init.o(i.SystemInitialize) refers to init.o(i.USART1_Init) for USART1_Init
    init.o(i.USART1_Init) refers to stm32l1xx_hal_gpio.o(i.HAL_GPIO_Init) for HAL_GPIO_Init
[...]
    ..\..\..\src\mcu\STM32L1xx\STM32L1xx_HAL_Driver\Src\stm32l1xx_hal_irda.c 0x00000000   Number         0  stm32l1xx_hal_irda.o ABSOLUTE
    ..\..\..\src\mcu\STM32L1xx\STM32L1xx_HAL_Driver\Src\stm32l1xx_hal_iwdg.c 0x00000000   Number         0  stm32l1xx_hal_iwdg.o ABSOLUTE
    ..\..\..\src\mcu\STM32L1xx\STM32L1xx_HAL_Driver\Src\stm32l1xx_hal_lcd.c 0x00000000   Number         0  stm32l1xx_hal_lcd.o ABSOLUTE
    ..\..\..\src\mcu\STM32L1xx\STM32L1xx_HAL_Driver\Src\stm32l1xx_hal_msp_template.c 0x00000000   Number         0  stm32l1xx_hal_msp_template.o ABSOLUTE
    ..\..\..\src\mcu\STM32L1xx\STM32L1xx_HAL_Driver\Src\stm32l1xx_hal_nor.c 0x00000000   Number         0  stm32l1xx_hal_nor.o ABSOLUTE
    ..\..\..\src\mcu\STM32L1xx\STM32L1xx_HAL_Driver\Src\stm32l1xx_hal_opamp.c 0x00000000   Number         0  stm32l1xx_hal_opamp.o ABSOLUTE
    ..\..\..\src\mcu\STM32L1xx\STM32L1xx_HAL_Driver\Src\stm32l1xx_hal_opamp_ex.c 0x00000000   Number         0  stm32l1xx_hal_opamp_ex.o ABSOLUTE
    ..\..\..\src\mcu\STM32L1xx\STM32L1xx_HAL_Driver\Src\stm32l1xx_hal_pcd.c 0x00000000   Number         0  stm32l1xx_hal_pcd.o ABSOLUTE
    ..\..\..\src\mcu\STM32L1xx\STM32L1xx_HAL_Driver\Src\stm32l1xx_hal_pcd_ex.c 0x00000000   Number         0  stm32l1xx_hal_pcd_ex.o ABSOLUTE
    ..\..\..\src\mcu\STM32L1xx\STM32L1xx_HAL_Driver\Src\stm32l1xx_hal_pwr.c 0x00000000   Number         0  stm32l1xx_hal_pwr.o ABSOLUTE
    ..\..\..\src\mcu\STM32L1xx\STM32L1xx_HAL_Driver\Src\stm32l1xx_hal_pwr_ex.c 0x00000000   Number         0  stm32l1xx_hal_pwr_ex.o ABSOLUTE
    ..\..\..\src\mcu\STM32L1xx\STM32L1xx_HAL_Driver\Src\stm32l1xx_hal_rcc.c 0x00000000   Number         0  stm32l1xx_hal_rcc.o ABSOLUTE
    ..\..\..\src\mcu\STM32L1xx\STM32L1xx_HAL_Driver\Src\stm32l1xx_hal_rcc_ex.c 0x00000000   Number         0  stm32l1xx_hal_rcc_ex.o ABSOLUTE
    ..\..\..\src\mcu\STM32L1xx\STM32L1xx_HAL_Driver\Src\stm32l1xx_hal_rtc.c 0x00000000   Number         0  stm32l1xx_hal_rtc.o ABSOLUTE
    ..\..\..\src\mcu\STM32L1xx\STM32L1xx_HAL_Driver\Src\stm32l1xx_hal_rtc_ex.c 0x00000000   Number         0  stm32l1xx_hal_rtc_ex.o ABSOLUTE
    ..\..\..\src\mcu\STM32L1xx\STM32L1xx_HAL_Driver\Src\stm32l1xx_hal_sd.c 0x00000000   Number         0  stm32l1xx_hal_sd.o ABSOLUTE
    ..\..\..\src\mcu\STM32L1xx\STM32L1xx_HAL_Driver\Src\stm32l1xx_hal_smartcard.c 0x00000000   Number         0  stm32l1xx_hal_smartcard.o ABSOLUTE
    ..\..\..\src\mcu\STM32L1xx\STM32L1xx_HAL_Driver\Src\stm32l1xx_hal_spi.c 0x00000000   Number         0  stm32l1xx_hal_spi.o ABSOLUTE
    ..\..\..\src\mcu\STM32L1xx\STM32L1xx_HAL_Driver\Src\stm32l1xx_hal_spi_ex.c 0x00000000   Number         0  stm32l1xx_hal_spi_ex.o ABSOLUTE
    ..\..\..\src\mcu\STM32L1xx\STM32L1xx_HAL_Driver\Src\stm32l1xx_hal_sram.c 0x00000000   Number         0  stm32l1xx_hal_sram.o ABSOLUTE
    ..\..\..\src\mcu\STM32L1xx\STM32L1xx_HAL_Driver\Src\stm32l1xx_hal_tim.c 0x00000000   Number         0  stm32l1xx_hal_tim.o ABSOLUTE
    ..\..\..\src\mcu\STM32L1xx\STM32L1xx_HAL_Driver\Src\stm32l1xx_hal_tim_ex.c 0x00000000   Number         0  stm32l1xx_hal_tim_ex.o ABSOLUTE
    ..\..\..\src\mcu\STM32L1xx\STM32L1xx_HAL_Driver\Src\stm32l1xx_hal_uart.c 0x00000000   Number         0  stm32l1xx_hal_uart.o ABSOLUTE
    ..\..\..\src\mcu\STM32L1xx\STM32L1xx_HAL_Driver\Src\stm32l1xx_hal_usart.c 0x00000000   Number         0  stm32l1xx_hal_usart.o ABSOLUTE
    ..\..\..\src\mcu\STM32L1xx\STM32L1xx_HAL_Driver\Src\stm32l1xx_hal_wwdg.c 0x00000000   Number         0  stm32l1xx_hal_wwdg.o ABSOLUTE
    ..\..\..\src\mcu\STM32L1xx\STM32L1xx_HAL_Driver\Src\stm32l1xx_ll_adc.c 0x00000000   Number         0  stm32l1xx_ll_adc.o ABSOLUTE
    ..\..\..\src\mcu\STM32L1xx\STM32L1xx_HAL_Driver\Src\stm32l1xx_ll_comp.c 0x00000000   Number         0  stm32l1xx_ll_comp.o ABSOLUTE
    ..\..\..\src\mcu\STM32L1xx\STM32L1xx_HAL_Driver\Src\stm32l1xx_ll_crc.c 0x00000000   Number         0  stm32l1xx_ll_crc.o ABSOLUTE
    ..\..\..\src\mcu\STM32L1xx\STM32L1xx_HAL_Driver\Src\stm32l1xx_ll_dac.c 0x00000000   Number         0  stm32l1xx_ll_dac.o ABSOLUTE
    ..\..\..\src\mcu\STM32L1xx\STM32L1xx_HAL_Driver\Src\stm32l1xx_ll_dma.c 0x00000000   Number         0  stm32l1xx_ll_dma.o ABSOLUTE
    ..\..\..\src\mcu\STM32L1xx\STM32L1xx_HAL_Driver\Src\stm32l1xx_ll_exti.c 0x00000000   Number         0  stm32l1xx_ll_exti.o ABSOLUTE
    ..\..\..\src\mcu\STM32L1xx\STM32L1xx_HAL_Driver\Src\stm32l1xx_ll_fsmc.c 0x00000000   Number         0  stm32l1xx_ll_fsmc.o ABSOLUTE
    ..\..\..\src\mcu\STM32L1xx\STM32L1xx_HAL_Driver\Src\stm32l1xx_ll_gpio.c 0x00000000   Number         0  stm32l1xx_ll_gpio.o ABSOLUTE
    ..\..\..\src\mcu\STM32L1xx\STM32L1xx_HAL_Driver\Src\stm32l1xx_ll_i2c.c 0x00000000   Number         0  stm32l1xx_ll_i2c.o ABSOLUTE
    ..\..\..\src\mcu\STM32L1xx\STM32L1xx_HAL_Driver\Src\stm32l1xx_ll_opamp.c 0x00000000   Number         0  stm32l1xx_ll_opamp.o ABSOLUTE
    ..\..\..\src\mcu\STM32L1xx\STM32L1xx_HAL_Driver\Src\stm32l1xx_ll_pwr.c 0x00000000   Number         0  stm32l1xx_ll_pwr.o ABSOLUTE
    ..\..\..\src\mcu\STM32L1xx\STM32L1xx_HAL_Driver\Src\stm32l1xx_ll_rcc.c 0x00000000   Number         0  stm32l1xx_ll_rcc.o ABSOLUTE
    ..\..\..\src\mcu\STM32L1xx\STM32L1xx_HAL_Driver\Src\stm32l1xx_ll_rtc.c 0x00000000   Number         0  stm32l1xx_ll_rtc.o ABSOLUTE
    ..\..\..\src\mcu\STM32L1xx\STM32L1xx_HAL_Driver\Src\stm32l1xx_ll_sdmmc.c 0x00000000   Number         0  stm32l1xx_ll_sdmmc.o ABSOLUTE
    ..\..\..\src\mcu\STM32L1xx\STM32L1xx_HAL_Driver\Src\stm32l1xx_ll_spi.c 0x00000000   Number         0  stm32l1xx_ll_spi.o ABSOLUTE
    ..\..\..\src\mcu\STM32L1xx\STM32L1xx_HAL_Driver\Src\stm32l1xx_ll_tim.c 0x00000000   Number         0  stm32l1xx_ll_tim.o ABSOLUTE
    ..\..\..\src\mcu\STM32L1xx\STM32L1xx_HAL_Driver\Src\stm32l1xx_ll_usart.c 0x00000000   Number         0  stm32l1xx_ll_usart.o ABSOLUTE
    ..\..\..\src\mcu\STM32L1xx\STM32L1xx_HAL_Driver\Src\stm32l1xx_ll_utils.c 0x00000000   Number         0  stm32l1xx_ll_utils.o ABSOLUTE
    ..\..\..\src\radio\src\sx1276-board.c    0x00000000   Number         0  sx1276-board.o ABSOLUTE
    ..\..\..\src\radio\src\sx1276.c          0x00000000   Number         0  sx1276.o ABSOLUTE
    ..\..\..\src\radio\src\timer.c           0x00000000   Number         0  timer.o ABSOLUTE
    ..\\..\\..\\src\\apps\\stm32l151xb\\tx\\main.c 0x00000000   Number         0  main.o ABSOLUTE
    ..\\..\\..\\src\\hal\\stm32l151xx\\src\\hal_interface.c 0x00000000   Number         0  hal_interface.o ABSOLUTE
    ..\\..\\..\\src\\hal\\stm32l151xx\\src\\init.c 0x00000000   Number         0  init.o ABSOLUTE
    ..\\..\\..\\src\\hal\\stm32l151xx\\src\\stm32l1xx_hal_msp.c 0x00000000   Number         0  stm32l1xx_hal_msp.o ABSOLUTE
    ..\\..\\..\\src\\hal\\stm32l151xx\\src\\stm32l1xx_it.c 0x00000000   Number         0  stm32l1xx_it.o ABSOLUTE
    ..\\..\\..\\src\\hal\\stm32l151xx\\src\\system_stm32l1xx.c 0x00000000   Number         0  system_stm32l1xx.o ABSOLUTE
    ..\\..\\..\\src\\mcu\\STM32L1xx\\STM32L1xx_HAL_Driver\\Src\\stm32l1xx_hal.c 0x00000000   Number         0  stm32l1xx_hal.o ABSOLUTE
    ..\\..\\..\\src\\mcu\\STM32L1xx\\STM32L1xx_HAL_Driver\\Src\\stm32l1xx_hal_adc.c 0x00000000   Number         0  stm32l1xx_hal_adc.o ABSOLUTE
    ..\\..\\..\\src\\mcu\\STM32L1xx\\STM32L1xx_HAL_Driver\\Src\\stm32l1xx_hal_adc_ex.c 0x00000000   Number         0  stm32l1xx_hal_adc_ex.o ABSOLUTE
    ..\\..\\..\\src\\mcu\\STM32L1xx\\STM32L1xx_HAL_Driver\\Src\\stm32l1xx_hal_comp.c 0x00000000   Number         0  stm32l1xx_hal_comp.o ABSOLUTE
    ..\\..\\..\\src\\mcu\\STM32L1xx\\STM32L1xx_HAL_Driver\\Src\\stm32l1xx_hal_cortex.c 0x00000000   Number         0  stm32l1xx_hal_cortex.o ABSOLUTE
    ..\\..\\..\\src\\mcu\\STM32L1xx\\STM32L1xx_HAL_Driver\\Src\\stm32l1xx_hal_crc.c 0x00000000   Number         0  stm32l1xx_hal_crc.o ABSOLUTE
    ..\\..\\..\\src\\mcu\\STM32L1xx\\STM32L1xx_HAL_Driver\\Src\\stm32l1xx_hal_cryp.c 0x00000000   Number         0  stm32l1xx_hal_cryp.o ABSOLUTE
    ..\\..\\..\\src\\mcu\\STM32L1xx\\STM32L1xx_HAL_Driver\\Src\\stm32l1xx_hal_cryp_ex.c 0x00000000   Number         0  stm32l1xx_hal_cryp_ex.o ABSOLUTE
    ..\\..\\..\\src\\mcu\\STM32L1xx\\STM32L1xx_HAL_Driver\\Src\\stm32l1xx_hal_dac.c 0x00000000   Number         0  stm32l1xx_hal_dac.o ABSOLUTE
    ..\\..\\..\\src\\mcu\\STM32L1xx\\STM32L1xx_HAL_Driver\\Src\\stm32l1xx_hal_dac_ex.c 0x00000000   Number         0  stm32l1xx_hal_dac_ex.o ABSOLUTE
    ..\\..\\..\\src\\mcu\\STM32L1xx\\STM32L1xx_HAL_Driver\\Src\\stm32l1xx_hal_dma.c 0x00000000   Number         0  stm32l1xx_hal_dma.o ABSOLUTE
    ..\\..\\..\\src\\mcu\\STM32L1xx\\STM32L1xx_HAL_Driver\\Src\\stm32l1xx_hal_flash.c 0x00000000   Number         0  stm32l1xx_hal_flash.o ABSOLUTE
    ..\\..\\..\\src\\mcu\\STM32L1xx\\STM32L1xx_HAL_Driver\\Src\\stm32l1xx_hal_flash_ex.c 0x00000000   Number         0  stm32l1xx_hal_flash_ex.o ABSOLUTE
    ..\\..\\..\\src\\mcu\\STM32L1xx\\STM32L1xx_HAL_Driver\\Src\\stm32l1xx_hal_flash_ramfunc.c 0x00000000   Number         0  stm32l1xx_hal_flash_ramfunc.o ABSOLUTE
    ..\\..\\..\\src\\mcu\\STM32L1xx\\STM32L1xx_HAL_Driver\\Src\\stm32l1xx_hal_gpio.c 0x00000000   Number         0  stm32l1xx_hal_gpio.o ABSOLUTE
    ..\\..\\..\\src\\mcu\\STM32L1xx\\STM32L1xx_HAL_Driver\\Src\\stm32l1xx_hal_i2c.c 0x00000000   Number         0  stm32l1xx_hal_i2c.o ABSOLUTE
    ..\\..\\..\\src\\mcu\\STM32L1xx\\STM32L1xx_HAL_Driver\\Src\\stm32l1xx_hal_i2s.c 0x00000000   Number         0  stm32l1xx_hal_i2s.o ABSOLUTE
    ..\\..\\..\\src\\mcu\\STM32L1xx\\STM32L1xx_HAL_Driver\\Src\\stm32l1xx_hal_irda.c 0x00000000   Number         0  stm32l1xx_hal_irda.o ABSOLUTE
    ..\\..\\..\\src\\mcu\\STM32L1xx\\STM32L1xx_HAL_Driver\\Src\\stm32l1xx_hal_iwdg.c 0x00000000   Number         0  stm32l1xx_hal_iwdg.o ABSOLUTE
    ..\\..\\..\\src\\mcu\\STM32L1xx\\STM32L1xx_HAL_Driver\\Src\\stm32l1xx_hal_lcd.c 0x00000000   Number         0  stm32l1xx_hal_lcd.o ABSOLUTE
    ..\\..\\..\\src\\mcu\\STM32L1xx\\STM32L1xx_HAL_Driver\\Src\\stm32l1xx_hal_msp_template.c 0x00000000   Number         0  stm32l1xx_hal_msp_template.o ABSOLUTE
    ..\\..\\..\\src\\mcu\\STM32L1xx\\STM32L1xx_HAL_Driver\\Src\\stm32l1xx_hal_nor.c 0x00000000   Number         0  stm32l1xx_hal_nor.o ABSOLUTE
    ..\\..\\..\\src\\mcu\\STM32L1xx\\STM32L1xx_HAL_Driver\\Src\\stm32l1xx_hal_opamp.c 0x00000000   Number         0  stm32l1xx_hal_opamp.o ABSOLUTE
    ..\\..\\..\\src\\mcu\\STM32L1xx\\STM32L1xx_HAL_Driver\\Src\\stm32l1xx_hal_opamp_ex.c 0x00000000   Number         0  stm32l1xx_hal_opamp_ex.o ABSOLUTE
    ..\\..\\..\\src\\mcu\\STM32L1xx\\STM32L1xx_HAL_Driver\\Src\\stm32l1xx_hal_pcd.c 0x00000000   Number         0  stm32l1xx_hal_pcd.o ABSOLUTE
    ..\\..\\..\\src\\mcu\\STM32L1xx\\STM32L1xx_HAL_Driver\\Src\\stm32l1xx_hal_pcd_ex.c 0x00000000   Number         0  stm32l1xx_hal_pcd_ex.o ABSOLUTE
    ..\\..\\..\\src\\mcu\\STM32L1xx\\STM32L1xx_HAL_Driver\\Src\\stm32l1xx_hal_pwr.c 0x00000000   Number         0  stm32l1xx_hal_pwr.o ABSOLUTE
    ..\\..\\..\\src\\mcu\\STM32L1xx\\STM32L1xx_HAL_Driver\\Src\\stm32l1xx_hal_pwr_ex.c 0x00000000   Number         0  stm32l1xx_hal_pwr_ex.o ABSOLUTE
    ..\\..\\..\\src\\mcu\\STM32L1xx\\STM32L1xx_HAL_Driver\\Src\\stm32l1xx_hal_rcc.c 0x00000000   Number         0  stm32l1xx_hal_rcc.o ABSOLUTE
    ..\\..\\..\\src\\mcu\\STM32L1xx\\STM32L1xx_HAL_Driver\\Src\\stm32l1xx_hal_rcc_ex.c 0x00000000   Number         0  stm32l1xx_hal_rcc_ex.o ABSOLUTE
    ..\\..\\..\\src\\mcu\\STM32L1xx\\STM32L1xx_HAL_Driver\\Src\\stm32l1xx_hal_rtc.c 0x00000000   Number         0  stm32l1xx_hal_rtc.o ABSOLUTE
    ..\\..\\..\\src\\mcu\\STM32L1xx\\STM32L1xx_HAL_Driver\\Src\\stm32l1xx_hal_rtc_ex.c 0x00000000   Number         0  stm32l1xx_hal_rtc_ex.o ABSOLUTE
    ..\\..\\..\\src\\mcu\\STM32L1xx\\STM32L1xx_HAL_Driver\\Src\\stm32l1xx_hal_sd.c 0x00000000   Number         0  stm32l1xx_hal_sd.o ABSOLUTE
    ..\\..\\..\\src\\mcu\\STM32L1xx\\STM32L1xx_HAL_Driver\\Src\\stm32l1xx_hal_smartcard.c 0x00000000   Number         0  stm32l1xx_hal_smartcard.o ABSOLUTE
    ..\\..\\..\\src\\mcu\\STM32L1xx\\STM32L1xx_HAL_Driver\\Src\\stm32l1xx_hal_spi.c 0x00000000   Number         0  stm32l1xx_hal_spi.o ABSOLUTE
    ..\\..\\..\\src\\mcu\\STM32L1xx\\STM32L1xx_HAL_Driver\\Src\\stm32l1xx_hal_spi_ex.c 0x00000000   Number         0  stm32l1xx_hal_spi_ex.o ABSOLUTE
    ..\\..\\..\\src\\mcu\\STM32L1xx\\STM32L1xx_HAL_Driver\\Src\\stm32l1xx_hal_sram.c 0x00000000   Number         0  stm32l1xx_hal_sram.o ABSOLUTE
    ..\\..\\..\\src\\mcu\\STM32L1xx\\STM32L1xx_HAL_Driver\\Src\\stm32l1xx_hal_tim.c 0x00000000   Number         0  stm32l1xx_hal_tim.o ABSOLUTE
    ..\\..\\..\\src\\mcu\\STM32L1xx\\STM32L1xx_HAL_Driver\\Src\\stm32l1xx_hal_tim_ex.c 0x00000000   Number         0  stm32l1xx_hal_tim_ex.o ABSOLUTE
    ..\\..\\..\\src\\mcu\\STM32L1xx\\STM32L1xx_HAL_Driver\\Src\\stm32l1xx_hal_uart.c 0x00000000   Number         0  stm32l1xx_hal_uart.o ABSOLUTE
    ..\\..\\..\\src\\mcu\\STM32L1xx\\STM32L1xx_HAL_Driver\\Src\\stm32l1xx_hal_usart.c 0x00000000   Number         0  stm32l1xx_hal_usart.o ABSOLUTE
    ..\\..\\..\\src\\mcu\\STM32L1xx\\STM32L1xx_HAL_Driver\\Src\\stm32l1xx_hal_wwdg.c 0x00000000   Number         0  stm32l1xx_hal_wwdg.o ABSOLUTE
    ..\\..\\..\\src\\mcu\\STM32L1xx\\STM32L1xx_HAL_Driver\\Src\\stm32l1xx_ll_fsmc.c 0x00000000   Number         0  stm32l1xx_ll_fsmc.o ABSOLUTE
    ..\\..\\..\\src\\mcu\\STM32L1xx\\STM32L1xx_HAL_Driver\\Src\\stm32l1xx_ll_sdmmc.c 0x00000000   Number         0  stm32l1xx_ll_sdmmc.o ABSOLUTE
    ..\\..\\..\\src\\mcu\\STM32L1xx\\STM32L1xx_HAL_Driver\\Src\\stm32l1xx_ll_utils.c 0x00000000   Number         0  stm32l1xx_ll_utils.o ABSOLUTE
    ..\\..\\..\\src\\radio\\src\\sx1276-board.c 0x00000000   Number         0  sx1276-board.o ABSOLUTE
    ..\\..\\..\\src\\radio\\src\\sx1276.c    0x00000000   Number         0  sx1276.o ABSOLUTE
    cdcmple.s                                0x00000000   Number         0  cdcmple.o ABSOLUTE
    cdrcmple.s                               0x00000000   Number         0  cdrcmple.o ABSOLUTE
    dc.s                                     0x00000000   Number         0  dc.o ABSOLUTE
    dth11.c                                  0x00000000   Number         0  dth11.o ABSOLUTE
    dth11.c                                  0x00000000   Number         0  dth11.o ABSOLUTE
    handlers.s                               0x00000000   Number         0  handlers.o ABSOLUTE
    init.s                                   0x00000000   Number         0  init.o ABSOLUTE
    RESET                                    0x08000000   Section      244  startup_stm32l151xb.o(RESET)
    .ARM.Collect$$$$00000000                 0x080000f4   Section        0  entry.o(.ARM.Collect$$$$00000000)
    .ARM.Collect$$$$00000001                 0x080000f4   Section        4  entry2.o(.ARM.Collect$$$$00000001)
    .ARM.Collect$$$$00000004                 0x080000f8   Section        4  entry5.o(.ARM.Collect$$$$00000004)
    .ARM.Collect$$$$00000008                 0x080000fc   Section        0  entry7b.o(.ARM.Collect$$$$00000008)
    .ARM.Collect$$$$0000000A                 0x080000fc   Section        0  entry8b.o(.ARM.Collect$$$$0000000A)
    .ARM.Collect$$$$0000000B                 0x080000fc   Section        8  entry9a.o(.ARM.Collect$$$$0000000B)
    .ARM.Collect$$$$0000000D                 0x08000104   Section        0  entry10a.o(.ARM.Collect$$$$0000000D)
    .ARM.Collect$$$$0000000F                 0x08000104   Section        0  entry11a.o(.ARM.Collect$$$$0000000F)
    .ARM.Collect$$$$00002712                 0x08000104   Section        4  entry2.o(.ARM.Collect$$$$00002712)
    __lit__00000000                          0x08000104   Data           4  entry2.o(.ARM.Collect$$$$00002712)
    .text                                    0x08000108   Section       36  startup_stm32l151xb.o(.text)
    .text                                    0x0800012c   Section        0  rand.o(.text)
    .text                                    0x08000150   Section        0  memcpya.o(.text)
    .text                                    0x08000174   Section        0  memseta.o(.text)
    .text                                    0x08000198   Section        0  dadd.o(.text)
    .text                                    0x080002e6   Section        0  dmul.o(.text)
    .text                                    0x080003ca   Section        0  ddiv.o(.text)
    .text                                    0x080004a8   Section        0  dscalb.o(.text)
    .text                                    0x080004d6   Section        0  dflti.o(.text)
    .text                                    0x080004f8   Section        0  dfltui.o(.text)
    .text                                    0x08000512   Section        0  dfixi.o(.text)
    .text                                    0x08000550   Section        0  dfixui.o(.text)
    .text                                    0x08000584   Section       48  cdrcmple.o(.text)
    .text                                    0x080005b4   Section        0  uldiv.o(.text)
    .text                                    0x08000616   Section        0  llshl.o(.text)
    .text                                    0x08000634   Section        0  llushr.o(.text)
    .text                                    0x08000654   Section        0  llsshr.o(.text)
    .text                                    0x08000678   Section        0  depilogue.o(.text)
    .text                                    0x08000678   Section        0  iusefp.o(.text)
    .text                                    0x08000734   Section        0  drnd.o(.text)
    .text                                    0x080007bc   Section       48  cdcmple.o(.text)
    .text                                    0x080007ec   Section       36  init.o(.text)
    i.BusFault_Handler                       0x08000810   Section        0  stm32l1xx_it.o(i.BusFault_Handler)
    i.DTH11_test                             0x08000812   Section        0  dth11.o(i.DTH11_test)
    i.DebugMon_Handler                       0x0800081a   Section        0  stm32l1xx_it.o(i.DebugMon_Handler)
    i.EXTI0_IRQHandler                       0x0800081c   Section        0  stm32l1xx_it.o(i.EXTI0_IRQHandler)
    i.EXTI15_10_IRQHandler                   0x08000822   Section        0  stm32l1xx_it.o(i.EXTI15_10_IRQHandler)
    i.EXTI1_IRQHandler                       0x0800082a   Section        0  stm32l1xx_it.o(i.EXTI1_IRQHandler)
    i.EXTI2_IRQHandler                       0x08000830   Section        0  stm32l1xx_it.o(i.EXTI2_IRQHandler)
    i.EXTI3_IRQHandler                       0x08000832   Section        0  stm32l1xx_it.o(i.EXTI3_IRQHandler)
    i.EXTI4_IRQHandler                       0x08000834   Section        0  stm32l1xx_it.o(i.EXTI4_IRQHandler)
    i.EXTI9_5_IRQHandler                     0x08000836   Section        0  stm32l1xx_it.o(i.EXTI9_5_IRQHandler)
    i.GetFskBandwidthRegValue                0x0800083c   Section        0  sx1276.o(i.GetFskBandwidthRegValue)
    GetFskBandwidthRegValue                  0x0800083d   Thumb Code    40  sx1276.o(i.GetFskBandwidthRegValue)
    i.HAL_Delay                              0x08000868   Section        0  stm32l1xx_hal.o(i.HAL_Delay)
    i.HAL_GPIO_EXTI_Callback                 0x08000880   Section        0  hal_interface.o(i.HAL_GPIO_EXTI_Callback)
    i.HAL_GPIO_EXTI_IRQHandler               0x080008b8   Section        0  stm32l1xx_hal_gpio.o(i.HAL_GPIO_EXTI_IRQHandler)
    i.HAL_GPIO_Init                          0x080008d0   Section        0  stm32l1xx_hal_gpio.o(i.HAL_GPIO_Init)
    i.HAL_GPIO_WritePin                      0x08000a5c   Section        0  stm32l1xx_hal_gpio.o(i.HAL_GPIO_WritePin)
    i.HAL_GetTick                            0x08000a68   Section        0  stm32l1xx_hal.o(i.HAL_GetTick)
    i.HAL_IncTick                            0x08000a74   Section        0  stm32l1xx_hal.o(i.HAL_IncTick)
    i.HAL_Init                               0x08000a84   Section        0  stm32l1xx_hal.o(i.HAL_Init)
    i.HAL_InitTick                           0x08000a9c   Section        0  stm32l1xx_hal.o(i.HAL_InitTick)
    i.HAL_MspInit                            0x08000ac4   Section        0  stm32l1xx_hal_msp_template.o(i.HAL_MspInit)
    i.HAL_NVIC_EnableIRQ                     0x08000ac6   Section        0  stm32l1xx_hal_cortex.o(i.HAL_NVIC_EnableIRQ)
    i.HAL_NVIC_SetPriority                   0x08000adc   Section        0  stm32l1xx_hal_cortex.o(i.HAL_NVIC_SetPriority)
    i.HAL_NVIC_SetPriorityGrouping           0x08000b1c   Section        0  stm32l1xx_hal_cortex.o(i.HAL_NVIC_SetPriorityGrouping)
    i.HAL_PWREx_GetVoltageRange              0x08000b40   Section        0  stm32l1xx_hal_pwr_ex.o(i.HAL_PWREx_GetVoltageRange)
    i.HAL_RCC_ClockConfig                    0x08000b50   Section        0  stm32l1xx_hal_rcc.o(i.HAL_RCC_ClockConfig)
    i.HAL_RCC_GetPCLK1Freq                   0x08000d24   Section        0  stm32l1xx_hal_rcc.o(i.HAL_RCC_GetPCLK1Freq)
    i.HAL_RCC_GetPCLK2Freq                   0x08000d54   Section        0  stm32l1xx_hal_rcc.o(i.HAL_RCC_GetPCLK2Freq)
    i.HAL_RCC_GetSysClockFreq                0x08000d84   Section        0  stm32l1xx_hal_rcc.o(i.HAL_RCC_GetSysClockFreq)
    i.HAL_RCC_OscConfig                      0x08000e10   Section        0  stm32l1xx_hal_rcc.o(i.HAL_RCC_OscConfig)
    i.HAL_SPI_Init                           0x08001560   Section        0  stm32l1xx_hal_spi_ex.o(i.HAL_SPI_Init)
    i.HAL_SPI_MspInit                        0x080015da   Section        0  stm32l1xx_hal_spi.o(i.HAL_SPI_MspInit)
    i.HAL_SPI_TransmitReceive                0x080015dc   Section        0  stm32l1xx_hal_spi.o(i.HAL_SPI_TransmitReceive)
    i.HAL_SYSTICK_Config                     0x0800188e   Section        0  stm32l1xx_hal_cortex.o(i.HAL_SYSTICK_Config)
    i.HAL_UART_Init                          0x080018b6   Section        0  stm32l1xx_hal_uart.o(i.HAL_UART_Init)
    i.HAL_UART_MspInit                       0x08001914   Section        0  stm32l1xx_hal_uart.o(i.HAL_UART_MspInit)
    i.HAL_UART_Transmit                      0x08001918   Section        0  stm32l1xx_hal_uart.o(i.HAL_UART_Transmit)
    i.HalAttachInterrupt                     0x080019e4   Section        0  hal_interface.o(i.HalAttachInterrupt)
    i.HalPinInit                             0x08001a28   Section        0  hal_interface.o(i.HalPinInit)
    i.HalSpiInit                             0x08001b24   Section        0  hal_interface.o(i.HalSpiInit)
    HalSpiInit                               0x08001b25   Thumb Code   132  hal_interface.o(i.HalSpiInit)
    i.HalSpiTransmit                         0x08001bb8   Section        0  hal_interface.o(i.HalSpiTransmit)
    i.HalSpiWriteNss                         0x08001be0   Section        0  hal_interface.o(i.HalSpiWriteNss)
    i.HalWriteReset                          0x08001bf8   Section        0  hal_interface.o(i.HalWriteReset)
    i.HalWriteRxTx                           0x08001c38   Section        0  hal_interface.o(i.HalWriteRxTx)
    i.HardFault_Handler                      0x08001c50   Section        0  stm32l1xx_it.o(i.HardFault_Handler)
    i.LED_GPIO_Init                          0x08001c54   Section        0  main.o(i.LED_GPIO_Init)
    i.LedBlink                               0x08001cbc   Section        0  main.o(i.LedBlink)
    i.MemManage_Handler                      0x08001ce0   Section        0  stm32l1xx_it.o(i.MemManage_Handler)
    i.NMI_Handler                            0x08001ce2   Section        0  stm32l1xx_it.o(i.NMI_Handler)
    i.NVIC_SetPriority                       0x08001ce4   Section        0  stm32l1xx_hal_cortex.o(i.NVIC_SetPriority)
    NVIC_SetPriority                         0x08001ce5   Thumb Code    32  stm32l1xx_hal_cortex.o(i.NVIC_SetPriority)
    i.OnRxDone                               0x08001d04   Section        0  main.o(i.OnRxDone)
    i.OnRxError                              0x08001d94   Section        0  main.o(i.OnRxError)
    i.OnRxTimeout                            0x08001da8   Section        0  main.o(i.OnRxTimeout)
    i.OnTxDone                               0x08001dc0   Section        0  main.o(i.OnTxDone)
    i.OnTxTimeout                            0x08001de8   Section        0  main.o(i.OnTxTimeout)
    i.PendSV_Handler                         0x08001e10   Section        0  stm32l1xx_it.o(i.PendSV_Handler)
    i.RCC_SetFlashLatencyFromMSIRange        0x08001e14   Section        0  stm32l1xx_hal_rcc.o(i.RCC_SetFlashLatencyFromMSIRange)
    RCC_SetFlashLatencyFromMSIRange          0x08001e15   Thumb Code   112  stm32l1xx_hal_rcc.o(i.RCC_SetFlashLatencyFromMSIRange)
    i.RxChainCalibration                     0x08001e8c   Section        0  sx1276.o(i.RxChainCalibration)
    RxChainCalibration                       0x08001e8d   Thumb Code   138  sx1276.o(i.RxChainCalibration)
    i.SPI_WaitOnFlagUntilTimeout             0x08001f20   Section        0  stm32l1xx_hal_spi.o(i.SPI_WaitOnFlagUntilTimeout)
    SPI_WaitOnFlagUntilTimeout               0x08001f21   Thumb Code   158  stm32l1xx_hal_spi.o(i.SPI_WaitOnFlagUntilTimeout)
    i.SVC_Handler                            0x08001fbe   Section        0  stm32l1xx_it.o(i.SVC_Handler)
    i.SX1276BoardInit                        0x08001fc0   Section        0  sx1276-board.o(i.SX1276BoardInit)
    i.SX1276CheckRfFrequency                 0x08001fc4   Section        0  sx1276-board.o(i.SX1276CheckRfFrequency)
    i.SX1276GetPaSelect                      0x08001fc8   Section        0  sx1276-board.o(i.SX1276GetPaSelect)
    i.SX1276GetStatus                        0x08001fdc   Section        0  sx1276.o(i.SX1276GetStatus)
    i.SX1276GetTimeOnAir                     0x08001fe8   Section        0  sx1276.o(i.SX1276GetTimeOnAir)
    i.SX1276GetVersion                       0x080021dc   Section        0  sx1276.o(i.SX1276GetVersion)
    i.SX1276Init                             0x080021e4   Section        0  sx1276.o(i.SX1276Init)
    i.SX1276IoInit                           0x08002270   Section        0  sx1276-board.o(i.SX1276IoInit)
    i.SX1276IoIrqInit                        0x080022a4   Section        0  sx1276-board.o(i.SX1276IoIrqInit)
    i.SX1276IsChannelFree                    0x080022ce   Section        0  sx1276.o(i.SX1276IsChannelFree)
    i.SX1276OnDio0Irq                        0x0800231c   Section        0  sx1276.o(i.SX1276OnDio0Irq)
    i.SX1276OnDio1Irq                        0x0800256c   Section        0  sx1276.o(i.SX1276OnDio1Irq)
    i.SX1276OnDio2Irq                        0x08002644   Section        0  sx1276.o(i.SX1276OnDio2Irq)
    i.SX1276OnDio3Irq                        0x08002708   Section        0  sx1276.o(i.SX1276OnDio3Irq)
    i.SX1276OnDio4Irq                        0x08002760   Section        0  sx1276.o(i.SX1276OnDio4Irq)
    i.SX1276OnTimeoutIrq                     0x0800277c   Section        0  sx1276.o(i.SX1276OnTimeoutIrq)
    i.SX1276Random                           0x08002858   Section        0  sx1276.o(i.SX1276Random)
    i.SX1276Read                             0x08002896   Section        0  sx1276.o(i.SX1276Read)
    i.SX1276ReadBuffer                       0x080028a6   Section        0  sx1276.o(i.SX1276ReadBuffer)
    i.SX1276ReadFifo                         0x080028da   Section        0  sx1276.o(i.SX1276ReadFifo)
    i.SX1276ReadRssi                         0x080028e4   Section        0  sx1276.o(i.SX1276ReadRssi)
    i.SX1276Send                             0x08002924   Section        0  sx1276.o(i.SX1276Send)
    i.SX1276SetAntSw                         0x08002a18   Section        0  sx1276-board.o(i.SX1276SetAntSw)
    i.SX1276SetAntSwLowPower                 0x08002a28   Section        0  sx1276-board.o(i.SX1276SetAntSwLowPower)
    i.SX1276SetChannel                       0x08002a48   Section        0  sx1276.o(i.SX1276SetChannel)
    i.SX1276SetMaxPayloadLength              0x08002a88   Section        0  sx1276.o(i.SX1276SetMaxPayloadLength)
    i.SX1276SetModem                         0x08002abc   Section        0  sx1276.o(i.SX1276SetModem)
    i.SX1276SetOpMode                        0x08002b30   Section        0  sx1276.o(i.SX1276SetOpMode)
    i.SX1276SetPublicNetwork                 0x08002b60   Section        0  sx1276.o(i.SX1276SetPublicNetwork)
    i.SX1276SetReset                         0x08002b88   Section        0  sx1276-board.o(i.SX1276SetReset)
    i.SX1276SetRfTxPower                     0x08002ba8   Section        0  sx1276-board.o(i.SX1276SetRfTxPower)
    i.SX1276SetRx                            0x08002c48   Section        0  sx1276.o(i.SX1276SetRx)
    i.SX1276SetRxConfig                      0x08002e38   Section        0  sx1276.o(i.SX1276SetRxConfig)
    i.SX1276SetSleep                         0x080030dc   Section        0  sx1276.o(i.SX1276SetSleep)
    i.SX1276SetStby                          0x08003104   Section        0  sx1276.o(i.SX1276SetStby)
    i.SX1276SetTx                            0x0800312c   Section        0  sx1276.o(i.SX1276SetTx)
    i.SX1276SetTxConfig                      0x080031d0   Section        0  sx1276.o(i.SX1276SetTxConfig)
    i.SX1276SetTxContinuousWave              0x080033e4   Section        0  sx1276.o(i.SX1276SetTxContinuousWave)
    i.SX1276StartCad                         0x08003468   Section        0  sx1276.o(i.SX1276StartCad)
    i.SX1276Write                            0x080034a4   Section        0  sx1276.o(i.SX1276Write)
    i.SX1276WriteBuffer                      0x080034b0   Section        0  sx1276.o(i.SX1276WriteBuffer)
    i.SX1276WriteFifo                        0x080034e2   Section        0  sx1276.o(i.SX1276WriteFifo)
    i.SpiSetNss                              0x080034ec   Section        0  sx1276-board.o(i.SpiSetNss)
    i.SpiTransfer                            0x080034f0   Section        0  sx1276-board.o(i.SpiTransfer)
    i.SysTick_Handler                        0x080034f4   Section        0  stm32l1xx_it.o(i.SysTick_Handler)
    i.SystemClock_Config                     0x08003508   Section        0  init.o(i.SystemClock_Config)
    SystemClock_Config                       0x08003509   Thumb Code   136  init.o(i.SystemClock_Config)
    i.SystemInit                             0x08003598   Section        0  system_stm32l1xx.o(i.SystemInit)
    i.SystemInitialize                       0x080035e8   Section        0  init.o(i.SystemInitialize)
    i.TimerListInsert                        0x080035fc   Section        0  timer.o(i.TimerListInsert)
    TimerListInsert                          0x080035fd   Thumb Code    60  timer.o(i.TimerListInsert)
    i.TimerListTimerReset                    0x08003650   Section        0  timer.o(i.TimerListTimerReset)
    TimerListTimerReset                      0x08003651   Thumb Code    26  timer.o(i.TimerListTimerReset)
    i.UART_SetConfig                         0x08003670   Section        0  stm32l1xx_hal_uart.o(i.UART_SetConfig)
    UART_SetConfig                           0x08003671   Thumb Code   666  stm32l1xx_hal_uart.o(i.UART_SetConfig)
    i.UART_WaitOnFlagUntilTimeout            0x08003910   Section        0  stm32l1xx_hal_uart.o(i.UART_WaitOnFlagUntilTimeout)
    UART_WaitOnFlagUntilTimeout              0x08003911   Thumb Code   146  stm32l1xx_hal_uart.o(i.UART_WaitOnFlagUntilTimeout)
    i.USART1_Init                            0x080039a4   Section        0  init.o(i.USART1_Init)
    i.UsageFault_Handler                     0x08003a20   Section        0  stm32l1xx_it.o(i.UsageFault_Handler)
    i.__0printf$5                            0x08003a24   Section        0  printf5.o(i.__0printf$5)
    i.__scatterload_copy                     0x08003a44   Section       14  handlers.o(i.__scatterload_copy)
    i.__scatterload_null                     0x08003a52   Section        2  handlers.o(i.__scatterload_null)
    i.__scatterload_zeroinit                 0x08003a54   Section       14  handlers.o(i.__scatterload_zeroinit)
    i._printf_core                           0x08003a64   Section        0  printf5.o(i._printf_core)
    _printf_core                             0x08003a65   Thumb Code   658  printf5.o(i._printf_core)
    i.ceil                                   0x08003d24   Section        0  ceil.o(i.ceil)
    i.delay                                  0x08003e00   Section        0  hal_interface.o(i.delay)
    i.floor                                  0x08003e04   Section        0  floor.o(i.floor)
    i.fputc                                  0x08003ee0   Section        0  init.o(i.fputc)
    i.getH                                   0x08003ef8   Section        0  main.o(i.getH)
    i.getT                                   0x08003f0e   Section        0  main.o(i.getT)
    i.intoyunTimerChangePeriod               0x08003f24   Section        0  timer.o(i.intoyunTimerChangePeriod)
    i.intoyunTimerLoop                       0x08003f40   Section        0  timer.o(i.intoyunTimerLoop)
    i.intoyunTimerRegister                   0x08003f7c   Section        0  timer.o(i.intoyunTimerRegister)
    i.intoyunTimerReset                      0x08003fe0   Section        0  timer.o(i.intoyunTimerReset)
    i.intoyunTimerStart                      0x08003fe4   Section        0  timer.o(i.intoyunTimerStart)
    i.intoyunTimerStop                       0x0800400c   Section        0  timer.o(i.intoyunTimerStop)
    i.main                                   0x0800402c   Section        0  main.o(i.main)
    i.malloc                                 0x08004158   Section        0  malloc.o(i.malloc)
    i.memcpy1                                0x080041c4   Section        0  sx1276.o(i.memcpy1)
    i.millis                                 0x080041d8   Section        0  hal_interface.o(i.millis)
    i.round                                  0x080041dc   Section        0  round.o(i.round)
    .constdata                               0x08004270   Section       25  system_stm32l1xx.o(.constdata)
    .constdata                               0x08004289   Section        8  system_stm32l1xx.o(.constdata)
    .constdata                               0x08004294   Section      224  sx1276.o(.constdata)
    .constdata                               0x08004374   Section       92  sx1276-board.o(.constdata)
    .constdata                               0x080043d0   Section       24  timer.o(.constdata)
    .data                                    0x20000000   Section       15  main.o(.data)
    bufferSize                               0x20000006   Data           2  main.o(.data)
    buffer                                   0x2000000a   Data           5  main.o(.data)
    .data                                    0x20000010   Section       16  hal_interface.o(.data)
    dio0Irq                                  0x20000010   Data           4  hal_interface.o(.data)
    dio1Irq                                  0x20000014   Data           4  hal_interface.o(.data)
    dio2Irq                                  0x20000018   Data           4  hal_interface.o(.data)
    dio3Irq                                  0x2000001c   Data           4  hal_interface.o(.data)
    .data                                    0x20000020   Section        4  system_stm32l1xx.o(.data)
    .data                                    0x20000024   Section        4  stm32l1xx_hal.o(.data)
    .data                                    0x20000028   Section       28  sx1276.o(.data)
    RadioEvents                              0x20000028   Data           4  sx1276.o(.data)
    .data                                    0x20000044   Section        1  sx1276-board.o(.data)
    RadioIsActive                            0x20000044   Data           1  sx1276-board.o(.data)
    .data                                    0x20000048   Section        8  timer.o(.data)
    timerListInitFlag                        0x20000048   Data           1  timer.o(.data)
    timerListHead                            0x2000004c   Data           4  timer.o(.data)
    .data                                    0x20000050   Section        4  rand.o(.data)
    _rand_state                              0x20000050   Data           4  rand.o(.data)
    .data                                    0x20000054   Section        4  stdout.o(.data)
    .data                                    0x20000058   Section        4  mvars.o(.data)
    .data                                    0x2000005c   Section        4  mvars.o(.data)
    .bss                                     0x20000060   Section       28  main.o(.bss)
    RadioEvents                              0x20000060   Data          28  main.o(.bss)
    .bss                                     0x2000007c   Section       88  hal_interface.o(.bss)
    spiHandle                                0x2000007c   Data          88  hal_interface.o(.bss)
    .bss                                     0x200000d4   Section       64  init.o(.bss)
    huart1                                   0x200000d4   Data          64  init.o(.bss)
    .bss                                     0x20000114   Section      376  sx1276.o(.bss)
    RxTxBuffer                               0x20000114   Data         256  sx1276.o(.bss)
    HEAP                                     0x20000290   Section     1024  startup_stm32l151xb.o(HEAP)
    STACK                                    0x20000690   Section      512  startup_stm32l151xb.o(STACK)

    Global Symbols

    Symbol Name                              Value     Ov Type        Size  Object(Section)

    BuildAttributes$$THM_ISAv4$P$D$K$B$S$PE$A:L22UL41UL21$X:L11$S22US41US21$IEEE1$IW$USESV6$~STKCKD$USESV7$~SHL$OTIME$ROPI$IEEEJ$EBA8$MICROLIB$REQ8$PRES8$EABIv2 0x00000000   Number         0  anon$$obj.o ABSOLUTE
    __ARM_use_no_argv                        0x00000000   Number         0  main.o ABSOLUTE
    _printf_a                                0x00000000   Number         0  stubs.o ABSOLUTE
    _printf_c                                0x00000000   Number         0  stubs.o ABSOLUTE
    _printf_charcount                        0x00000000   Number         0  stubs.o ABSOLUTE
    _printf_d                                0x00000000   Number         0  stubs.o ABSOLUTE
    _printf_e                                0x00000000   Number         0  stubs.o ABSOLUTE
    _printf_f                                0x00000000   Number         0  stubs.o ABSOLUTE
    _printf_flags                            0x00000000   Number         0  stubs.o ABSOLUTE
    _printf_fp_dec                           0x00000000   Number         0  stubs.o ABSOLUTE
    _printf_fp_hex                           0x00000000   Number         0  stubs.o ABSOLUTE
    _printf_g                                0x00000000   Number         0  stubs.o ABSOLUTE
    _printf_i                                0x00000000   Number         0  stubs.o ABSOLUTE
    _printf_int_dec                          0x00000000   Number         0  stubs.o ABSOLUTE
    _printf_l                                0x00000000   Number         0  stubs.o ABSOLUTE
    _printf_lc                               0x00000000   Number         0  stubs.o ABSOLUTE
    _printf_ll                               0x00000000   Number         0  stubs.o ABSOLUTE
    _printf_lld                              0x00000000   Number         0  stubs.o ABSOLUTE
    _printf_lli                              0x00000000   Number         0  stubs.o ABSOLUTE
    _printf_llo                              0x00000000   Number         0  stubs.o ABSOLUTE
    _printf_llu                              0x00000000   Number         0  stubs.o ABSOLUTE
    _printf_llx                              0x00000000   Number         0  stubs.o ABSOLUTE
    _printf_longlong_dec                     0x00000000   Number         0  stubs.o ABSOLUTE
    _printf_longlong_hex                     0x00000000   Number         0  stubs.o ABSOLUTE
    _printf_longlong_oct                     0x00000000   Number         0  stubs.o ABSOLUTE
    _printf_ls                               0x00000000   Number         0  stubs.o ABSOLUTE
    _printf_mbtowc                           0x00000000   Number         0  stubs.o ABSOLUTE
    _printf_n                                0x00000000   Number         0  stubs.o ABSOLUTE
    _printf_o                                0x00000000   Number         0  stubs.o ABSOLUTE
    _printf_p                                0x00000000   Number         0  stubs.o ABSOLUTE
    _printf_percent                          0x00000000   Number         0  stubs.o ABSOLUTE
    _printf_pre_padding                      0x00000000   Number         0  stubs.o ABSOLUTE
    _printf_return_value                     0x00000000   Number         0  stubs.o ABSOLUTE
    _printf_s                                0x00000000   Number         0  stubs.o ABSOLUTE
    _printf_sizespec                         0x00000000   Number         0  stubs.o ABSOLUTE
    _printf_str                              0x00000000   Number         0  stubs.o ABSOLUTE
    _printf_truncate_signed                  0x00000000   Number         0  stubs.o ABSOLUTE
    _printf_truncate_unsigned                0x00000000   Number         0  stubs.o ABSOLUTE
    _printf_u                                0x00000000   Number         0  stubs.o ABSOLUTE
    _printf_wc                               0x00000000   Number         0  stubs.o ABSOLUTE
    _printf_wctomb                           0x00000000   Number         0  stubs.o ABSOLUTE
    _printf_widthprec                        0x00000000   Number         0  stubs.o ABSOLUTE
    _printf_x                                0x00000000   Number         0  stubs.o ABSOLUTE
    __cpp_initialize__aeabi_                  - Undefined Weak Reference
    __cxa_finalize                            - Undefined Weak Reference
    __decompress                              - Undefined Weak Reference
    _clock_init                               - Undefined Weak Reference
    _microlib_exit                            - Undefined Weak Reference
    __Vectors_Size                           0x000000f4   Number         0  startup_stm32l151xb.o ABSOLUTE
    __Vectors                                0x08000000   Data           4  startup_stm32l151xb.o(RESET)
    __Vectors_End                            0x080000f4   Data           0  startup_stm32l151xb.o(RESET)
    __main                                   0x080000f5   Thumb Code     0  entry.o(.ARM.Collect$$$$00000000)
    _main_stk                                0x080000f5   Thumb Code     0  entry2.o(.ARM.Collect$$$$00000001)
    _main_scatterload                        0x080000f9   Thumb Code     0  entry5.o(.ARM.Collect$$$$00000004)
    __main_after_scatterload                 0x080000fd   Thumb Code     0  entry5.o(.ARM.Collect$$$$00000004)
    _main_clock                              0x080000fd   Thumb Code     0  entry7b.o(.ARM.Collect$$$$00000008)
    _main_cpp_init                           0x080000fd   Thumb Code     0  entry8b.o(.ARM.Collect$$$$0000000A)
    _main_init                               0x080000fd   Thumb Code     0  entry9a.o(.ARM.Collect$$$$0000000B)
    __rt_final_cpp                           0x08000105   Thumb Code     0  entry10a.o(.ARM.Collect$$$$0000000D)
    __rt_final_exit                          0x08000105   Thumb Code     0  entry11a.o(.ARM.Collect$$$$0000000F)
    Reset_Handler                            0x08000109   Thumb Code     8  startup_stm32l151xb.o(.text)
    ADC1_IRQHandler                          0x08000123   Thumb Code     0  startup_stm32l151xb.o(.text)
    COMP_IRQHandler                          0x08000123   Thumb Code     0  startup_stm32l151xb.o(.text)
    DAC_IRQHandler                           0x08000123   Thumb Code     0  startup_stm32l151xb.o(.text)
    DMA1_Channel1_IRQHandler                 0x08000123   Thumb Code     0  startup_stm32l151xb.o(.text)
    DMA1_Channel2_IRQHandler                 0x08000123   Thumb Code     0  startup_stm32l151xb.o(.text)
    DMA1_Channel3_IRQHandler                 0x08000123   Thumb Code     0  startup_stm32l151xb.o(.text)
    DMA1_Channel4_IRQHandler                 0x08000123   Thumb Code     0  startup_stm32l151xb.o(.text)
    DMA1_Channel5_IRQHandler                 0x08000123   Thumb Code     0  startup_stm32l151xb.o(.text)
    DMA1_Channel6_IRQHandler                 0x08000123   Thumb Code     0  startup_stm32l151xb.o(.text)
    DMA1_Channel7_IRQHandler                 0x08000123   Thumb Code     0  startup_stm32l151xb.o(.text)
    FLASH_IRQHandler                         0x08000123   Thumb Code     0  startup_stm32l151xb.o(.text)
    I2C1_ER_IRQHandler                       0x08000123   Thumb Code     0  startup_stm32l151xb.o(.text)
    I2C1_EV_IRQHandler                       0x08000123   Thumb Code     0  startup_stm32l151xb.o(.text)
    I2C2_ER_IRQHandler                       0x08000123   Thumb Code     0  startup_stm32l151xb.o(.text)
    I2C2_EV_IRQHandler                       0x08000123   Thumb Code     0  startup_stm32l151xb.o(.text)
    PVD_IRQHandler                           0x08000123   Thumb Code     0  startup_stm32l151xb.o(.text)
    RCC_IRQHandler                           0x08000123   Thumb Code     0  startup_stm32l151xb.o(.text)
    RTC_Alarm_IRQHandler                     0x08000123   Thumb Code     0  startup_stm32l151xb.o(.text)
    RTC_WKUP_IRQHandler                      0x08000123   Thumb Code     0  startup_stm32l151xb.o(.text)
    SPI1_IRQHandler                          0x08000123   Thumb Code     0  startup_stm32l151xb.o(.text)
    SPI2_IRQHandler                          0x08000123   Thumb Code     0  startup_stm32l151xb.o(.text)
    TAMPER_STAMP_IRQHandler                  0x08000123   Thumb Code     0  startup_stm32l151xb.o(.text)
    TIM10_IRQHandler                         0x08000123   Thumb Code     0  startup_stm32l151xb.o(.text)
    TIM11_IRQHandler                         0x08000123   Thumb Code     0  startup_stm32l151xb.o(.text)
    TIM2_IRQHandler                          0x08000123   Thumb Code     0  startup_stm32l151xb.o(.text)
    TIM3_IRQHandler                          0x08000123   Thumb Code     0  startup_stm32l151xb.o(.text)
    TIM4_IRQHandler                          0x08000123   Thumb Code     0  startup_stm32l151xb.o(.text)
    TIM6_IRQHandler                          0x08000123   Thumb Code     0  startup_stm32l151xb.o(.text)
    TIM7_IRQHandler                          0x08000123   Thumb Code     0  startup_stm32l151xb.o(.text)
    TIM9_IRQHandler                          0x08000123   Thumb Code     0  startup_stm32l151xb.o(.text)
    USART1_IRQHandler                        0x08000123   Thumb Code     0  startup_stm32l151xb.o(.text)
    USART2_IRQHandler                        0x08000123   Thumb Code     0  startup_stm32l151xb.o(.text)
    USART3_IRQHandler                        0x08000123   Thumb Code     0  startup_stm32l151xb.o(.text)
    USB_FS_WKUP_IRQHandler                   0x08000123   Thumb Code     0  startup_stm32l151xb.o(.text)
    USB_HP_IRQHandler                        0x08000123   Thumb Code     0  startup_stm32l151xb.o(.text)
    USB_LP_IRQHandler                        0x08000123   Thumb Code     0  startup_stm32l151xb.o(.text)
    WWDG_IRQHandler                          0x08000123   Thumb Code     0  startup_stm32l151xb.o(.text)
    rand                                     0x0800012d   Thumb Code    20  rand.o(.text)
    srand                                    0x08000141   Thumb Code     6  rand.o(.text)
    __aeabi_memcpy                           0x08000151   Thumb Code    36  memcpya.o(.text)
    __aeabi_memcpy4                          0x08000151   Thumb Code     0  memcpya.o(.text)
    __aeabi_memcpy8                          0x08000151   Thumb Code     0  memcpya.o(.text)
    __aeabi_memset                           0x08000175   Thumb Code    14  memseta.o(.text)
    __aeabi_memset4                          0x08000175   Thumb Code     0  memseta.o(.text)
    __aeabi_memset8                          0x08000175   Thumb Code     0  memseta.o(.text)
    __aeabi_memclr                           0x08000183   Thumb Code     4  memseta.o(.text)
    __aeabi_memclr4                          0x08000183   Thumb Code     0  memseta.o(.text)
    __aeabi_memclr8                          0x08000183   Thumb Code     0  memseta.o(.text)
    _memset$wrapper                          0x08000187   Thumb Code    18  memseta.o(.text)
    __aeabi_dadd                             0x08000199   Thumb Code   322  dadd.o(.text)
    __aeabi_dsub                             0x080002db   Thumb Code     6  dadd.o(.text)
    __aeabi_drsub                            0x080002e1   Thumb Code     6  dadd.o(.text)
    __aeabi_dmul                             0x080002e7   Thumb Code   228  dmul.o(.text)
    __aeabi_ddiv                             0x080003cb   Thumb Code   222  ddiv.o(.text)
    __ARM_scalbn                             0x080004a9   Thumb Code    46  dscalb.o(.text)
    scalbn                                   0x080004a9   Thumb Code     0  dscalb.o(.text)
    __aeabi_i2d                              0x080004d7   Thumb Code    34  dflti.o(.text)
    __aeabi_ui2d                             0x080004f9   Thumb Code    26  dfltui.o(.text)
    __aeabi_d2iz                             0x08000513   Thumb Code    62  dfixi.o(.text)
    __aeabi_d2uiz                            0x08000551   Thumb Code    50  dfixui.o(.text)
    __aeabi_cdrcmple                         0x08000585   Thumb Code    48  cdrcmple.o(.text)
    __aeabi_uldivmod                         0x080005b5   Thumb Code    98  uldiv.o(.text)
    __aeabi_llsl                             0x08000617   Thumb Code    30  llshl.o(.text)
    _ll_shift_l                              0x08000617   Thumb Code     0  llshl.o(.text)
    __aeabi_llsr                             0x08000635   Thumb Code    32  llushr.o(.text)
    _ll_ushift_r                             0x08000635   Thumb Code     0  llushr.o(.text)
    __aeabi_lasr                             0x08000655   Thumb Code    36  llsshr.o(.text)
    _ll_sshift_r                             0x08000655   Thumb Code     0  llsshr.o(.text)
    __I$use$fp                               0x08000679   Thumb Code     0  iusefp.o(.text)
    _double_round                            0x08000679   Thumb Code    30  depilogue.o(.text)
    _double_epilogue                         0x08000697   Thumb Code   156  depilogue.o(.text)
    _drnd                                    0x08000735   Thumb Code   132  drnd.o(.text)
    __aeabi_cdcmpeq                          0x080007bd   Thumb Code     0  cdcmple.o(.text)
    __aeabi_cdcmple                          0x080007bd   Thumb Code    48  cdcmple.o(.text)
    __scatterload                            0x080007ed   Thumb Code    28  init.o(.text)
    __scatterload_rt2                        0x080007ed   Thumb Code     0  init.o(.text)
    BusFault_Handler                         0x08000811   Thumb Code     2  stm32l1xx_it.o(i.BusFault_Handler)
    DTH11_test                               0x08000813   Thumb Code     8  dth11.o(i.DTH11_test)
    DebugMon_Handler                         0x0800081b   Thumb Code     2  stm32l1xx_it.o(i.DebugMon_Handler)
    EXTI0_IRQHandler                         0x0800081d   Thumb Code     6  stm32l1xx_it.o(i.EXTI0_IRQHandler)
    EXTI15_10_IRQHandler                     0x08000823   Thumb Code     8  stm32l1xx_it.o(i.EXTI15_10_IRQHandler)
    EXTI1_IRQHandler                         0x0800082b   Thumb Code     6  stm32l1xx_it.o(i.EXTI1_IRQHandler)
    EXTI2_IRQHandler                         0x08000831   Thumb Code     2  stm32l1xx_it.o(i.EXTI2_IRQHandler)
    EXTI3_IRQHandler                         0x08000833   Thumb Code     2  stm32l1xx_it.o(i.EXTI3_IRQHandler)
    EXTI4_IRQHandler                         0x08000835   Thumb Code     2  stm32l1xx_it.o(i.EXTI4_IRQHandler)
    EXTI9_5_IRQHandler                       0x08000837   Thumb Code     6  stm32l1xx_it.o(i.EXTI9_5_IRQHandler)
    HAL_Delay                                0x08000869   Thumb Code    22  stm32l1xx_hal.o(i.HAL_Delay)
    HAL_GPIO_EXTI_Callback                   0x08000881   Thumb Code    50  hal_interface.o(i.HAL_GPIO_EXTI_Callback)
    HAL_GPIO_EXTI_IRQHandler                 0x080008b9   Thumb Code    18  stm32l1xx_hal_gpio.o(i.HAL_GPIO_EXTI_IRQHandler)
    HAL_GPIO_Init                            0x080008d1   Thumb Code   364  stm32l1xx_hal_gpio.o(i.HAL_GPIO_Init)
    HAL_GPIO_WritePin                        0x08000a5d   Thumb Code    10  stm32l1xx_hal_gpio.o(i.HAL_GPIO_WritePin)
    HAL_GetTick                              0x08000a69   Thumb Code     6  stm32l1xx_hal.o(i.HAL_GetTick)
    HAL_IncTick                              0x08000a75   Thumb Code    10  stm32l1xx_hal.o(i.HAL_IncTick)
    HAL_Init                                 0x08000a85   Thumb Code    22  stm32l1xx_hal.o(i.HAL_Init)
    HAL_InitTick                             0x08000a9d   Thumb Code    34  stm32l1xx_hal.o(i.HAL_InitTick)
    HAL_MspInit                              0x08000ac5   Thumb Code     2  stm32l1xx_hal_msp_template.o(i.HAL_MspInit)
    HAL_NVIC_EnableIRQ                       0x08000ac7   Thumb Code    22  stm32l1xx_hal_cortex.o(i.HAL_NVIC_EnableIRQ)
    HAL_NVIC_SetPriority                     0x08000add   Thumb Code    60  stm32l1xx_hal_cortex.o(i.HAL_NVIC_SetPriority)
    HAL_NVIC_SetPriorityGrouping             0x08000b1d   Thumb Code    26  stm32l1xx_hal_cortex.o(i.HAL_NVIC_SetPriorityGrouping)
    HAL_PWREx_GetVoltageRange                0x08000b41   Thumb Code    10  stm32l1xx_hal_pwr_ex.o(i.HAL_PWREx_GetVoltageRange)
    HAL_RCC_ClockConfig                      0x08000b51   Thumb Code   450  stm32l1xx_hal_rcc.o(i.HAL_RCC_ClockConfig)
    HAL_RCC_GetPCLK1Freq                     0x08000d25   Thumb Code    34  stm32l1xx_hal_rcc.o(i.HAL_RCC_GetPCLK1Freq)
    HAL_RCC_GetPCLK2Freq                     0x08000d55   Thumb Code    34  stm32l1xx_hal_rcc.o(i.HAL_RCC_GetPCLK2Freq)
    HAL_RCC_GetSysClockFreq                  0x08000d85   Thumb Code   122  stm32l1xx_hal_rcc.o(i.HAL_RCC_GetSysClockFreq)
    HAL_RCC_OscConfig                        0x08000e11   Thumb Code  1860  stm32l1xx_hal_rcc.o(i.HAL_RCC_OscConfig)
    HAL_SPI_Init                             0x08001561   Thumb Code   122  stm32l1xx_hal_spi_ex.o(i.HAL_SPI_Init)
    HAL_SPI_MspInit                          0x080015db   Thumb Code     2  stm32l1xx_hal_spi.o(i.HAL_SPI_MspInit)
    HAL_SPI_TransmitReceive                  0x080015dd   Thumb Code   690  stm32l1xx_hal_spi.o(i.HAL_SPI_TransmitReceive)
    HAL_SYSTICK_Config                       0x0800188f   Thumb Code    40  stm32l1xx_hal_cortex.o(i.HAL_SYSTICK_Config)
    HAL_UART_Init                            0x080018b7   Thumb Code    94  stm32l1xx_hal_uart.o(i.HAL_UART_Init)
    HAL_UART_MspInit                         0x08001915   Thumb Code     2  stm32l1xx_hal_uart.o(i.HAL_UART_MspInit)
    HAL_UART_Transmit                        0x08001919   Thumb Code   204  stm32l1xx_hal_uart.o(i.HAL_UART_Transmit)
    HalAttachInterrupt                       0x080019e5   Thumb Code    64  hal_interface.o(i.HalAttachInterrupt)
    HalPinInit                               0x08001a29   Thumb Code   230  hal_interface.o(i.HalPinInit)
    HalSpiTransmit                           0x08001bb9   Thumb Code    34  hal_interface.o(i.HalSpiTransmit)
    HalSpiWriteNss                           0x08001be1   Thumb Code    20  hal_interface.o(i.HalSpiWriteNss)
    HalWriteReset                            0x08001bf9   Thumb Code    58  hal_interface.o(i.HalWriteReset)
    HalWriteRxTx                             0x08001c39   Thumb Code    20  hal_interface.o(i.HalWriteRxTx)
    HardFault_Handler                        0x08001c51   Thumb Code     2  stm32l1xx_it.o(i.HardFault_Handler)
    LED_GPIO_Init                            0x08001c55   Thumb Code    94  main.o(i.LED_GPIO_Init)
    LedBlink                                 0x08001cbd   Thumb Code    28  main.o(i.LedBlink)
    MemManage_Handler                        0x08001ce1   Thumb Code     2  stm32l1xx_it.o(i.MemManage_Handler)
    NMI_Handler                              0x08001ce3   Thumb Code     2  stm32l1xx_it.o(i.NMI_Handler)
    OnRxDone                                 0x08001d05   Thumb Code    92  main.o(i.OnRxDone)
    OnRxError                                0x08001d95   Thumb Code     6  main.o(i.OnRxError)
    OnRxTimeout                              0x08001da9   Thumb Code     6  main.o(i.OnRxTimeout)
    OnTxDone                                 0x08001dc1   Thumb Code    22  main.o(i.OnTxDone)
    OnTxTimeout                              0x08001de9   Thumb Code    18  main.o(i.OnTxTimeout)
    PendSV_Handler                           0x08001e11   Thumb Code     2  stm32l1xx_it.o(i.PendSV_Handler)
    SVC_Handler                              0x08001fbf   Thumb Code     2  stm32l1xx_it.o(i.SVC_Handler)
    SX1276BoardInit                          0x08001fc1   Thumb Code     4  sx1276-board.o(i.SX1276BoardInit)
    SX1276CheckRfFrequency                   0x08001fc5   Thumb Code     4  sx1276-board.o(i.SX1276CheckRfFrequency)
    SX1276GetPaSelect                        0x08001fc9   Thumb Code    14  sx1276-board.o(i.SX1276GetPaSelect)
    SX1276GetStatus                          0x08001fdd   Thumb Code     6  sx1276.o(i.SX1276GetStatus)
    SX1276GetTimeOnAir                       0x08001fe9   Thumb Code   458  sx1276.o(i.SX1276GetTimeOnAir)
    SX1276GetVersion                         0x080021dd   Thumb Code     6  sx1276.o(i.SX1276GetVersion)
    SX1276Init                               0x080021e5   Thumb Code   118  sx1276.o(i.SX1276Init)
    SX1276IoInit                             0x08002271   Thumb Code    48  sx1276-board.o(i.SX1276IoInit)
    SX1276IoIrqInit                          0x080022a5   Thumb Code    42  sx1276-board.o(i.SX1276IoIrqInit)
    SX1276IsChannelFree                      0x080022cf   Thumb Code    78  sx1276.o(i.SX1276IsChannelFree)
    SX1276OnDio0Irq                          0x0800231d   Thumb Code   572  sx1276.o(i.SX1276OnDio0Irq)
    SX1276OnDio1Irq                          0x0800256d   Thumb Code   204  sx1276.o(i.SX1276OnDio1Irq)
    SX1276OnDio2Irq                          0x08002645   Thumb Code   180  sx1276.o(i.SX1276OnDio2Irq)
    SX1276OnDio3Irq                          0x08002709   Thumb Code    80  sx1276.o(i.SX1276OnDio3Irq)
    SX1276OnDio4Irq                          0x08002761   Thumb Code    24  sx1276.o(i.SX1276OnDio4Irq)
    SX1276OnTimeoutIrq                       0x0800277d   Thumb Code   204  sx1276.o(i.SX1276OnTimeoutIrq)
    SX1276Random                             0x08002859   Thumb Code    62  sx1276.o(i.SX1276Random)
    SX1276Read                               0x08002897   Thumb Code    16  sx1276.o(i.SX1276Read)
    SX1276ReadBuffer                         0x080028a7   Thumb Code    52  sx1276.o(i.SX1276ReadBuffer)
    SX1276ReadFifo                           0x080028db   Thumb Code    10  sx1276.o(i.SX1276ReadFifo)
    SX1276ReadRssi                           0x080028e5   Thumb Code    56  sx1276.o(i.SX1276ReadRssi)
    SX1276Send                               0x08002925   Thumb Code   234  sx1276.o(i.SX1276Send)
    SX1276SetAntSw                           0x08002a19   Thumb Code    16  sx1276-board.o(i.SX1276SetAntSw)
    SX1276SetAntSwLowPower                   0x08002a29   Thumb Code    26  sx1276-board.o(i.SX1276SetAntSwLowPower)
    SX1276SetChannel                         0x08002a49   Thumb Code    56  sx1276.o(i.SX1276SetChannel)
    SX1276SetMaxPayloadLength                0x08002a89   Thumb Code    46  sx1276.o(i.SX1276SetMaxPayloadLength)
    SX1276SetModem                           0x08002abd   Thumb Code   110  sx1276.o(i.SX1276SetModem)
    SX1276SetOpMode                          0x08002b31   Thumb Code    48  sx1276.o(i.SX1276SetOpMode)
    SX1276SetPublicNetwork                   0x08002b61   Thumb Code    34  sx1276.o(i.SX1276SetPublicNetwork)
    SX1276SetReset                           0x08002b89   Thumb Code    30  sx1276-board.o(i.SX1276SetReset)
    SX1276SetRfTxPower                       0x08002ba9   Thumb Code   156  sx1276-board.o(i.SX1276SetRfTxPower)
    SX1276SetRx                              0x08002c49   Thumb Code   484  sx1276.o(i.SX1276SetRx)
    SX1276SetRxConfig                        0x08002e39   Thumb Code   654  sx1276.o(i.SX1276SetRxConfig)
    SX1276SetSleep                           0x080030dd   Thumb Code    30  sx1276.o(i.SX1276SetSleep)
    SX1276SetStby                            0x08003105   Thumb Code    30  sx1276.o(i.SX1276SetStby)
    SX1276SetTx                              0x0800312d   Thumb Code   154  sx1276.o(i.SX1276SetTx)
    SX1276SetTxConfig                        0x080031d1   Thumb Code   518  sx1276.o(i.SX1276SetTxConfig)
    SX1276SetTxContinuousWave                0x080033e5   Thumb Code   122  sx1276.o(i.SX1276SetTxContinuousWave)
    SX1276StartCad                           0x08003469   Thumb Code    54  sx1276.o(i.SX1276StartCad)
    SX1276Write                              0x080034a5   Thumb Code    12  sx1276.o(i.SX1276Write)
    SX1276WriteBuffer                        0x080034b1   Thumb Code    50  sx1276.o(i.SX1276WriteBuffer)
    SX1276WriteFifo                          0x080034e3   Thumb Code    10  sx1276.o(i.SX1276WriteFifo)
    SpiSetNss                                0x080034ed   Thumb Code     4  sx1276-board.o(i.SpiSetNss)
    SpiTransfer                              0x080034f1   Thumb Code     4  sx1276-board.o(i.SpiTransfer)
    SysTick_Handler                          0x080034f5   Thumb Code    16  stm32l1xx_it.o(i.SysTick_Handler)
    SystemInit                               0x08003599   Thumb Code    62  system_stm32l1xx.o(i.SystemInit)
    SystemInitialize                         0x080035e9   Thumb Code    18  init.o(i.SystemInitialize)
    USART1_Init                              0x080039a5   Thumb Code   108  init.o(i.USART1_Init)
    UsageFault_Handler                       0x08003a21   Thumb Code     2  stm32l1xx_it.o(i.UsageFault_Handler)
    __0printf$5                              0x08003a25   Thumb Code    22  printf5.o(i.__0printf$5)
    __1printf$5                              0x08003a25   Thumb Code     0  printf5.o(i.__0printf$5)
    __2printf                                0x08003a25   Thumb Code     0  printf5.o(i.__0printf$5)
    __scatterload_copy                       0x08003a45   Thumb Code    14  handlers.o(i.__scatterload_copy)
    __scatterload_null                       0x08003a53   Thumb Code     2  handlers.o(i.__scatterload_null)
    __scatterload_zeroinit                   0x08003a55   Thumb Code    14  handlers.o(i.__scatterload_zeroinit)
    ceil                                     0x08003d25   Thumb Code   204  ceil.o(i.ceil)
    delay                                    0x08003e01   Thumb Code     4  hal_interface.o(i.delay)
    floor                                    0x08003e05   Thumb Code   204  floor.o(i.floor)
    fputc                                    0x08003ee1   Thumb Code    18  init.o(i.fputc)
    getH                                     0x08003ef9   Thumb Code    22  main.o(i.getH)
    getT                                     0x08003f0f   Thumb Code    22  main.o(i.getT)
    intoyunTimerChangePeriod                 0x08003f25   Thumb Code    22  timer.o(i.intoyunTimerChangePeriod)
    intoyunTimerLoop                         0x08003f41   Thumb Code    54  timer.o(i.intoyunTimerLoop)
    intoyunTimerRegister                     0x08003f7d   Thumb Code    78  timer.o(i.intoyunTimerRegister)
    intoyunTimerReset                        0x08003fe1   Thumb Code     4  timer.o(i.intoyunTimerReset)
    intoyunTimerStart                        0x08003fe5   Thumb Code    34  timer.o(i.intoyunTimerStart)
    intoyunTimerStop                         0x0800400d   Thumb Code    26  timer.o(i.intoyunTimerStop)
    main                                     0x0800402d   Thumb Code   226  main.o(i.main)
    malloc                                   0x08004159   Thumb Code    92  malloc.o(i.malloc)
    memcpy1                                  0x080041c5   Thumb Code    20  sx1276.o(i.memcpy1)
    millis                                   0x080041d9   Thumb Code     4  hal_interface.o(i.millis)
    round                                    0x080041dd   Thumb Code   136  round.o(i.round)
    PLLMulTable                              0x08004270   Data           9  system_stm32l1xx.o(.constdata)
    AHBPrescTable                            0x08004279   Data          16  system_stm32l1xx.o(.constdata)
    APBPrescTable                            0x08004289   Data           8  system_stm32l1xx.o(.constdata)
    RadioRegsInit                            0x08004294   Data          48  sx1276.o(.constdata)
    FskBandwidths                            0x080042c4   Data         176  sx1276.o(.constdata)
    Radio                                    0x08004374   Data          92  sx1276-board.o(.constdata)
    Timer                                    0x080043d0   Data          24  timer.o(.constdata)
    Region$$Table$$Base                      0x080043e8   Number         0  anon$$obj.o(Region$$Table)
    Region$$Table$$Limit                     0x08004408   Number         0  anon$$obj.o(Region$$Table)
    ledFlag                                  0x20000000   Data           1  main.o(.data)
    snr                                      0x20000001   Data           1  main.o(.data)
    flag                                     0x20000002   Data           1  main.o(.data)
    T                                        0x20000003   Data           1  main.o(.data)
    H                                        0x20000004   Data           1  main.o(.data)
    rssi                                     0x20000008   Data           2  main.o(.data)
    SystemCoreClock                          0x20000020   Data           4  system_stm32l1xx.o(.data)
    uwTick                                   0x20000024   Data           4  stm32l1xx_hal.o(.data)
    DioIrq                                   0x2000002c   Data          24  sx1276.o(.data)
    __stdout                                 0x20000054   Data           4  stdout.o(.data)
    __microlib_freelist                      0x20000058   Data           4  mvars.o(.data)
    __microlib_freelist_initialised          0x2000005c   Data           4  mvars.o(.data)
    SX1276                                   0x20000214   Data         120  sx1276.o(.bss)
    __heap_base                              0x20000290   Data           0  startup_stm32l151xb.o(HEAP)
    __heap_limit                             0x20000690   Data           0  startup_stm32l151xb.o(HEAP)
    __initial_sp                             0x20000890   Data           0  startup_stm32l151xb.o(STACK)



==============================================================================

Memory Map of the image

  Image Entry point : 0x080000f5

  Load Region LR_IROM1 (Base: 0x08000000, Size: 0x00004468, Max: 0x00020000, ABSOLUTE)

    Execution Region ER_IROM1 (Exec base: 0x08000000, Load base: 0x08000000, Size: 0x00004408, Max: 0x00020000, ABSOLUTE)

    Exec Addr    Load Addr    Size         Type   Attr      Idx    E Section Name        Object

    0x08000000   0x08000000   0x000000f4   Data   RO          347    RESET               startup_stm32l151xb.o
    0x080000f4   0x080000f4   0x00000000   Code   RO         3308  * .ARM.Collect$$$$00000000  mc_w.l(entry.o)
    0x080000f4   0x080000f4   0x00000004   Code   RO         3627    .ARM.Collect$$$$00000001  mc_w.l(entry2.o)
    0x080000f8   0x080000f8   0x00000004   Code   RO         3630    .ARM.Collect$$$$00000004  mc_w.l(entry5.o)
    0x080000fc   0x080000fc   0x00000000   Code   RO         3632    .ARM.Collect$$$$00000008  mc_w.l(entry7b.o)
    0x080000fc   0x080000fc   0x00000000   Code   RO         3634    .ARM.Collect$$$$0000000A  mc_w.l(entry8b.o)
    0x080000fc   0x080000fc   0x00000008   Code   RO         3635    .ARM.Collect$$$$0000000B  mc_w.l(entry9a.o)
    0x08000104   0x08000104   0x00000000   Code   RO         3637    .ARM.Collect$$$$0000000D  mc_w.l(entry10a.o)
    0x08000104   0x08000104   0x00000000   Code   RO         3639    .ARM.Collect$$$$0000000F  mc_w.l(entry11a.o)
    0x08000104   0x08000104   0x00000004   Code   RO         3628    .ARM.Collect$$$$00002712  mc_w.l(entry2.o)
    0x08000108   0x08000108   0x00000024   Code   RO          348    .text               startup_stm32l151xb.o
    0x0800012c   0x0800012c   0x00000024   Code   RO         3311    .text               mc_w.l(rand.o)
    0x08000150   0x08000150   0x00000024   Code   RO         3314    .text               mc_w.l(memcpya.o)
    0x08000174   0x08000174   0x00000024   Code   RO         3316    .text               mc_w.l(memseta.o)
    0x08000198   0x08000198   0x0000014e   Code   RO         3609    .text               mf_w.l(dadd.o)
    0x080002e6   0x080002e6   0x000000e4   Code   RO         3611    .text               mf_w.l(dmul.o)
    0x080003ca   0x080003ca   0x000000de   Code   RO         3613    .text               mf_w.l(ddiv.o)
    0x080004a8   0x080004a8   0x0000002e   Code   RO         3615    .text               mf_w.l(dscalb.o)
    0x080004d6   0x080004d6   0x00000022   Code   RO         3617    .text               mf_w.l(dflti.o)
    0x080004f8   0x080004f8   0x0000001a   Code   RO         3619    .text               mf_w.l(dfltui.o)
    0x08000512   0x08000512   0x0000003e   Code   RO         3621    .text               mf_w.l(dfixi.o)
    0x08000550   0x08000550   0x00000032   Code   RO         3623    .text               mf_w.l(dfixui.o)
    0x08000582   0x08000582   0x00000002   PAD
    0x08000584   0x08000584   0x00000030   Code   RO         3625    .text               mf_w.l(cdrcmple.o)
    0x080005b4   0x080005b4   0x00000062   Code   RO         3644    .text               mc_w.l(uldiv.o)
    0x08000616   0x08000616   0x0000001e   Code   RO         3646    .text               mc_w.l(llshl.o)
    0x08000634   0x08000634   0x00000020   Code   RO         3648    .text               mc_w.l(llushr.o)
    0x08000654   0x08000654   0x00000024   Code   RO         3650    .text               mc_w.l(llsshr.o)
    0x08000678   0x08000678   0x00000000   Code   RO         3654    .text               mc_w.l(iusefp.o)
    0x08000678   0x08000678   0x000000ba   Code   RO         3655    .text               mf_w.l(depilogue.o)
    0x08000732   0x08000732   0x00000002   PAD
    0x08000734   0x08000734   0x00000088   Code   RO         3657    .text               mf_w.l(drnd.o)
    0x080007bc   0x080007bc   0x00000030   Code   RO         3661    .text               mf_w.l(cdcmple.o)
    0x080007ec   0x080007ec   0x00000024   Code   RO         3663    .text               mc_w.l(init.o)
    0x08000810   0x08000810   0x00000002   Code   RO          373    i.BusFault_Handler  stm32l1xx_it.o
    0x08000812   0x08000812   0x00000008   Code   RO         3223    i.DTH11_test        dth11.o
    0x0800081a   0x0800081a   0x00000002   Code   RO          374    i.DebugMon_Handler  stm32l1xx_it.o
    0x0800081c   0x0800081c   0x00000006   Code   RO          375    i.EXTI0_IRQHandler  stm32l1xx_it.o
    0x08000822   0x08000822   0x00000008   Code   RO          376    i.EXTI15_10_IRQHandler  stm32l1xx_it.o
    0x0800082a   0x0800082a   0x00000006   Code   RO          377    i.EXTI1_IRQHandler  stm32l1xx_it.o
    0x08000830   0x08000830   0x00000002   Code   RO          378    i.EXTI2_IRQHandler  stm32l1xx_it.o
    0x08000832   0x08000832   0x00000002   Code   RO          379    i.EXTI3_IRQHandler  stm32l1xx_it.o
    0x08000834   0x08000834   0x00000002   Code   RO          380    i.EXTI4_IRQHandler  stm32l1xx_it.o
    0x08000836   0x08000836   0x00000006   Code   RO          381    i.EXTI9_5_IRQHandler  stm32l1xx_it.o
    0x0800083c   0x0800083c   0x0000002c   Code   RO         2741    i.GetFskBandwidthRegValue  sx1276.o
    0x08000868   0x08000868   0x00000016   Code   RO          545    i.HAL_Delay         stm32l1xx_hal.o
    0x0800087e   0x0800087e   0x00000002   PAD
    0x08000880   0x08000880   0x00000038   Code   RO          221    i.HAL_GPIO_EXTI_Callback  hal_interface.o
    0x080008b8   0x080008b8   0x00000018   Code   RO         1304    i.HAL_GPIO_EXTI_IRQHandler  stm32l1xx_hal_gpio.o
    0x080008d0   0x080008d0   0x0000018c   Code   RO         1305    i.HAL_GPIO_Init     stm32l1xx_hal_gpio.o
    0x08000a5c   0x08000a5c   0x0000000a   Code   RO         1309    i.HAL_GPIO_WritePin  stm32l1xx_hal_gpio.o
    0x08000a66   0x08000a66   0x00000002   PAD
    0x08000a68   0x08000a68   0x0000000c   Code   RO          549    i.HAL_GetTick       stm32l1xx_hal.o
    0x08000a74   0x08000a74   0x00000010   Code   RO          550    i.HAL_IncTick       stm32l1xx_hal.o
    0x08000a84   0x08000a84   0x00000016   Code   RO          551    i.HAL_Init          stm32l1xx_hal.o
    0x08000a9a   0x08000a9a   0x00000002   PAD
    0x08000a9c   0x08000a9c   0x00000028   Code   RO          552    i.HAL_InitTick      stm32l1xx_hal.o
    0x08000ac4   0x08000ac4   0x00000002   Code   RO         1459    i.HAL_MspInit       stm32l1xx_hal_msp_template.o
    0x08000ac6   0x08000ac6   0x00000016   Code   RO          730    i.HAL_NVIC_EnableIRQ  stm32l1xx_hal_cortex.o
    0x08000adc   0x08000adc   0x00000040   Code   RO          736    i.HAL_NVIC_SetPriority  stm32l1xx_hal_cortex.o
    0x08000b1c   0x08000b1c   0x00000024   Code   RO          737    i.HAL_NVIC_SetPriorityGrouping  stm32l1xx_hal_cortex.o
    0x08000b40   0x08000b40   0x00000010   Code   RO         1716    i.HAL_PWREx_GetVoltageRange  stm32l1xx_hal_pwr_ex.o
    0x08000b50   0x08000b50   0x000001d4   Code   RO         1771    i.HAL_RCC_ClockConfig  stm32l1xx_hal_rcc.o
    0x08000d24   0x08000d24   0x00000030   Code   RO         1778    i.HAL_RCC_GetPCLK1Freq  stm32l1xx_hal_rcc.o
    0x08000d54   0x08000d54   0x00000030   Code   RO         1779    i.HAL_RCC_GetPCLK2Freq  stm32l1xx_hal_rcc.o
    0x08000d84   0x08000d84   0x0000008c   Code   RO         1780    i.HAL_RCC_GetSysClockFreq  stm32l1xx_hal_rcc.o
    0x08000e10   0x08000e10   0x00000750   Code   RO         1783    i.HAL_RCC_OscConfig  stm32l1xx_hal_rcc.o
    0x08001560   0x08001560   0x0000007a   Code   RO         2224    i.HAL_SPI_Init      stm32l1xx_hal_spi_ex.o
    0x080015da   0x080015da   0x00000002   Code   RO         1995    i.HAL_SPI_MspInit   stm32l1xx_hal_spi.o
    0x080015dc   0x080015dc   0x000002b2   Code   RO         2002    i.HAL_SPI_TransmitReceive  stm32l1xx_hal_spi.o
    0x0800188e   0x0800188e   0x00000028   Code   RO          741    i.HAL_SYSTICK_Config  stm32l1xx_hal_cortex.o
    0x080018b6   0x080018b6   0x0000005e   Code   RO         2318    i.HAL_UART_Init     stm32l1xx_hal_uart.o
    0x08001914   0x08001914   0x00000002   Code   RO         2320    i.HAL_UART_MspInit  stm32l1xx_hal_uart.o
    0x08001916   0x08001916   0x00000002   PAD
    0x08001918   0x08001918   0x000000cc   Code   RO         2326    i.HAL_UART_Transmit  stm32l1xx_hal_uart.o
    0x080019e4   0x080019e4   0x00000044   Code   RO          222    i.HalAttachInterrupt  hal_interface.o
    0x08001a28   0x08001a28   0x000000fc   Code   RO          223    i.HalPinInit        hal_interface.o
    0x08001b24   0x08001b24   0x00000094   Code   RO          224    i.HalSpiInit        hal_interface.o
    0x08001bb8   0x08001bb8   0x00000028   Code   RO          225    i.HalSpiTransmit    hal_interface.o
    0x08001be0   0x08001be0   0x00000018   Code   RO          226    i.HalSpiWriteNss    hal_interface.o
    0x08001bf8   0x08001bf8   0x00000040   Code   RO          227    i.HalWriteReset     hal_interface.o
    0x08001c38   0x08001c38   0x00000018   Code   RO          228    i.HalWriteRxTx      hal_interface.o
    0x08001c50   0x08001c50   0x00000002   Code   RO          382    i.HardFault_Handler  stm32l1xx_it.o
    0x08001c52   0x08001c52   0x00000002   PAD
    0x08001c54   0x08001c54   0x00000068   Code   RO            4    i.LED_GPIO_Init     main.o
    0x08001cbc   0x08001cbc   0x00000024   Code   RO            5    i.LedBlink          main.o
    0x08001ce0   0x08001ce0   0x00000002   Code   RO          383    i.MemManage_Handler  stm32l1xx_it.o
    0x08001ce2   0x08001ce2   0x00000002   Code   RO          384    i.NMI_Handler       stm32l1xx_it.o
    0x08001ce4   0x08001ce4   0x00000020   Code   RO          743    i.NVIC_SetPriority  stm32l1xx_hal_cortex.o
    0x08001d04   0x08001d04   0x00000090   Code   RO            6    i.OnRxDone          main.o
    0x08001d94   0x08001d94   0x00000014   Code   RO            7    i.OnRxError         main.o
    0x08001da8   0x08001da8   0x00000018   Code   RO            8    i.OnRxTimeout       main.o
    0x08001dc0   0x08001dc0   0x00000028   Code   RO            9    i.OnTxDone          main.o
    0x08001de8   0x08001de8   0x00000028   Code   RO           10    i.OnTxTimeout       main.o
    0x08001e10   0x08001e10   0x00000002   Code   RO          385    i.PendSV_Handler    stm32l1xx_it.o
    0x08001e12   0x08001e12   0x00000002   PAD
    0x08001e14   0x08001e14   0x00000078   Code   RO         1784    i.RCC_SetFlashLatencyFromMSIRange  stm32l1xx_hal_rcc.o
    0x08001e8c   0x08001e8c   0x00000094   Code   RO         2742    i.RxChainCalibration  sx1276.o
    0x08001f20   0x08001f20   0x0000009e   Code   RO         2023    i.SPI_WaitOnFlagUntilTimeout  stm32l1xx_hal_spi.o
    0x08001fbe   0x08001fbe   0x00000002   Code   RO          386    i.SVC_Handler       stm32l1xx_it.o
    0x08001fc0   0x08001fc0   0x00000004   Code   RO         3012    i.SX1276BoardInit   sx1276-board.o
    0x08001fc4   0x08001fc4   0x00000004   Code   RO         3013    i.SX1276CheckRfFrequency  sx1276-board.o
    0x08001fc8   0x08001fc8   0x00000014   Code   RO         3014    i.SX1276GetPaSelect  sx1276-board.o
    0x08001fdc   0x08001fdc   0x0000000c   Code   RO         2743    i.SX1276GetStatus   sx1276.o
    0x08001fe8   0x08001fe8   0x000001f4   Code   RO         2744    i.SX1276GetTimeOnAir  sx1276.o
    0x080021dc   0x080021dc   0x00000006   Code   RO         2745    i.SX1276GetVersion  sx1276.o
    0x080021e2   0x080021e2   0x00000002   PAD
    0x080021e4   0x080021e4   0x0000008c   Code   RO         2746    i.SX1276Init        sx1276.o
    0x08002270   0x08002270   0x00000034   Code   RO         3016    i.SX1276IoInit      sx1276-board.o
    0x080022a4   0x080022a4   0x0000002a   Code   RO         3018    i.SX1276IoIrqInit   sx1276-board.o
    0x080022ce   0x080022ce   0x0000004e   Code   RO         2747    i.SX1276IsChannelFree  sx1276.o
    0x0800231c   0x0800231c   0x00000250   Code   RO         2750    i.SX1276OnDio0Irq   sx1276.o
    0x0800256c   0x0800256c   0x000000d8   Code   RO         2751    i.SX1276OnDio1Irq   sx1276.o
    0x08002644   0x08002644   0x000000c4   Code   RO         2752    i.SX1276OnDio2Irq   sx1276.o
    0x08002708   0x08002708   0x00000058   Code   RO         2753    i.SX1276OnDio3Irq   sx1276.o
    0x08002760   0x08002760   0x0000001c   Code   RO         2754    i.SX1276OnDio4Irq   sx1276.o
    0x0800277c   0x0800277c   0x000000dc   Code   RO         2756    i.SX1276OnTimeoutIrq  sx1276.o
    0x08002858   0x08002858   0x0000003e   Code   RO         2757    i.SX1276Random      sx1276.o
    0x08002896   0x08002896   0x00000010   Code   RO         2758    i.SX1276Read        sx1276.o
    0x080028a6   0x080028a6   0x00000034   Code   RO         2759    i.SX1276ReadBuffer  sx1276.o
    0x080028da   0x080028da   0x0000000a   Code   RO         2760    i.SX1276ReadFifo    sx1276.o
    0x080028e4   0x080028e4   0x00000040   Code   RO         2761    i.SX1276ReadRssi    sx1276.o
    0x08002924   0x08002924   0x000000f4   Code   RO         2763    i.SX1276Send        sx1276.o
    0x08002a18   0x08002a18   0x00000010   Code   RO         3019    i.SX1276SetAntSw    sx1276-board.o
    0x08002a28   0x08002a28   0x00000020   Code   RO         3020    i.SX1276SetAntSwLowPower  sx1276-board.o
    0x08002a48   0x08002a48   0x00000040   Code   RO         2764    i.SX1276SetChannel  sx1276.o
    0x08002a88   0x08002a88   0x00000034   Code   RO         2765    i.SX1276SetMaxPayloadLength  sx1276.o
    0x08002abc   0x08002abc   0x00000074   Code   RO         2766    i.SX1276SetModem    sx1276.o
    0x08002b30   0x08002b30   0x00000030   Code   RO         2767    i.SX1276SetOpMode   sx1276.o
    0x08002b60   0x08002b60   0x00000028   Code   RO         2768    i.SX1276SetPublicNetwork  sx1276.o
    0x08002b88   0x08002b88   0x0000001e   Code   RO         3021    i.SX1276SetReset    sx1276-board.o
    0x08002ba6   0x08002ba6   0x00000002   PAD
    0x08002ba8   0x08002ba8   0x000000a0   Code   RO         3022    i.SX1276SetRfTxPower  sx1276-board.o
    0x08002c48   0x08002c48   0x000001f0   Code   RO         2769    i.SX1276SetRx       sx1276.o
    0x08002e38   0x08002e38   0x000002a4   Code   RO         2770    i.SX1276SetRxConfig  sx1276.o
    0x080030dc   0x080030dc   0x00000028   Code   RO         2771    i.SX1276SetSleep    sx1276.o
    0x08003104   0x08003104   0x00000028   Code   RO         2772    i.SX1276SetStby     sx1276.o
    0x0800312c   0x0800312c   0x000000a4   Code   RO         2773    i.SX1276SetTx       sx1276.o
    0x080031d0   0x080031d0   0x00000214   Code   RO         2774    i.SX1276SetTxConfig  sx1276.o
    0x080033e4   0x080033e4   0x00000084   Code   RO         2775    i.SX1276SetTxContinuousWave  sx1276.o
    0x08003468   0x08003468   0x0000003c   Code   RO         2776    i.SX1276StartCad    sx1276.o
    0x080034a4   0x080034a4   0x0000000c   Code   RO         2777    i.SX1276Write       sx1276.o
    0x080034b0   0x080034b0   0x00000032   Code   RO         2778    i.SX1276WriteBuffer  sx1276.o
    0x080034e2   0x080034e2   0x0000000a   Code   RO         2779    i.SX1276WriteFifo   sx1276.o
    0x080034ec   0x080034ec   0x00000004   Code   RO         3023    i.SpiSetNss         sx1276-board.o
    0x080034f0   0x080034f0   0x00000004   Code   RO         3024    i.SpiTransfer       sx1276-board.o
    0x080034f4   0x080034f4   0x00000014   Code   RO          387    i.SysTick_Handler   stm32l1xx_it.o
    0x08003508   0x08003508   0x00000090   Code   RO          305    i.SystemClock_Config  init.o
    0x08003598   0x08003598   0x00000050   Code   RO          501    i.SystemInit        system_stm32l1xx.o
    0x080035e8   0x080035e8   0x00000012   Code   RO          306    i.SystemInitialize  init.o
    0x080035fa   0x080035fa   0x00000002   PAD
    0x080035fc   0x080035fc   0x00000054   Code   RO         3155    i.TimerListInsert   timer.o
    0x08003650   0x08003650   0x00000020   Code   RO         3156    i.TimerListTimerReset  timer.o
    0x08003670   0x08003670   0x000002a0   Code   RO         2337    i.UART_SetConfig    stm32l1xx_hal_uart.o
    0x08003910   0x08003910   0x00000092   Code   RO         2339    i.UART_WaitOnFlagUntilTimeout  stm32l1xx_hal_uart.o
    0x080039a2   0x080039a2   0x00000002   PAD
    0x080039a4   0x080039a4   0x0000007c   Code   RO          307    i.USART1_Init       init.o
    0x08003a20   0x08003a20   0x00000002   Code   RO          388    i.UsageFault_Handler  stm32l1xx_it.o
    0x08003a22   0x08003a22   0x00000002   PAD
    0x08003a24   0x08003a24   0x00000020   Code   RO         3453    i.__0printf$5       mc_w.l(printf5.o)
    0x08003a44   0x08003a44   0x0000000e   Code   RO         3667    i.__scatterload_copy  mc_w.l(handlers.o)
    0x08003a52   0x08003a52   0x00000002   Code   RO         3668    i.__scatterload_null  mc_w.l(handlers.o)
    0x08003a54   0x08003a54   0x0000000e   Code   RO         3669    i.__scatterload_zeroinit  mc_w.l(handlers.o)
    0x08003a62   0x08003a62   0x00000002   PAD
    0x08003a64   0x08003a64   0x000002c0   Code   RO         3460    i._printf_core      mc_w.l(printf5.o)
    0x08003d24   0x08003d24   0x000000dc   Code   RO         3299    i.ceil              m_ws.l(ceil.o)
    0x08003e00   0x08003e00   0x00000004   Code   RO          229    i.delay             hal_interface.o
    0x08003e04   0x08003e04   0x000000dc   Code   RO         3303    i.floor             m_ws.l(floor.o)
    0x08003ee0   0x08003ee0   0x00000018   Code   RO          308    i.fputc             init.o
    0x08003ef8   0x08003ef8   0x00000016   Code   RO           11    i.getH              main.o
    0x08003f0e   0x08003f0e   0x00000016   Code   RO           12    i.getT              main.o
    0x08003f24   0x08003f24   0x0000001c   Code   RO         3157    i.intoyunTimerChangePeriod  timer.o
    0x08003f40   0x08003f40   0x0000003c   Code   RO         3158    i.intoyunTimerLoop  timer.o
    0x08003f7c   0x08003f7c   0x00000064   Code   RO         3159    i.intoyunTimerRegister  timer.o
    0x08003fe0   0x08003fe0   0x00000004   Code   RO         3160    i.intoyunTimerReset  timer.o
    0x08003fe4   0x08003fe4   0x00000028   Code   RO         3161    i.intoyunTimerStart  timer.o
    0x0800400c   0x0800400c   0x00000020   Code   RO         3162    i.intoyunTimerStop  timer.o
    0x0800402c   0x0800402c   0x0000012c   Code   RO           13    i.main              main.o
    0x08004158   0x08004158   0x0000006c   Code   RO         3582    i.malloc            mc_w.l(malloc.o)
    0x080041c4   0x080041c4   0x00000014   Code   RO         2780    i.memcpy1           sx1276.o
    0x080041d8   0x080041d8   0x00000004   Code   RO          230    i.millis            hal_interface.o
    0x080041dc   0x080041dc   0x00000094   Code   RO         3306    i.round             m_ws.l(round.o)
    0x08004270   0x08004270   0x00000019   Data   RO          502    .constdata          system_stm32l1xx.o
    0x08004289   0x08004289   0x00000008   Data   RO          503    .constdata          system_stm32l1xx.o
    0x08004291   0x08004291   0x00000003   PAD
    0x08004294   0x08004294   0x000000e0   Data   RO         2782    .constdata          sx1276.o
    0x08004374   0x08004374   0x0000005c   Data   RO         3025    .constdata          sx1276-board.o
    0x080043d0   0x080043d0   0x00000018   Data   RO         3163    .constdata          timer.o
    0x080043e8   0x080043e8   0x00000020   Data   RO         3665    Region$$Table       anon$$obj.o


    Execution Region RW_IRAM1 (Exec base: 0x20000000, Load base: 0x08004408, Size: 0x00000890, Max: 0x00004000, ABSOLUTE)

    Exec Addr    Load Addr    Size         Type   Attr      Idx    E Section Name        Object

    0x20000000   0x08004408   0x0000000f   Data   RW           15    .data               main.o
    0x2000000f   0x08004417   0x00000001   PAD
    0x20000010   0x08004418   0x00000010   Data   RW          232    .data               hal_interface.o
    0x20000020   0x08004428   0x00000004   Data   RW          504    .data               system_stm32l1xx.o
    0x20000024   0x0800442c   0x00000004   Data   RW          557    .data               stm32l1xx_hal.o
    0x20000028   0x08004430   0x0000001c   Data   RW         2783    .data               sx1276.o
    0x20000044   0x0800444c   0x00000001   Data   RW         3026    .data               sx1276-board.o
    0x20000045   0x0800444d   0x00000003   PAD
    0x20000048   0x08004450   0x00000008   Data   RW         3164    .data               timer.o
    0x20000050   0x08004458   0x00000004   Data   RW         3312    .data               mc_w.l(rand.o)
    0x20000054   0x0800445c   0x00000004   Data   RW         3641    .data               mc_w.l(stdout.o)
    0x20000058   0x08004460   0x00000004   Data   RW         3652    .data               mc_w.l(mvars.o)
    0x2000005c   0x08004464   0x00000004   Data   RW         3653    .data               mc_w.l(mvars.o)
    0x20000060        -       0x0000001c   Zero   RW           14    .bss                main.o
    0x2000007c        -       0x00000058   Zero   RW          231    .bss                hal_interface.o
    0x200000d4        -       0x00000040   Zero   RW          309    .bss                init.o
    0x20000114        -       0x00000178   Zero   RW         2781    .bss                sx1276.o
    0x2000028c   0x08004468   0x00000004   PAD
    0x20000290        -       0x00000400   Zero   RW          346    HEAP                startup_stm32l151xb.o
    0x20000690        -       0x00000200   Zero   RW          345    STACK               startup_stm32l151xb.o


==============================================================================

Image component sizes


      Code (inc. data)   RO Data    RW Data    ZI Data      Debug   Object Name

         8          0          0          0          0        485   dth11.o
       684         68          0         16         88       9065   hal_interface.o
       310         30          0          0         64       3729   init.o
       752        216          0         15         28     351768   main.o
        36          8        244          0       1536        920   startup_stm32l151xb.o
       112         18          0          4          0       4563   stm32l1xx_hal.o
       194         14          0          0          0      28267   stm32l1xx_hal_cortex.o
       430         38          0          0          0       3539   stm32l1xx_hal_gpio.o
         2          0          0          0          0        630   stm32l1xx_hal_msp_template.o
        16          6          0          0          0        676   stm32l1xx_hal_pwr_ex.o
      2696        104          0          0          0       7672   stm32l1xx_hal_rcc.o
       850          0          0          0          0       4000   stm32l1xx_hal_spi.o
       122          0          0          0          0       1347   stm32l1xx_hal_spi_ex.o
      1118          6          0          0          0       5387   stm32l1xx_hal_uart.o
        68          4          0          0          0       9241   stm32l1xx_it.o
       368         20         92          1          0      12024   sx1276-board.o
      5268        308        224         28        376      29915   sx1276.o
        80         18         33          4          0       1643   system_stm32l1xx.o
       380         76         24          8          0       7868   timer.o

    ----------------------------------------------------------------------
     13516        934        652         80       2096     482739   Object Totals
         0          0         32          0          0          0   (incl. Generated)
        22          0          3          4          4          0   (incl. Padding)

    ----------------------------------------------------------------------

      Code (inc. data)   RO Data    RW Data    ZI Data      Debug   Library Member Name

       220         16          0          0          0         84   ceil.o
       220         16          0          0          0         84   floor.o
       148         12          0          0          0         88   round.o
         0          0          0          0          0          0   entry.o
         0          0          0          0          0          0   entry10a.o
         0          0          0          0          0          0   entry11a.o
         8          4          0          0          0          0   entry2.o
         4          0          0          0          0          0   entry5.o
         0          0          0          0          0          0   entry7b.o
         0          0          0          0          0          0   entry8b.o
         8          4          0          0          0          0   entry9a.o
        30          0          0          0          0          0   handlers.o
        36          8          0          0          0         68   init.o
         0          0          0          0          0          0   iusefp.o
        30          0          0          0          0         68   llshl.o
        36          0          0          0          0         68   llsshr.o
        32          0          0          0          0         68   llushr.o
       108         16          0          0          0         84   malloc.o
        36          0          0          0          0         68   memcpya.o
        36          0          0          0          0        108   memseta.o
         0          0          0          8          0          0   mvars.o
       736         56          0          0          0        184   printf5.o
        36         10          0          4          0        136   rand.o
         0          0          0          4          0          0   stdout.o
        98          0          0          0          0         92   uldiv.o
        48          0          0          0          0         68   cdcmple.o
        48          0          0          0          0         68   cdrcmple.o
       334          0          0          0          0        148   dadd.o
       222          0          0          0          0        100   ddiv.o
       186          0          0          0          0        176   depilogue.o
        62          0          0          0          0         80   dfixi.o
        50          0          0          0          0         76   dfixui.o
        34          0          0          0          0         76   dflti.o
        26          0          0          0          0         76   dfltui.o
       228          0          0          0          0         96   dmul.o
       136          4          0          0          0         92   drnd.o
        46          0          0          0          0         80   dscalb.o

    ----------------------------------------------------------------------
      3248        146          0         16          0       2336   Library Totals
         6          0          0          0          0          0   (incl. Padding)

    ----------------------------------------------------------------------

      Code (inc. data)   RO Data    RW Data    ZI Data      Debug   Library Name

       588         44          0          0          0        256   m_ws.l
      1234         98          0         16          0        944   mc_w.l
      1420          4          0          0          0       1136   mf_w.l

    ----------------------------------------------------------------------
      3248        146          0         16          0       2336   Library Totals

    ----------------------------------------------------------------------

==============================================================================


      Code (inc. data)   RO Data    RW Data    ZI Data      Debug   

     16764       1080        652         96       2096     477531   Grand Totals
     16764       1080        652         96       2096     477531   ELF Image Totals
     16764       1080        652         96          0          0   ROM Totals

==============================================================================

    Total RO  Size (Code + RO Data)                17416 (  17.01kB)
    Total RW  Size (RW Data + ZI Data)              2192 (   2.14kB)
    Total ROM Size (Code + RO Data + RW Data)      17512 (  17.10kB)

==============================================================================

