Component: ARM Compiler 5.06 update 5 (build 528) Tool: armlink [4d35e2]

==============================================================================

Section Cross References

    main.o(i.LED_GPIO_Init) refers to stm32l1xx_hal_gpio.o(i.HAL_GPIO_Init) for HAL_GPIO_Init
    main.o(i.LED_GPIO_Init) refers to stm32l1xx_hal_gpio.o(i.HAL_GPIO_WritePin) for HAL_GPIO_WritePin
    main.o(i.LedBlink) refers to stm32l1xx_hal_gpio.o(i.HAL_GPIO_WritePin) for HAL_GPIO_WritePin
    main.o(i.LedBlink) refers to main.o(.data) for .data
    main.o(i.OnRxDone) refers to memcpya.o(.text) for __aeabi_memcpy
    main.o(i.OnRxDone) refers to main.o(i.LedBlink) for LedBlink
    main.o(i.OnRxDone) refers to printf5.o(i.__0printf$5) for __2printf
    main.o(i.OnRxDone) refers to main.o(.data) for .data
    main.o(i.OnRxError) refers to printf5.o(i.__0printf$5) for __2printf
    main.o(i.OnRxTimeout) refers to printf5.o(i.__0printf$5) for __2printf
    main.o(i.OnTxDone) refers to printf5.o(i.__0printf$5) for __2printf
    main.o(i.OnTxTimeout) refers to printf5.o(i.__0printf$5) for __2printf
    main.o(i.main) refers to init.o(i.SystemInitialize) for SystemInitialize
    main.o(i.main) refers to main.o(i.LED_GPIO_Init) for LED_GPIO_Init
    main.o(i.main) refers to hal_interface.o(i.delay) for delay
    main.o(i.main) refers to printf5.o(i.__0printf$5) for __2printf
    main.o(i.main) refers to sx1276-board.o(i.SX1276BoardInit) for SX1276BoardInit
    main.o(i.main) refers to sx1276.o(i.SX1276GetVersion) for SX1276GetVersion
    main.o(i.main) refers to main.o(i.OnTxDone) for OnTxDone
    main.o(i.main) refers to main.o(.bss) for .bss
    main.o(i.main) refers to main.o(i.OnRxDone) for OnRxDone
    main.o(i.main) refers to main.o(i.OnTxTimeout) for OnTxTimeout
    main.o(i.main) refers to main.o(i.OnRxTimeout) for OnRxTimeout
    main.o(i.main) refers to main.o(i.OnRxError) for OnRxError
    main.o(i.main) refers to sx1276-board.o(.constdata) for Radio
    hal_interface.o(i.HAL_GPIO_EXTI_Callback) refers to hal_interface.o(.data) for .data
    hal_interface.o(i.HalAttachInterrupt) refers to hal_interface.o(.data) for .data
    hal_interface.o(i.HalPinInit) refers to stm32l1xx_hal_gpio.o(i.HAL_GPIO_WritePin) for HAL_GPIO_WritePin
    hal_interface.o(i.HalPinInit) refers to stm32l1xx_hal_gpio.o(i.HAL_GPIO_Init) for HAL_GPIO_Init
    hal_interface.o(i.HalPinInit) refers to stm32l1xx_hal_cortex.o(i.HAL_NVIC_SetPriority) for HAL_NVIC_SetPriority
    hal_interface.o(i.HalPinInit) refers to stm32l1xx_hal_cortex.o(i.HAL_NVIC_EnableIRQ) for HAL_NVIC_EnableIRQ
    hal_interface.o(i.HalPinInit) refers to hal_interface.o(i.HalSpiInit) for HalSpiInit
    hal_interface.o(i.HalSpiInit) refers to stm32l1xx_hal_gpio.o(i.HAL_GPIO_Init) for HAL_GPIO_Init
    hal_interface.o(i.HalSpiInit) refers to stm32l1xx_hal_spi_ex.o(i.HAL_SPI_Init) for HAL_SPI_Init
    hal_interface.o(i.HalSpiInit) refers to hal_interface.o(.bss) for .bss
    hal_interface.o(i.HalSpiTransmit) refers to stm32l1xx_hal_spi.o(i.HAL_SPI_TransmitReceive) for HAL_SPI_TransmitReceive
    hal_interface.o(i.HalSpiTransmit) refers to hal_interface.o(.bss) for .bss
    hal_interface.o(i.HalSpiWriteNss) refers to stm32l1xx_hal_gpio.o(i.HAL_GPIO_WritePin) for HAL_GPIO_WritePin
    hal_interface.o(i.HalWriteReset) refers to stm32l1xx_hal_gpio.o(i.HAL_GPIO_WritePin) for HAL_GPIO_WritePin
    hal_interface.o(i.HalWriteReset) refers to stm32l1xx_hal_gpio.o(i.HAL_GPIO_Init) for HAL_GPIO_Init
    hal_interface.o(i.HalWriteRxTx) refers to stm32l1xx_hal_gpio.o(i.HAL_GPIO_WritePin) for HAL_GPIO_WritePin
    hal_interface.o(i.delay) refers to stm32l1xx_hal.o(i.HAL_Delay) for HAL_Delay
    hal_interface.o(i.millis) refers to stm32l1xx_hal.o(i.HAL_GetTick) for HAL_GetTick
    init.o(i.SystemClock_Config) refers to stm32l1xx_hal_cortex.o(i.HAL_NVIC_SetPriorityGrouping) for HAL_NVIC_SetPriorityGrouping
    init.o(i.SystemClock_Config) refers to stm32l1xx_hal_rcc.o(i.HAL_RCC_OscConfig) for HAL_RCC_OscConfig
    init.o(i.SystemClock_Config) refers to stm32l1xx_hal_rcc.o(i.HAL_RCC_ClockConfig) for HAL_RCC_ClockConfig
    init.o(i.SystemInitialize) refers to stm32l1xx_hal.o(i.HAL_Init) for HAL_Init
    init.o(i.SystemInitialize) refers to init.o(i.SystemClock_Config) for SystemClock_Config
    init.o(i.SystemInitialize) refers to init.o(i.USART1_Init) for USART1_Init
    init.o(i.USART1_Init) refers to stm32l1xx_hal_gpio.o(i.HAL_GPIO_Init) for HAL_GPIO_Init
    init.o(i.USART1_Init) refers to stm32l1xx_hal_uart.o(i.HAL_UART_Init) for HAL_UART_Init
    init.o(i.USART1_Init) refers to init.o(.bss) for .bss
    init.o(i.fputc) refers to stm32l1xx_hal_uart.o(i.HAL_UART_Transmit) for HAL_UART_Transmit
    init.o(i.fputc) refers to init.o(.bss) for .bss
    startup_stm32l151xb.o(RESET) refers to startup_stm32l151xb.o(STACK) for __initial_sp
    startup_stm32l151xb.o(RESET) refers to startup_stm32l151xb.o(.text) for Reset_Handler
[...]
    ..\..\..\src\mcu\STM32L1xx\STM32L1xx_HAL_Driver\Src\stm32l1xx_hal_adc_ex.c 0x00000000   Number         0  stm32l1xx_hal_adc_ex.o ABSOLUTE
    ..\..\..\src\mcu\STM32L1xx\STM32L1xx_HAL_Driver\Src\stm32l1xx_hal_comp.c 0x00000000   Number         0  stm32l1xx_hal_comp.o ABSOLUTE
    ..\..\..\src\mcu\STM32L1xx\STM32L1xx_HAL_Driver\Src\stm32l1xx_hal_cortex.c 0x00000000   Number         0  stm32l1xx_hal_cortex.o ABSOLUTE
    ..\..\..\src\mcu\STM32L1xx\STM32L1xx_HAL_Driver\Src\stm32l1xx_hal_crc.c 0x00000000   Number         0  stm32l1xx_hal_crc.o ABSOLUTE
    ..\..\..\src\mcu\STM32L1xx\STM32L1xx_HAL_Driver\Src\stm32l1xx_hal_cryp.c 0x00000000   Number         0  stm32l1xx_hal_cryp.o ABSOLUTE
    ..\..\..\src\mcu\STM32L1xx\STM32L1xx_HAL_Driver\Src\stm32l1xx_hal_cryp_ex.c 0x00000000   Number         0  stm32l1xx_hal_cryp_ex.o ABSOLUTE
    ..\..\..\src\mcu\STM32L1xx\STM32L1xx_HAL_Driver\Src\stm32l1xx_hal_dac.c 0x00000000   Number         0  stm32l1xx_hal_dac.o ABSOLUTE
    ..\..\..\src\mcu\STM32L1xx\STM32L1xx_HAL_Driver\Src\stm32l1xx_hal_dac_ex.c 0x00000000   Number         0  stm32l1xx_hal_dac_ex.o ABSOLUTE
    ..\..\..\src\mcu\STM32L1xx\STM32L1xx_HAL_Driver\Src\stm32l1xx_hal_dma.c 0x00000000   Number         0  stm32l1xx_hal_dma.o ABSOLUTE
    ..\..\..\src\mcu\STM32L1xx\STM32L1xx_HAL_Driver\Src\stm32l1xx_hal_flash.c 0x00000000   Number         0  stm32l1xx_hal_flash.o ABSOLUTE
    ..\..\..\src\mcu\STM32L1xx\STM32L1xx_HAL_Driver\Src\stm32l1xx_hal_flash_ex.c 0x00000000   Number         0  stm32l1xx_hal_flash_ex.o ABSOLUTE
    ..\..\..\src\mcu\STM32L1xx\STM32L1xx_HAL_Driver\Src\stm32l1xx_hal_flash_ramfunc.c 0x00000000   Number         0  stm32l1xx_hal_flash_ramfunc.o ABSOLUTE
    ..\..\..\src\mcu\STM32L1xx\STM32L1xx_HAL_Driver\Src\stm32l1xx_hal_gpio.c 0x00000000   Number         0  stm32l1xx_hal_gpio.o ABSOLUTE
    ..\..\..\src\mcu\STM32L1xx\STM32L1xx_HAL_Driver\Src\stm32l1xx_hal_i2c.c 0x00000000   Number         0  stm32l1xx_hal_i2c.o ABSOLUTE
    ..\..\..\src\mcu\STM32L1xx\STM32L1xx_HAL_Driver\Src\stm32l1xx_hal_i2s.c 0x00000000   Number         0  stm32l1xx_hal_i2s.o ABSOLUTE
    ..\..\..\src\mcu\STM32L1xx\STM32L1xx_HAL_Driver\Src\stm32l1xx_hal_irda.c 0x00000000   Number         0  stm32l1xx_hal_irda.o ABSOLUTE
    ..\..\..\src\mcu\STM32L1xx\STM32L1xx_HAL_Driver\Src\stm32l1xx_hal_iwdg.c 0x00000000   Number         0  stm32l1xx_hal_iwdg.o ABSOLUTE
    ..\..\..\src\mcu\STM32L1xx\STM32L1xx_HAL_Driver\Src\stm32l1xx_hal_lcd.c 0x00000000   Number         0  stm32l1xx_hal_lcd.o ABSOLUTE
    ..\..\..\src\mcu\STM32L1xx\STM32L1xx_HAL_Driver\Src\stm32l1xx_hal_msp_template.c 0x00000000   Number         0  stm32l1xx_hal_msp_template.o ABSOLUTE
    ..\..\..\src\mcu\STM32L1xx\STM32L1xx_HAL_Driver\Src\stm32l1xx_hal_nor.c 0x00000000   Number         0  stm32l1xx_hal_nor.o ABSOLUTE
    ..\..\..\src\mcu\STM32L1xx\STM32L1xx_HAL_Driver\Src\stm32l1xx_hal_opamp.c 0x00000000   Number         0  stm32l1xx_hal_opamp.o ABSOLUTE
    ..\..\..\src\mcu\STM32L1xx\STM32L1xx_HAL_Driver\Src\stm32l1xx_hal_opamp_ex.c 0x00000000   Number         0  stm32l1xx_hal_opamp_ex.o ABSOLUTE
    ..\..\..\src\mcu\STM32L1xx\STM32L1xx_HAL_Driver\Src\stm32l1xx_hal_pcd.c 0x00000000   Number         0  stm32l1xx_hal_pcd.o ABSOLUTE
    ..\..\..\src\mcu\STM32L1xx\STM32L1xx_HAL_Driver\Src\stm32l1xx_hal_pcd_ex.c 0x00000000   Number         0  stm32l1xx_hal_pcd_ex.o ABSOLUTE
    ..\..\..\src\mcu\STM32L1xx\STM32L1xx_HAL_Driver\Src\stm32l1xx_hal_pwr.c 0x00000000   Number         0  stm32l1xx_hal_pwr.o ABSOLUTE
    ..\..\..\src\mcu\STM32L1xx\STM32L1xx_HAL_Driver\Src\stm32l1xx_hal_pwr_ex.c 0x00000000   Number         0  stm32l1xx_hal_pwr_ex.o ABSOLUTE
    ..\..\..\src\mcu\STM32L1xx\STM32L1xx_HAL_Driver\Src\stm32l1xx_hal_rcc.c 0x00000000   Number         0  stm32l1xx_hal_rcc.o ABSOLUTE
    ..\..\..\src\mcu\STM32L1xx\STM32L1xx_HAL_Driver\Src\stm32l1xx_hal_rcc_ex.c 0x00000000   Number         0  stm32l1xx_hal_rcc_ex.o ABSOLUTE
    ..\..\..\src\mcu\STM32L1xx\STM32L1xx_HAL_Driver\Src\stm32l1xx_hal_rtc.c 0x00000000   Number         0  stm32l1xx_hal_rtc.o ABSOLUTE
    ..\..\..\src\mcu\STM32L1xx\STM32L1xx_HAL_Driver\Src\stm32l1xx_hal_rtc_ex.c 0x00000000   Number         0  stm32l1xx_hal_rtc_ex.o ABSOLUTE
    ..\..\..\src\mcu\STM32L1xx\STM32L1xx_HAL_Driver\Src\stm32l1xx_hal_sd.c 0x00000000   Number         0  stm32l1xx_hal_sd.o ABSOLUTE
    ..\..\..\src\mcu\STM32L1xx\STM32L1xx_HAL_Driver\Src\stm32l1xx_hal_smartcard.c 0x00000000   Number         0  stm32l1xx_hal_smartcard.o ABSOLUTE
    ..\..\..\src\mcu\STM32L1xx\STM32L1xx_HAL_Driver\Src\stm32l1xx_hal_spi.c 0x00000000   Number         0  stm32l1xx_hal_spi.o ABSOLUTE
    ..\..\..\src\mcu\STM32L1xx\STM32L1xx_HAL_Driver\Src\stm32l1xx_hal_spi_ex.c 0x00000000   Number         0  stm32l1xx_hal_spi_ex.o ABSOLUTE
    ..\..\..\src\mcu\STM32L1xx\STM32L1xx_HAL_Driver\Src\stm32l1xx_hal_sram.c 0x00000000   Number         0  stm32l1xx_hal_sram.o ABSOLUTE
    ..\..\..\src\mcu\STM32L1xx\STM32L1xx_HAL_Driver\Src\stm32l1xx_hal_tim.c 0x00000000   Number         0  stm32l1xx_hal_tim.o ABSOLUTE
    ..\..\..\src\mcu\STM32L1xx\STM32L1xx_HAL_Driver\Src\stm32l1xx_hal_tim_ex.c 0x00000000   Number         0  stm32l1xx_hal_tim_ex.o ABSOLUTE
    ..\..\..\src\mcu\STM32L1xx\STM32L1xx_HAL_Driver\Src\stm32l1xx_hal_uart.c 0x00000000   Number         0  stm32l1xx_hal_uart.o ABSOLUTE
    ..\..\..\src\mcu\STM32L1xx\STM32L1xx_HAL_Driver\Src\stm32l1xx_hal_usart.c 0x00000000   Number         0  stm32l1xx_hal_usart.o ABSOLUTE
    ..\..\..\src\mcu\STM32L1xx\STM32L1xx_HAL_Driver\Src\stm32l1xx_hal_wwdg.c 0x00000000   Number         0  stm32l1xx_hal_wwdg.o ABSOLUTE
    ..\..\..\src\mcu\STM32L1xx\STM32L1xx_HAL_Driver\Src\stm32l1xx_ll_adc.c 0x00000000   Number         0  stm32l1xx_ll_adc.o ABSOLUTE
    ..\..\..\src\mcu\STM32L1xx\STM32L1xx_HAL_Driver\Src\stm32l1xx_ll_comp.c 0x00000000   Number         0  stm32l1xx_ll_comp.o ABSOLUTE
    ..\..\..\src\mcu\STM32L1xx\STM32L1xx_HAL_Driver\Src\stm32l1xx_ll_crc.c 0x00000000   Number         0  stm32l1xx_ll_crc.o ABSOLUTE
    ..\..\..\src\mcu\STM32L1xx\STM32L1xx_HAL_Driver\Src\stm32l1xx_ll_dac.c 0x00000000   Number         0  stm32l1xx_ll_dac.o ABSOLUTE
    ..\..\..\src\mcu\STM32L1xx\STM32L1xx_HAL_Driver\Src\stm32l1xx_ll_dma.c 0x00000000   Number         0  stm32l1xx_ll_dma.o ABSOLUTE
    ..\..\..\src\mcu\STM32L1xx\STM32L1xx_HAL_Driver\Src\stm32l1xx_ll_exti.c 0x00000000   Number         0  stm32l1xx_ll_exti.o ABSOLUTE
    ..\..\..\src\mcu\STM32L1xx\STM32L1xx_HAL_Driver\Src\stm32l1xx_ll_fsmc.c 0x00000000   Number         0  stm32l1xx_ll_fsmc.o ABSOLUTE
    ..\..\..\src\mcu\STM32L1xx\STM32L1xx_HAL_Driver\Src\stm32l1xx_ll_gpio.c 0x00000000   Number         0  stm32l1xx_ll_gpio.o ABSOLUTE
    ..\..\..\src\mcu\STM32L1xx\STM32L1xx_HAL_Driver\Src\stm32l1xx_ll_i2c.c 0x00000000   Number         0  stm32l1xx_ll_i2c.o ABSOLUTE
    ..\..\..\src\mcu\STM32L1xx\STM32L1xx_HAL_Driver\Src\stm32l1xx_ll_opamp.c 0x00000000   Number         0  stm32l1xx_ll_opamp.o ABSOLUTE
    ..\..\..\src\mcu\STM32L1xx\STM32L1xx_HAL_Driver\Src\stm32l1xx_ll_pwr.c 0x00000000   Number         0  stm32l1xx_ll_pwr.o ABSOLUTE
    ..\..\..\src\mcu\STM32L1xx\STM32L1xx_HAL_Driver\Src\stm32l1xx_ll_rcc.c 0x00000000   Number         0  stm32l1xx_ll_rcc.o ABSOLUTE
    ..\..\..\src\mcu\STM32L1xx\STM32L1xx_HAL_Driver\Src\stm32l1xx_ll_rtc.c 0x00000000   Number         0  stm32l1xx_ll_rtc.o ABSOLUTE
    ..\..\..\src\mcu\STM32L1xx\STM32L1xx_HAL_Driver\Src\stm32l1xx_ll_sdmmc.c 0x00000000   Number         0  stm32l1xx_ll_sdmmc.o ABSOLUTE
    ..\..\..\src\mcu\STM32L1xx\STM32L1xx_HAL_Driver\Src\stm32l1xx_ll_spi.c 0x00000000   Number         0  stm32l1xx_ll_spi.o ABSOLUTE
    ..\..\..\src\mcu\STM32L1xx\STM32L1xx_HAL_Driver\Src\stm32l1xx_ll_tim.c 0x00000000   Number         0  stm32l1xx_ll_tim.o ABSOLUTE
    ..\..\..\src\mcu\STM32L1xx\STM32L1xx_HAL_Driver\Src\stm32l1xx_ll_usart.c 0x00000000   Number         0  stm32l1xx_ll_usart.o ABSOLUTE
    ..\..\..\src\mcu\STM32L1xx\STM32L1xx_HAL_Driver\Src\stm32l1xx_ll_utils.c 0x00000000   Number         0  stm32l1xx_ll_utils.o ABSOLUTE
    ..\..\..\src\radio\src\sx1276-board.c    0x00000000   Number         0  sx1276-board.o ABSOLUTE
    ..\..\..\src\radio\src\sx1276.c          0x00000000   Number         0  sx1276.o ABSOLUTE
    ..\..\..\src\radio\src\timer.c           0x00000000   Number         0  timer.o ABSOLUTE
    ..\\..\\..\\src\\apps\\stm32l151xb\\rx\\main.c 0x00000000   Number         0  main.o ABSOLUTE
    ..\\..\\..\\src\\hal\\stm32l151xx\\src\\hal_interface.c 0x00000000   Number         0  hal_interface.o ABSOLUTE
    ..\\..\\..\\src\\hal\\stm32l151xx\\src\\init.c 0x00000000   Number         0  init.o ABSOLUTE
    ..\\..\\..\\src\\hal\\stm32l151xx\\src\\stm32l1xx_hal_msp.c 0x00000000   Number         0  stm32l1xx_hal_msp.o ABSOLUTE
    ..\\..\\..\\src\\hal\\stm32l151xx\\src\\stm32l1xx_it.c 0x00000000   Number         0  stm32l1xx_it.o ABSOLUTE
    ..\\..\\..\\src\\hal\\stm32l151xx\\src\\system_stm32l1xx.c 0x00000000   Number         0  system_stm32l1xx.o ABSOLUTE
    ..\\..\\..\\src\\mcu\\STM32L1xx\\STM32L1xx_HAL_Driver\\Src\\stm32l1xx_hal.c 0x00000000   Number         0  stm32l1xx_hal.o ABSOLUTE
    ..\\..\\..\\src\\mcu\\STM32L1xx\\STM32L1xx_HAL_Driver\\Src\\stm32l1xx_hal_adc.c 0x00000000   Number         0  stm32l1xx_hal_adc.o ABSOLUTE
    ..\\..\\..\\src\\mcu\\STM32L1xx\\STM32L1xx_HAL_Driver\\Src\\stm32l1xx_hal_adc_ex.c 0x00000000   Number         0  stm32l1xx_hal_adc_ex.o ABSOLUTE
    ..\\..\\..\\src\\mcu\\STM32L1xx\\STM32L1xx_HAL_Driver\\Src\\stm32l1xx_hal_comp.c 0x00000000   Number         0  stm32l1xx_hal_comp.o ABSOLUTE
    ..\\..\\..\\src\\mcu\\STM32L1xx\\STM32L1xx_HAL_Driver\\Src\\stm32l1xx_hal_cortex.c 0x00000000   Number         0  stm32l1xx_hal_cortex.o ABSOLUTE
    ..\\..\\..\\src\\mcu\\STM32L1xx\\STM32L1xx_HAL_Driver\\Src\\stm32l1xx_hal_crc.c 0x00000000   Number         0  stm32l1xx_hal_crc.o ABSOLUTE
    ..\\..\\..\\src\\mcu\\STM32L1xx\\STM32L1xx_HAL_Driver\\Src\\stm32l1xx_hal_cryp.c 0x00000000   Number         0  stm32l1xx_hal_cryp.o ABSOLUTE
    ..\\..\\..\\src\\mcu\\STM32L1xx\\STM32L1xx_HAL_Driver\\Src\\stm32l1xx_hal_cryp_ex.c 0x00000000   Number         0  stm32l1xx_hal_cryp_ex.o ABSOLUTE
    ..\\..\\..\\src\\mcu\\STM32L1xx\\STM32L1xx_HAL_Driver\\Src\\stm32l1xx_hal_dac.c 0x00000000   Number         0  stm32l1xx_hal_dac.o ABSOLUTE
    ..\\..\\..\\src\\mcu\\STM32L1xx\\STM32L1xx_HAL_Driver\\Src\\stm32l1xx_hal_dac_ex.c 0x00000000   Number         0  stm32l1xx_hal_dac_ex.o ABSOLUTE
    ..\\..\\..\\src\\mcu\\STM32L1xx\\STM32L1xx_HAL_Driver\\Src\\stm32l1xx_hal_dma.c 0x00000000   Number         0  stm32l1xx_hal_dma.o ABSOLUTE
    ..\\..\\..\\src\\mcu\\STM32L1xx\\STM32L1xx_HAL_Driver\\Src\\stm32l1xx_hal_flash.c 0x00000000   Number         0  stm32l1xx_hal_flash.o ABSOLUTE
    ..\\..\\..\\src\\mcu\\STM32L1xx\\STM32L1xx_HAL_Driver\\Src\\stm32l1xx_hal_flash_ex.c 0x00000000   Number         0  stm32l1xx_hal_flash_ex.o ABSOLUTE
    ..\\..\\..\\src\\mcu\\STM32L1xx\\STM32L1xx_HAL_Driver\\Src\\stm32l1xx_hal_flash_ramfunc.c 0x00000000   Number         0  stm32l1xx_hal_flash_ramfunc.o ABSOLUTE
    ..\\..\\..\\src\\mcu\\STM32L1xx\\STM32L1xx_HAL_Driver\\Src\\stm32l1xx_hal_gpio.c 0x00000000   Number         0  stm32l1xx_hal_gpio.o ABSOLUTE
    ..\\..\\..\\src\\mcu\\STM32L1xx\\STM32L1xx_HAL_Driver\\Src\\stm32l1xx_hal_i2c.c 0x00000000   Number         0  stm32l1xx_hal_i2c.o ABSOLUTE
    ..\\..\\..\\src\\mcu\\STM32L1xx\\STM32L1xx_HAL_Driver\\Src\\stm32l1xx_hal_i2s.c 0x00000000   Number         0  stm32l1xx_hal_i2s.o ABSOLUTE
    ..\\..\\..\\src\\mcu\\STM32L1xx\\STM32L1xx_HAL_Driver\\Src\\stm32l1xx_hal_irda.c 0x00000000   Number         0  stm32l1xx_hal_irda.o ABSOLUTE
    ..\\..\\..\\src\\mcu\\STM32L1xx\\STM32L1xx_HAL_Driver\\Src\\stm32l1xx_hal_iwdg.c 0x00000000   Number         0  stm32l1xx_hal_iwdg.o ABSOLUTE
    ..\\..\\..\\src\\mcu\\STM32L1xx\\STM32L1xx_HAL_Driver\\Src\\stm32l1xx_hal_lcd.c 0x00000000   Number         0  stm32l1xx_hal_lcd.o ABSOLUTE
    ..\\..\\..\\src\\mcu\\STM32L1xx\\STM32L1xx_HAL_Driver\\Src\\stm32l1xx_hal_msp_template.c 0x00000000   Number         0  stm32l1xx_hal_msp_template.o ABSOLUTE
    ..\\..\\..\\src\\mcu\\STM32L1xx\\STM32L1xx_HAL_Driver\\Src\\stm32l1xx_hal_nor.c 0x00000000   Number         0  stm32l1xx_hal_nor.o ABSOLUTE
    ..\\..\\..\\src\\mcu\\STM32L1xx\\STM32L1xx_HAL_Driver\\Src\\stm32l1xx_hal_opamp.c 0x00000000   Number         0  stm32l1xx_hal_opamp.o ABSOLUTE
    ..\\..\\..\\src\\mcu\\STM32L1xx\\STM32L1xx_HAL_Driver\\Src\\stm32l1xx_hal_opamp_ex.c 0x00000000   Number         0  stm32l1xx_hal_opamp_ex.o ABSOLUTE
    ..\\..\\..\\src\\mcu\\STM32L1xx\\STM32L1xx_HAL_Driver\\Src\\stm32l1xx_hal_pcd.c 0x00000000   Number         0  stm32l1xx_hal_pcd.o ABSOLUTE
    ..\\..\\..\\src\\mcu\\STM32L1xx\\STM32L1xx_HAL_Driver\\Src\\stm32l1xx_hal_pcd_ex.c 0x00000000   Number         0  stm32l1xx_hal_pcd_ex.o ABSOLUTE
    ..\\..\\..\\src\\mcu\\STM32L1xx\\STM32L1xx_HAL_Driver\\Src\\stm32l1xx_hal_pwr.c 0x00000000   Number         0  stm32l1xx_hal_pwr.o ABSOLUTE
    ..\\..\\..\\src\\mcu\\STM32L1xx\\STM32L1xx_HAL_Driver\\Src\\stm32l1xx_hal_pwr_ex.c 0x00000000   Number         0  stm32l1xx_hal_pwr_ex.o ABSOLUTE
    ..\\..\\..\\src\\mcu\\STM32L1xx\\STM32L1xx_HAL_Driver\\Src\\stm32l1xx_hal_rcc.c 0x00000000   Number         0  stm32l1xx_hal_rcc.o ABSOLUTE
    ..\\..\\..\\src\\mcu\\STM32L1xx\\STM32L1xx_HAL_Driver\\Src\\stm32l1xx_hal_rcc_ex.c 0x00000000   Number         0  stm32l1xx_hal_rcc_ex.o ABSOLUTE
    ..\\..\\..\\src\\mcu\\STM32L1xx\\STM32L1xx_HAL_Driver\\Src\\stm32l1xx_hal_rtc.c 0x00000000   Number         0  stm32l1xx_hal_rtc.o ABSOLUTE
    ..\\..\\..\\src\\mcu\\STM32L1xx\\STM32L1xx_HAL_Driver\\Src\\stm32l1xx_hal_rtc_ex.c 0x00000000   Number         0  stm32l1xx_hal_rtc_ex.o ABSOLUTE
    ..\\..\\..\\src\\mcu\\STM32L1xx\\STM32L1xx_HAL_Driver\\Src\\stm32l1xx_hal_sd.c 0x00000000   Number         0  stm32l1xx_hal_sd.o ABSOLUTE
    ..\\..\\..\\src\\mcu\\STM32L1xx\\STM32L1xx_HAL_Driver\\Src\\stm32l1xx_hal_smartcard.c 0x00000000   Number         0  stm32l1xx_hal_smartcard.o ABSOLUTE
    ..\\..\\..\\src\\mcu\\STM32L1xx\\STM32L1xx_HAL_Driver\\Src\\stm32l1xx_hal_spi.c 0x00000000   Number         0  stm32l1xx_hal_spi.o ABSOLUTE
    ..\\..\\..\\src\\mcu\\STM32L1xx\\STM32L1xx_HAL_Driver\\Src\\stm32l1xx_hal_spi_ex.c 0x00000000   Number         0  stm32l1xx_hal_spi_ex.o ABSOLUTE
    ..\\..\\..\\src\\mcu\\STM32L1xx\\STM32L1xx_HAL_Driver\\Src\\stm32l1xx_hal_sram.c 0x00000000   Number         0  stm32l1xx_hal_sram.o ABSOLUTE
    ..\\..\\..\\src\\mcu\\STM32L1xx\\STM32L1xx_HAL_Driver\\Src\\stm32l1xx_hal_tim.c 0x00000000   Number         0  stm32l1xx_hal_tim.o ABSOLUTE
    ..\\..\\..\\src\\mcu\\STM32L1xx\\STM32L1xx_HAL_Driver\\Src\\stm32l1xx_hal_tim_ex.c 0x00000000   Number         0  stm32l1xx_hal_tim_ex.o ABSOLUTE
    ..\\..\\..\\src\\mcu\\STM32L1xx\\STM32L1xx_HAL_Driver\\Src\\stm32l1xx_hal_uart.c 0x00000000   Number         0  stm32l1xx_hal_uart.o ABSOLUTE
    ..\\..\\..\\src\\mcu\\STM32L1xx\\STM32L1xx_HAL_Driver\\Src\\stm32l1xx_hal_usart.c 0x00000000   Number         0  stm32l1xx_hal_usart.o ABSOLUTE
    ..\\..\\..\\src\\mcu\\STM32L1xx\\STM32L1xx_HAL_Driver\\Src\\stm32l1xx_hal_wwdg.c 0x00000000   Number         0  stm32l1xx_hal_wwdg.o ABSOLUTE
    ..\\..\\..\\src\\mcu\\STM32L1xx\\STM32L1xx_HAL_Driver\\Src\\stm32l1xx_ll_fsmc.c 0x00000000   Number         0  stm32l1xx_ll_fsmc.o ABSOLUTE
    ..\\..\\..\\src\\mcu\\STM32L1xx\\STM32L1xx_HAL_Driver\\Src\\stm32l1xx_ll_sdmmc.c 0x00000000   Number         0  stm32l1xx_ll_sdmmc.o ABSOLUTE
    ..\\..\\..\\src\\mcu\\STM32L1xx\\STM32L1xx_HAL_Driver\\Src\\stm32l1xx_ll_utils.c 0x00000000   Number         0  stm32l1xx_ll_utils.o ABSOLUTE
    ..\\..\\..\\src\\radio\\src\\sx1276-board.c 0x00000000   Number         0  sx1276-board.o ABSOLUTE
    ..\\..\\..\\src\\radio\\src\\sx1276.c    0x00000000   Number         0  sx1276.o ABSOLUTE
    cdcmple.s                                0x00000000   Number         0  cdcmple.o ABSOLUTE
    cdrcmple.s                               0x00000000   Number         0  cdrcmple.o ABSOLUTE
    dc.s                                     0x00000000   Number         0  dc.o ABSOLUTE
    handlers.s                               0x00000000   Number         0  handlers.o ABSOLUTE
    init.s                                   0x00000000   Number         0  init.o ABSOLUTE
    RESET                                    0x08000000   Section      244  startup_stm32l151xb.o(RESET)
    .ARM.Collect$$$$00000000                 0x080000f4   Section        0  entry.o(.ARM.Collect$$$$00000000)
    .ARM.Collect$$$$00000001                 0x080000f4   Section        4  entry2.o(.ARM.Collect$$$$00000001)
    .ARM.Collect$$$$00000004                 0x080000f8   Section        4  entry5.o(.ARM.Collect$$$$00000004)
    .ARM.Collect$$$$00000008                 0x080000fc   Section        0  entry7b.o(.ARM.Collect$$$$00000008)
    .ARM.Collect$$$$0000000A                 0x080000fc   Section        0  entry8b.o(.ARM.Collect$$$$0000000A)
    .ARM.Collect$$$$0000000B                 0x080000fc   Section        8  entry9a.o(.ARM.Collect$$$$0000000B)
    .ARM.Collect$$$$0000000D                 0x08000104   Section        0  entry10a.o(.ARM.Collect$$$$0000000D)
    .ARM.Collect$$$$0000000F                 0x08000104   Section        0  entry11a.o(.ARM.Collect$$$$0000000F)
    .ARM.Collect$$$$00002712                 0x08000104   Section        4  entry2.o(.ARM.Collect$$$$00002712)
    __lit__00000000                          0x08000104   Data           4  entry2.o(.ARM.Collect$$$$00002712)
    .text                                    0x08000108   Section       36  startup_stm32l151xb.o(.text)
    .text                                    0x0800012c   Section        0  memcpya.o(.text)
    .text                                    0x08000150   Section        0  memseta.o(.text)
    .text                                    0x08000174   Section        0  dadd.o(.text)
    .text                                    0x080002c2   Section        0  dmul.o(.text)
    .text                                    0x080003a6   Section        0  ddiv.o(.text)
    .text                                    0x08000484   Section        0  dscalb.o(.text)
    .text                                    0x080004b2   Section        0  dflti.o(.text)
    .text                                    0x080004d4   Section        0  dfltui.o(.text)
    .text                                    0x080004ee   Section        0  dfixi.o(.text)
    .text                                    0x0800052c   Section        0  dfixui.o(.text)
    .text                                    0x08000560   Section       48  cdrcmple.o(.text)
    .text                                    0x08000590   Section        0  uldiv.o(.text)
    .text                                    0x080005f2   Section        0  llshl.o(.text)
    .text                                    0x08000610   Section        0  llushr.o(.text)
    .text                                    0x08000630   Section        0  llsshr.o(.text)
    .text                                    0x08000654   Section        0  depilogue.o(.text)
    .text                                    0x08000654   Section        0  iusefp.o(.text)
    .text                                    0x08000710   Section        0  drnd.o(.text)
    .text                                    0x08000798   Section       48  cdcmple.o(.text)
    .text                                    0x080007c8   Section       36  init.o(.text)
    i.BusFault_Handler                       0x080007ec   Section        0  stm32l1xx_it.o(i.BusFault_Handler)
    i.DebugMon_Handler                       0x080007ee   Section        0  stm32l1xx_it.o(i.DebugMon_Handler)
    i.EXTI0_IRQHandler                       0x080007f0   Section        0  stm32l1xx_it.o(i.EXTI0_IRQHandler)
    i.EXTI15_10_IRQHandler                   0x080007f6   Section        0  stm32l1xx_it.o(i.EXTI15_10_IRQHandler)
    i.EXTI1_IRQHandler                       0x080007fe   Section        0  stm32l1xx_it.o(i.EXTI1_IRQHandler)
    i.EXTI2_IRQHandler                       0x08000804   Section        0  stm32l1xx_it.o(i.EXTI2_IRQHandler)
    i.EXTI3_IRQHandler                       0x08000806   Section        0  stm32l1xx_it.o(i.EXTI3_IRQHandler)
    i.EXTI4_IRQHandler                       0x08000808   Section        0  stm32l1xx_it.o(i.EXTI4_IRQHandler)
    i.EXTI9_5_IRQHandler                     0x0800080a   Section        0  stm32l1xx_it.o(i.EXTI9_5_IRQHandler)
    i.GetFskBandwidthRegValue                0x08000810   Section        0  sx1276.o(i.GetFskBandwidthRegValue)
    GetFskBandwidthRegValue                  0x08000811   Thumb Code    40  sx1276.o(i.GetFskBandwidthRegValue)
    i.HAL_Delay                              0x0800083c   Section        0  stm32l1xx_hal.o(i.HAL_Delay)
    i.HAL_GPIO_EXTI_Callback                 0x08000854   Section        0  hal_interface.o(i.HAL_GPIO_EXTI_Callback)
    i.HAL_GPIO_EXTI_IRQHandler               0x0800088c   Section        0  stm32l1xx_hal_gpio.o(i.HAL_GPIO_EXTI_IRQHandler)
    i.HAL_GPIO_Init                          0x080008a4   Section        0  stm32l1xx_hal_gpio.o(i.HAL_GPIO_Init)
    i.HAL_GPIO_WritePin                      0x08000a30   Section        0  stm32l1xx_hal_gpio.o(i.HAL_GPIO_WritePin)
    i.HAL_GetTick                            0x08000a3c   Section        0  stm32l1xx_hal.o(i.HAL_GetTick)
    i.HAL_IncTick                            0x08000a48   Section        0  stm32l1xx_hal.o(i.HAL_IncTick)
    i.HAL_Init                               0x08000a58   Section        0  stm32l1xx_hal.o(i.HAL_Init)
    i.HAL_InitTick                           0x08000a70   Section        0  stm32l1xx_hal.o(i.HAL_InitTick)
    i.HAL_MspInit                            0x08000a98   Section        0  stm32l1xx_hal_msp_template.o(i.HAL_MspInit)
    i.HAL_NVIC_EnableIRQ                     0x08000a9a   Section        0  stm32l1xx_hal_cortex.o(i.HAL_NVIC_EnableIRQ)
    i.HAL_NVIC_SetPriority                   0x08000ab0   Section        0  stm32l1xx_hal_cortex.o(i.HAL_NVIC_SetPriority)
    i.HAL_NVIC_SetPriorityGrouping           0x08000af0   Section        0  stm32l1xx_hal_cortex.o(i.HAL_NVIC_SetPriorityGrouping)
    i.HAL_PWREx_GetVoltageRange              0x08000b14   Section        0  stm32l1xx_hal_pwr_ex.o(i.HAL_PWREx_GetVoltageRange)
    i.HAL_RCC_ClockConfig                    0x08000b24   Section        0  stm32l1xx_hal_rcc.o(i.HAL_RCC_ClockConfig)
    i.HAL_RCC_GetPCLK1Freq                   0x08000cf8   Section        0  stm32l1xx_hal_rcc.o(i.HAL_RCC_GetPCLK1Freq)
    i.HAL_RCC_GetPCLK2Freq                   0x08000d28   Section        0  stm32l1xx_hal_rcc.o(i.HAL_RCC_GetPCLK2Freq)
    i.HAL_RCC_GetSysClockFreq                0x08000d58   Section        0  stm32l1xx_hal_rcc.o(i.HAL_RCC_GetSysClockFreq)
    i.HAL_RCC_OscConfig                      0x08000de4   Section        0  stm32l1xx_hal_rcc.o(i.HAL_RCC_OscConfig)
    i.HAL_SPI_Init                           0x08001534   Section        0  stm32l1xx_hal_spi_ex.o(i.HAL_SPI_Init)
    i.HAL_SPI_MspInit                        0x080015ae   Section        0  stm32l1xx_hal_spi.o(i.HAL_SPI_MspInit)
    i.HAL_SPI_TransmitReceive                0x080015b0   Section        0  stm32l1xx_hal_spi.o(i.HAL_SPI_TransmitReceive)
    i.HAL_SYSTICK_Config                     0x08001862   Section        0  stm32l1xx_hal_cortex.o(i.HAL_SYSTICK_Config)
    i.HAL_UART_Init                          0x0800188a   Section        0  stm32l1xx_hal_uart.o(i.HAL_UART_Init)
    i.HAL_UART_MspInit                       0x080018e8   Section        0  stm32l1xx_hal_uart.o(i.HAL_UART_MspInit)
    i.HAL_UART_Transmit                      0x080018ec   Section        0  stm32l1xx_hal_uart.o(i.HAL_UART_Transmit)
    i.HalAttachInterrupt                     0x080019b8   Section        0  hal_interface.o(i.HalAttachInterrupt)
    i.HalPinInit                             0x080019fc   Section        0  hal_interface.o(i.HalPinInit)
    i.HalSpiInit                             0x08001af8   Section        0  hal_interface.o(i.HalSpiInit)
    HalSpiInit                               0x08001af9   Thumb Code   132  hal_interface.o(i.HalSpiInit)
    i.HalSpiTransmit                         0x08001b8c   Section        0  hal_interface.o(i.HalSpiTransmit)
    i.HalSpiWriteNss                         0x08001bb4   Section        0  hal_interface.o(i.HalSpiWriteNss)
    i.HalWriteReset                          0x08001bcc   Section        0  hal_interface.o(i.HalWriteReset)
    i.HalWriteRxTx                           0x08001c0c   Section        0  hal_interface.o(i.HalWriteRxTx)
    i.HardFault_Handler                      0x08001c24   Section        0  stm32l1xx_it.o(i.HardFault_Handler)
    i.LED_GPIO_Init                          0x08001c28   Section        0  main.o(i.LED_GPIO_Init)
    i.LedBlink                               0x08001c90   Section        0  main.o(i.LedBlink)
    i.MemManage_Handler                      0x08001cb4   Section        0  stm32l1xx_it.o(i.MemManage_Handler)
    i.NMI_Handler                            0x08001cb6   Section        0  stm32l1xx_it.o(i.NMI_Handler)
    i.NVIC_SetPriority                       0x08001cb8   Section        0  stm32l1xx_hal_cortex.o(i.NVIC_SetPriority)
    NVIC_SetPriority                         0x08001cb9   Thumb Code    32  stm32l1xx_hal_cortex.o(i.NVIC_SetPriority)
    i.OnRxDone                               0x08001cd8   Section        0  main.o(i.OnRxDone)
    i.OnRxError                              0x08001d18   Section        0  main.o(i.OnRxError)
    i.OnRxTimeout                            0x08001d2c   Section        0  main.o(i.OnRxTimeout)
    i.OnTxDone                               0x08001d44   Section        0  main.o(i.OnTxDone)
    i.OnTxTimeout                            0x08001d58   Section        0  main.o(i.OnTxTimeout)
    i.PendSV_Handler                         0x08001d70   Section        0  stm32l1xx_it.o(i.PendSV_Handler)
    i.RCC_SetFlashLatencyFromMSIRange        0x08001d74   Section        0  stm32l1xx_hal_rcc.o(i.RCC_SetFlashLatencyFromMSIRange)
    RCC_SetFlashLatencyFromMSIRange          0x08001d75   Thumb Code   112  stm32l1xx_hal_rcc.o(i.RCC_SetFlashLatencyFromMSIRange)
    i.RxChainCalibration                     0x08001dec   Section        0  sx1276.o(i.RxChainCalibration)
    RxChainCalibration                       0x08001ded   Thumb Code   138  sx1276.o(i.RxChainCalibration)
    i.SPI_WaitOnFlagUntilTimeout             0x08001e80   Section        0  stm32l1xx_hal_spi.o(i.SPI_WaitOnFlagUntilTimeout)
    SPI_WaitOnFlagUntilTimeout               0x08001e81   Thumb Code   158  stm32l1xx_hal_spi.o(i.SPI_WaitOnFlagUntilTimeout)
    i.SVC_Handler                            0x08001f1e   Section        0  stm32l1xx_it.o(i.SVC_Handler)
    i.SX1276BoardInit                        0x08001f20   Section        0  sx1276-board.o(i.SX1276BoardInit)
    i.SX1276CheckRfFrequency                 0x08001f24   Section        0  sx1276-board.o(i.SX1276CheckRfFrequency)
    i.SX1276GetPaSelect                      0x08001f28   Section        0  sx1276-board.o(i.SX1276GetPaSelect)
    i.SX1276GetStatus                        0x08001f3c   Section        0  sx1276.o(i.SX1276GetStatus)
    i.SX1276GetTimeOnAir                     0x08001f48   Section        0  sx1276.o(i.SX1276GetTimeOnAir)
    i.SX1276GetVersion                       0x0800213c   Section        0  sx1276.o(i.SX1276GetVersion)
    i.SX1276Init                             0x08002144   Section        0  sx1276.o(i.SX1276Init)
    i.SX1276IoInit                           0x080021d0   Section        0  sx1276-board.o(i.SX1276IoInit)
    i.SX1276IoIrqInit                        0x08002204   Section        0  sx1276-board.o(i.SX1276IoIrqInit)
    i.SX1276IsChannelFree                    0x0800222e   Section        0  sx1276.o(i.SX1276IsChannelFree)
    i.SX1276OnDio0Irq                        0x0800227c   Section        0  sx1276.o(i.SX1276OnDio0Irq)
    i.SX1276OnDio1Irq                        0x080024cc   Section        0  sx1276.o(i.SX1276OnDio1Irq)
    i.SX1276OnDio2Irq                        0x080025a4   Section        0  sx1276.o(i.SX1276OnDio2Irq)
    i.SX1276OnDio3Irq                        0x08002668   Section        0  sx1276.o(i.SX1276OnDio3Irq)
    i.SX1276OnDio4Irq                        0x080026c0   Section        0  sx1276.o(i.SX1276OnDio4Irq)
    i.SX1276OnTimeoutIrq                     0x080026dc   Section        0  sx1276.o(i.SX1276OnTimeoutIrq)
    i.SX1276Random                           0x080027b8   Section        0  sx1276.o(i.SX1276Random)
    i.SX1276Read                             0x080027f6   Section        0  sx1276.o(i.SX1276Read)
    i.SX1276ReadBuffer                       0x08002806   Section        0  sx1276.o(i.SX1276ReadBuffer)
    i.SX1276ReadFifo                         0x0800283a   Section        0  sx1276.o(i.SX1276ReadFifo)
    i.SX1276ReadRssi                         0x08002844   Section        0  sx1276.o(i.SX1276ReadRssi)
    i.SX1276Send                             0x08002884   Section        0  sx1276.o(i.SX1276Send)
    i.SX1276SetAntSw                         0x08002978   Section        0  sx1276-board.o(i.SX1276SetAntSw)
    i.SX1276SetAntSwLowPower                 0x08002988   Section        0  sx1276-board.o(i.SX1276SetAntSwLowPower)
    i.SX1276SetChannel                       0x080029a8   Section        0  sx1276.o(i.SX1276SetChannel)
    i.SX1276SetMaxPayloadLength              0x080029e8   Section        0  sx1276.o(i.SX1276SetMaxPayloadLength)
    i.SX1276SetModem                         0x08002a1c   Section        0  sx1276.o(i.SX1276SetModem)
    i.SX1276SetOpMode                        0x08002a90   Section        0  sx1276.o(i.SX1276SetOpMode)
    i.SX1276SetPublicNetwork                 0x08002ac0   Section        0  sx1276.o(i.SX1276SetPublicNetwork)
    i.SX1276SetReset                         0x08002ae8   Section        0  sx1276-board.o(i.SX1276SetReset)
    i.SX1276SetRfTxPower                     0x08002b08   Section        0  sx1276-board.o(i.SX1276SetRfTxPower)
    i.SX1276SetRx                            0x08002ba8   Section        0  sx1276.o(i.SX1276SetRx)
    i.SX1276SetRxConfig                      0x08002d98   Section        0  sx1276.o(i.SX1276SetRxConfig)
    i.SX1276SetSleep                         0x0800303c   Section        0  sx1276.o(i.SX1276SetSleep)
    i.SX1276SetStby                          0x08003064   Section        0  sx1276.o(i.SX1276SetStby)
    i.SX1276SetTx                            0x0800308c   Section        0  sx1276.o(i.SX1276SetTx)
    i.SX1276SetTxConfig                      0x08003130   Section        0  sx1276.o(i.SX1276SetTxConfig)
    i.SX1276SetTxContinuousWave              0x08003344   Section        0  sx1276.o(i.SX1276SetTxContinuousWave)
    i.SX1276StartCad                         0x080033c8   Section        0  sx1276.o(i.SX1276StartCad)
    i.SX1276Write                            0x08003404   Section        0  sx1276.o(i.SX1276Write)
    i.SX1276WriteBuffer                      0x08003410   Section        0  sx1276.o(i.SX1276WriteBuffer)
    i.SX1276WriteFifo                        0x08003442   Section        0  sx1276.o(i.SX1276WriteFifo)
    i.SpiSetNss                              0x0800344c   Section        0  sx1276-board.o(i.SpiSetNss)
    i.SpiTransfer                            0x08003450   Section        0  sx1276-board.o(i.SpiTransfer)
    i.SysTick_Handler                        0x08003454   Section        0  stm32l1xx_it.o(i.SysTick_Handler)
    i.SystemClock_Config                     0x08003468   Section        0  init.o(i.SystemClock_Config)
    SystemClock_Config                       0x08003469   Thumb Code   136  init.o(i.SystemClock_Config)
    i.SystemInit                             0x080034f8   Section        0  system_stm32l1xx.o(i.SystemInit)
    i.SystemInitialize                       0x08003548   Section        0  init.o(i.SystemInitialize)
    i.TimerListInsert                        0x0800355c   Section        0  timer.o(i.TimerListInsert)
    TimerListInsert                          0x0800355d   Thumb Code    60  timer.o(i.TimerListInsert)
    i.TimerListTimerReset                    0x080035b0   Section        0  timer.o(i.TimerListTimerReset)
    TimerListTimerReset                      0x080035b1   Thumb Code    26  timer.o(i.TimerListTimerReset)
    i.UART_SetConfig                         0x080035d0   Section        0  stm32l1xx_hal_uart.o(i.UART_SetConfig)
    UART_SetConfig                           0x080035d1   Thumb Code   666  stm32l1xx_hal_uart.o(i.UART_SetConfig)
    i.UART_WaitOnFlagUntilTimeout            0x08003870   Section        0  stm32l1xx_hal_uart.o(i.UART_WaitOnFlagUntilTimeout)
    UART_WaitOnFlagUntilTimeout              0x08003871   Thumb Code   146  stm32l1xx_hal_uart.o(i.UART_WaitOnFlagUntilTimeout)
    i.USART1_Init                            0x08003904   Section        0  init.o(i.USART1_Init)
    i.UsageFault_Handler                     0x08003980   Section        0  stm32l1xx_it.o(i.UsageFault_Handler)
    i.__0printf$5                            0x08003984   Section        0  printf5.o(i.__0printf$5)
    i.__scatterload_copy                     0x080039a4   Section       14  handlers.o(i.__scatterload_copy)
    i.__scatterload_null                     0x080039b2   Section        2  handlers.o(i.__scatterload_null)
    i.__scatterload_zeroinit                 0x080039b4   Section       14  handlers.o(i.__scatterload_zeroinit)
    i._printf_core                           0x080039c4   Section        0  printf5.o(i._printf_core)
    _printf_core                             0x080039c5   Thumb Code   658  printf5.o(i._printf_core)
    i.ceil                                   0x08003c84   Section        0  ceil.o(i.ceil)
    i.delay                                  0x08003d60   Section        0  hal_interface.o(i.delay)
    i.floor                                  0x08003d64   Section        0  floor.o(i.floor)
    i.fputc                                  0x08003e40   Section        0  init.o(i.fputc)
    i.intoyunTimerChangePeriod               0x08003e58   Section        0  timer.o(i.intoyunTimerChangePeriod)
    i.intoyunTimerLoop                       0x08003e74   Section        0  timer.o(i.intoyunTimerLoop)
    i.intoyunTimerRegister                   0x08003eb0   Section        0  timer.o(i.intoyunTimerRegister)
    i.intoyunTimerReset                      0x08003f14   Section        0  timer.o(i.intoyunTimerReset)
    i.intoyunTimerStart                      0x08003f18   Section        0  timer.o(i.intoyunTimerStart)
    i.intoyunTimerStop                       0x08003f40   Section        0  timer.o(i.intoyunTimerStop)
    i.main                                   0x08003f60   Section        0  main.o(i.main)
    i.malloc                                 0x0800404c   Section        0  malloc.o(i.malloc)
    i.memcpy1                                0x080040b8   Section        0  sx1276.o(i.memcpy1)
    i.millis                                 0x080040cc   Section        0  hal_interface.o(i.millis)
    i.round                                  0x080040d0   Section        0  round.o(i.round)
    .constdata                               0x08004164   Section       25  system_stm32l1xx.o(.constdata)
    .constdata                               0x0800417d   Section        8  system_stm32l1xx.o(.constdata)
    .constdata                               0x08004188   Section      224  sx1276.o(.constdata)
    .constdata                               0x08004268   Section       92  sx1276-board.o(.constdata)
    .constdata                               0x080042c4   Section       24  timer.o(.constdata)
    .data                                    0x20000000   Section       14  main.o(.data)
    bufferSize                               0x20000002   Data           2  main.o(.data)
    buffer                                   0x20000006   Data           8  main.o(.data)
    .data                                    0x20000010   Section       16  hal_interface.o(.data)
    dio0Irq                                  0x20000010   Data           4  hal_interface.o(.data)
    dio1Irq                                  0x20000014   Data           4  hal_interface.o(.data)
    dio2Irq                                  0x20000018   Data           4  hal_interface.o(.data)
    dio3Irq                                  0x2000001c   Data           4  hal_interface.o(.data)
    .data                                    0x20000020   Section        4  system_stm32l1xx.o(.data)
    .data                                    0x20000024   Section        4  stm32l1xx_hal.o(.data)
    .data                                    0x20000028   Section       28  sx1276.o(.data)
    RadioEvents                              0x20000028   Data           4  sx1276.o(.data)
    .data                                    0x20000044   Section        1  sx1276-board.o(.data)
    RadioIsActive                            0x20000044   Data           1  sx1276-board.o(.data)
    .data                                    0x20000048   Section        8  timer.o(.data)
    timerListInitFlag                        0x20000048   Data           1  timer.o(.data)
    timerListHead                            0x2000004c   Data           4  timer.o(.data)
    .data                                    0x20000050   Section        4  stdout.o(.data)
    .data                                    0x20000054   Section        4  mvars.o(.data)
    .data                                    0x20000058   Section        4  mvars.o(.data)
    .bss                                     0x2000005c   Section       28  main.o(.bss)
    RadioEvents                              0x2000005c   Data          28  main.o(.bss)
    .bss                                     0x20000078   Section       88  hal_interface.o(.bss)
    spiHandle                                0x20000078   Data          88  hal_interface.o(.bss)
    .bss                                     0x200000d0   Section       64  init.o(.bss)
    huart1                                   0x200000d0   Data          64  init.o(.bss)
    .bss                                     0x20000110   Section      376  sx1276.o(.bss)
    RxTxBuffer                               0x20000110   Data         256  sx1276.o(.bss)
    HEAP                                     0x20000288   Section     1024  startup_stm32l151xb.o(HEAP)
    STACK                                    0x20000688   Section      512  startup_stm32l151xb.o(STACK)

    Global Symbols

    Symbol Name                              Value     Ov Type        Size  Object(Section)

    BuildAttributes$$THM_ISAv4$P$D$K$B$S$PE$A:L22UL41UL21$X:L11$S22US41US21$IEEE1$IW$USESV6$~STKCKD$USESV7$~SHL$OTIME$ROPI$IEEEJ$EBA8$MICROLIB$REQ8$PRES8$EABIv2 0x00000000   Number         0  anon$$obj.o ABSOLUTE
    __ARM_use_no_argv                        0x00000000   Number         0  main.o ABSOLUTE
    _printf_a                                0x00000000   Number         0  stubs.o ABSOLUTE
    _printf_c                                0x00000000   Number         0  stubs.o ABSOLUTE
    _printf_charcount                        0x00000000   Number         0  stubs.o ABSOLUTE
    _printf_d                                0x00000000   Number         0  stubs.o ABSOLUTE
    _printf_e                                0x00000000   Number         0  stubs.o ABSOLUTE
    _printf_f                                0x00000000   Number         0  stubs.o ABSOLUTE
    _printf_flags                            0x00000000   Number         0  stubs.o ABSOLUTE
    _printf_fp_dec                           0x00000000   Number         0  stubs.o ABSOLUTE
    _printf_fp_hex                           0x00000000   Number         0  stubs.o ABSOLUTE
    _printf_g                                0x00000000   Number         0  stubs.o ABSOLUTE
    _printf_i                                0x00000000   Number         0  stubs.o ABSOLUTE
    _printf_int_dec                          0x00000000   Number         0  stubs.o ABSOLUTE
    _printf_l                                0x00000000   Number         0  stubs.o ABSOLUTE
    _printf_lc                               0x00000000   Number         0  stubs.o ABSOLUTE
    _printf_ll                               0x00000000   Number         0  stubs.o ABSOLUTE
    _printf_lld                              0x00000000   Number         0  stubs.o ABSOLUTE
    _printf_lli                              0x00000000   Number         0  stubs.o ABSOLUTE
    _printf_llo                              0x00000000   Number         0  stubs.o ABSOLUTE
    _printf_llu                              0x00000000   Number         0  stubs.o ABSOLUTE
    _printf_llx                              0x00000000   Number         0  stubs.o ABSOLUTE
    _printf_longlong_dec                     0x00000000   Number         0  stubs.o ABSOLUTE
    _printf_longlong_hex                     0x00000000   Number         0  stubs.o ABSOLUTE
    _printf_longlong_oct                     0x00000000   Number         0  stubs.o ABSOLUTE
    _printf_ls                               0x00000000   Number         0  stubs.o ABSOLUTE
    _printf_mbtowc                           0x00000000   Number         0  stubs.o ABSOLUTE
    _printf_n                                0x00000000   Number         0  stubs.o ABSOLUTE
    _printf_o                                0x00000000   Number         0  stubs.o ABSOLUTE
    _printf_p                                0x00000000   Number         0  stubs.o ABSOLUTE
    _printf_percent                          0x00000000   Number         0  stubs.o ABSOLUTE
    _printf_pre_padding                      0x00000000   Number         0  stubs.o ABSOLUTE
    _printf_return_value                     0x00000000   Number         0  stubs.o ABSOLUTE
    _printf_s                                0x00000000   Number         0  stubs.o ABSOLUTE
    _printf_sizespec                         0x00000000   Number         0  stubs.o ABSOLUTE
    _printf_str                              0x00000000   Number         0  stubs.o ABSOLUTE
    _printf_truncate_signed                  0x00000000   Number         0  stubs.o ABSOLUTE
    _printf_truncate_unsigned                0x00000000   Number         0  stubs.o ABSOLUTE
    _printf_u                                0x00000000   Number         0  stubs.o ABSOLUTE
    _printf_wc                               0x00000000   Number         0  stubs.o ABSOLUTE
    _printf_wctomb                           0x00000000   Number         0  stubs.o ABSOLUTE
    _printf_widthprec                        0x00000000   Number         0  stubs.o ABSOLUTE
    _printf_x                                0x00000000   Number         0  stubs.o ABSOLUTE
    __cpp_initialize__aeabi_                  - Undefined Weak Reference
    __cxa_finalize                            - Undefined Weak Reference
    __decompress                              - Undefined Weak Reference
    _clock_init                               - Undefined Weak Reference
    _microlib_exit                            - Undefined Weak Reference
    __Vectors_Size                           0x000000f4   Number         0  startup_stm32l151xb.o ABSOLUTE
    __Vectors                                0x08000000   Data           4  startup_stm32l151xb.o(RESET)
    __Vectors_End                            0x080000f4   Data           0  startup_stm32l151xb.o(RESET)
    __main                                   0x080000f5   Thumb Code     0  entry.o(.ARM.Collect$$$$00000000)
    _main_stk                                0x080000f5   Thumb Code     0  entry2.o(.ARM.Collect$$$$00000001)
    _main_scatterload                        0x080000f9   Thumb Code     0  entry5.o(.ARM.Collect$$$$00000004)
    __main_after_scatterload                 0x080000fd   Thumb Code     0  entry5.o(.ARM.Collect$$$$00000004)
    _main_clock                              0x080000fd   Thumb Code     0  entry7b.o(.ARM.Collect$$$$00000008)
    _main_cpp_init                           0x080000fd   Thumb Code     0  entry8b.o(.ARM.Collect$$$$0000000A)
    _main_init                               0x080000fd   Thumb Code     0  entry9a.o(.ARM.Collect$$$$0000000B)
    __rt_final_cpp                           0x08000105   Thumb Code     0  entry10a.o(.ARM.Collect$$$$0000000D)
    __rt_final_exit                          0x08000105   Thumb Code     0  entry11a.o(.ARM.Collect$$$$0000000F)
    Reset_Handler                            0x08000109   Thumb Code     8  startup_stm32l151xb.o(.text)
    ADC1_IRQHandler                          0x08000123   Thumb Code     0  startup_stm32l151xb.o(.text)
    COMP_IRQHandler                          0x08000123   Thumb Code     0  startup_stm32l151xb.o(.text)
    DAC_IRQHandler                           0x08000123   Thumb Code     0  startup_stm32l151xb.o(.text)
    DMA1_Channel1_IRQHandler                 0x08000123   Thumb Code     0  startup_stm32l151xb.o(.text)
    DMA1_Channel2_IRQHandler                 0x08000123   Thumb Code     0  startup_stm32l151xb.o(.text)
    DMA1_Channel3_IRQHandler                 0x08000123   Thumb Code     0  startup_stm32l151xb.o(.text)
    DMA1_Channel4_IRQHandler                 0x08000123   Thumb Code     0  startup_stm32l151xb.o(.text)
    DMA1_Channel5_IRQHandler                 0x08000123   Thumb Code     0  startup_stm32l151xb.o(.text)
    DMA1_Channel6_IRQHandler                 0x08000123   Thumb Code     0  startup_stm32l151xb.o(.text)
    DMA1_Channel7_IRQHandler                 0x08000123   Thumb Code     0  startup_stm32l151xb.o(.text)
    FLASH_IRQHandler                         0x08000123   Thumb Code     0  startup_stm32l151xb.o(.text)
    I2C1_ER_IRQHandler                       0x08000123   Thumb Code     0  startup_stm32l151xb.o(.text)
    I2C1_EV_IRQHandler                       0x08000123   Thumb Code     0  startup_stm32l151xb.o(.text)
    I2C2_ER_IRQHandler                       0x08000123   Thumb Code     0  startup_stm32l151xb.o(.text)
    I2C2_EV_IRQHandler                       0x08000123   Thumb Code     0  startup_stm32l151xb.o(.text)
    PVD_IRQHandler                           0x08000123   Thumb Code     0  startup_stm32l151xb.o(.text)
    RCC_IRQHandler                           0x08000123   Thumb Code     0  startup_stm32l151xb.o(.text)
    RTC_Alarm_IRQHandler                     0x08000123   Thumb Code     0  startup_stm32l151xb.o(.text)
    RTC_WKUP_IRQHandler                      0x08000123   Thumb Code     0  startup_stm32l151xb.o(.text)
    SPI1_IRQHandler                          0x08000123   Thumb Code     0  startup_stm32l151xb.o(.text)
    SPI2_IRQHandler                          0x08000123   Thumb Code     0  startup_stm32l151xb.o(.text)
    TAMPER_STAMP_IRQHandler                  0x08000123   Thumb Code     0  startup_stm32l151xb.o(.text)
    TIM10_IRQHandler                         0x08000123   Thumb Code     0  startup_stm32l151xb.o(.text)
    TIM11_IRQHandler                         0x08000123   Thumb Code     0  startup_stm32l151xb.o(.text)
    TIM2_IRQHandler                          0x08000123   Thumb Code     0  startup_stm32l151xb.o(.text)
    TIM3_IRQHandler                          0x08000123   Thumb Code     0  startup_stm32l151xb.o(.text)
    TIM4_IRQHandler                          0x08000123   Thumb Code     0  startup_stm32l151xb.o(.text)
    TIM6_IRQHandler                          0x08000123   Thumb Code     0  startup_stm32l151xb.o(.text)
    TIM7_IRQHandler                          0x08000123   Thumb Code     0  startup_stm32l151xb.o(.text)
    TIM9_IRQHandler                          0x08000123   Thumb Code     0  startup_stm32l151xb.o(.text)
    USART1_IRQHandler                        0x08000123   Thumb Code     0  startup_stm32l151xb.o(.text)
    USART2_IRQHandler                        0x08000123   Thumb Code     0  startup_stm32l151xb.o(.text)
    USART3_IRQHandler                        0x08000123   Thumb Code     0  startup_stm32l151xb.o(.text)
    USB_FS_WKUP_IRQHandler                   0x08000123   Thumb Code     0  startup_stm32l151xb.o(.text)
    USB_HP_IRQHandler                        0x08000123   Thumb Code     0  startup_stm32l151xb.o(.text)
    USB_LP_IRQHandler                        0x08000123   Thumb Code     0  startup_stm32l151xb.o(.text)
    WWDG_IRQHandler                          0x08000123   Thumb Code     0  startup_stm32l151xb.o(.text)
    __aeabi_memcpy                           0x0800012d   Thumb Code    36  memcpya.o(.text)
    __aeabi_memcpy4                          0x0800012d   Thumb Code     0  memcpya.o(.text)
    __aeabi_memcpy8                          0x0800012d   Thumb Code     0  memcpya.o(.text)
    __aeabi_memset                           0x08000151   Thumb Code    14  memseta.o(.text)
    __aeabi_memset4                          0x08000151   Thumb Code     0  memseta.o(.text)
    __aeabi_memset8                          0x08000151   Thumb Code     0  memseta.o(.text)
    __aeabi_memclr                           0x0800015f   Thumb Code     4  memseta.o(.text)
    __aeabi_memclr4                          0x0800015f   Thumb Code     0  memseta.o(.text)
    __aeabi_memclr8                          0x0800015f   Thumb Code     0  memseta.o(.text)
    _memset$wrapper                          0x08000163   Thumb Code    18  memseta.o(.text)
    __aeabi_dadd                             0x08000175   Thumb Code   322  dadd.o(.text)
    __aeabi_dsub                             0x080002b7   Thumb Code     6  dadd.o(.text)
    __aeabi_drsub                            0x080002bd   Thumb Code     6  dadd.o(.text)
    __aeabi_dmul                             0x080002c3   Thumb Code   228  dmul.o(.text)
    __aeabi_ddiv                             0x080003a7   Thumb Code   222  ddiv.o(.text)
    __ARM_scalbn                             0x08000485   Thumb Code    46  dscalb.o(.text)
    scalbn                                   0x08000485   Thumb Code     0  dscalb.o(.text)
    __aeabi_i2d                              0x080004b3   Thumb Code    34  dflti.o(.text)
    __aeabi_ui2d                             0x080004d5   Thumb Code    26  dfltui.o(.text)
    __aeabi_d2iz                             0x080004ef   Thumb Code    62  dfixi.o(.text)
    __aeabi_d2uiz                            0x0800052d   Thumb Code    50  dfixui.o(.text)
    __aeabi_cdrcmple                         0x08000561   Thumb Code    48  cdrcmple.o(.text)
    __aeabi_uldivmod                         0x08000591   Thumb Code    98  uldiv.o(.text)
    __aeabi_llsl                             0x080005f3   Thumb Code    30  llshl.o(.text)
    _ll_shift_l                              0x080005f3   Thumb Code     0  llshl.o(.text)
    __aeabi_llsr                             0x08000611   Thumb Code    32  llushr.o(.text)
    _ll_ushift_r                             0x08000611   Thumb Code     0  llushr.o(.text)
    __aeabi_lasr                             0x08000631   Thumb Code    36  llsshr.o(.text)
    _ll_sshift_r                             0x08000631   Thumb Code     0  llsshr.o(.text)
    __I$use$fp                               0x08000655   Thumb Code     0  iusefp.o(.text)
    _double_round                            0x08000655   Thumb Code    30  depilogue.o(.text)
    _double_epilogue                         0x08000673   Thumb Code   156  depilogue.o(.text)
    _drnd                                    0x08000711   Thumb Code   132  drnd.o(.text)
    __aeabi_cdcmpeq                          0x08000799   Thumb Code     0  cdcmple.o(.text)
    __aeabi_cdcmple                          0x08000799   Thumb Code    48  cdcmple.o(.text)
    __scatterload                            0x080007c9   Thumb Code    28  init.o(.text)
    __scatterload_rt2                        0x080007c9   Thumb Code     0  init.o(.text)
    BusFault_Handler                         0x080007ed   Thumb Code     2  stm32l1xx_it.o(i.BusFault_Handler)
    DebugMon_Handler                         0x080007ef   Thumb Code     2  stm32l1xx_it.o(i.DebugMon_Handler)
    EXTI0_IRQHandler                         0x080007f1   Thumb Code     6  stm32l1xx_it.o(i.EXTI0_IRQHandler)
    EXTI15_10_IRQHandler                     0x080007f7   Thumb Code     8  stm32l1xx_it.o(i.EXTI15_10_IRQHandler)
    EXTI1_IRQHandler                         0x080007ff   Thumb Code     6  stm32l1xx_it.o(i.EXTI1_IRQHandler)
    EXTI2_IRQHandler                         0x08000805   Thumb Code     2  stm32l1xx_it.o(i.EXTI2_IRQHandler)
    EXTI3_IRQHandler                         0x08000807   Thumb Code     2  stm32l1xx_it.o(i.EXTI3_IRQHandler)
    EXTI4_IRQHandler                         0x08000809   Thumb Code     2  stm32l1xx_it.o(i.EXTI4_IRQHandler)
    EXTI9_5_IRQHandler                       0x0800080b   Thumb Code     6  stm32l1xx_it.o(i.EXTI9_5_IRQHandler)
    HAL_Delay                                0x0800083d   Thumb Code    22  stm32l1xx_hal.o(i.HAL_Delay)
    HAL_GPIO_EXTI_Callback                   0x08000855   Thumb Code    50  hal_interface.o(i.HAL_GPIO_EXTI_Callback)
    HAL_GPIO_EXTI_IRQHandler                 0x0800088d   Thumb Code    18  stm32l1xx_hal_gpio.o(i.HAL_GPIO_EXTI_IRQHandler)
    HAL_GPIO_Init                            0x080008a5   Thumb Code   364  stm32l1xx_hal_gpio.o(i.HAL_GPIO_Init)
    HAL_GPIO_WritePin                        0x08000a31   Thumb Code    10  stm32l1xx_hal_gpio.o(i.HAL_GPIO_WritePin)
    HAL_GetTick                              0x08000a3d   Thumb Code     6  stm32l1xx_hal.o(i.HAL_GetTick)
    HAL_IncTick                              0x08000a49   Thumb Code    10  stm32l1xx_hal.o(i.HAL_IncTick)
    HAL_Init                                 0x08000a59   Thumb Code    22  stm32l1xx_hal.o(i.HAL_Init)
    HAL_InitTick                             0x08000a71   Thumb Code    34  stm32l1xx_hal.o(i.HAL_InitTick)
    HAL_MspInit                              0x08000a99   Thumb Code     2  stm32l1xx_hal_msp_template.o(i.HAL_MspInit)
    HAL_NVIC_EnableIRQ                       0x08000a9b   Thumb Code    22  stm32l1xx_hal_cortex.o(i.HAL_NVIC_EnableIRQ)
    HAL_NVIC_SetPriority                     0x08000ab1   Thumb Code    60  stm32l1xx_hal_cortex.o(i.HAL_NVIC_SetPriority)
    HAL_NVIC_SetPriorityGrouping             0x08000af1   Thumb Code    26  stm32l1xx_hal_cortex.o(i.HAL_NVIC_SetPriorityGrouping)
    HAL_PWREx_GetVoltageRange                0x08000b15   Thumb Code    10  stm32l1xx_hal_pwr_ex.o(i.HAL_PWREx_GetVoltageRange)
    HAL_RCC_ClockConfig                      0x08000b25   Thumb Code   450  stm32l1xx_hal_rcc.o(i.HAL_RCC_ClockConfig)
    HAL_RCC_GetPCLK1Freq                     0x08000cf9   Thumb Code    34  stm32l1xx_hal_rcc.o(i.HAL_RCC_GetPCLK1Freq)
    HAL_RCC_GetPCLK2Freq                     0x08000d29   Thumb Code    34  stm32l1xx_hal_rcc.o(i.HAL_RCC_GetPCLK2Freq)
    HAL_RCC_GetSysClockFreq                  0x08000d59   Thumb Code   122  stm32l1xx_hal_rcc.o(i.HAL_RCC_GetSysClockFreq)
    HAL_RCC_OscConfig                        0x08000de5   Thumb Code  1860  stm32l1xx_hal_rcc.o(i.HAL_RCC_OscConfig)
    HAL_SPI_Init                             0x08001535   Thumb Code   122  stm32l1xx_hal_spi_ex.o(i.HAL_SPI_Init)
    HAL_SPI_MspInit                          0x080015af   Thumb Code     2  stm32l1xx_hal_spi.o(i.HAL_SPI_MspInit)
    HAL_SPI_TransmitReceive                  0x080015b1   Thumb Code   690  stm32l1xx_hal_spi.o(i.HAL_SPI_TransmitReceive)
    HAL_SYSTICK_Config                       0x08001863   Thumb Code    40  stm32l1xx_hal_cortex.o(i.HAL_SYSTICK_Config)
    HAL_UART_Init                            0x0800188b   Thumb Code    94  stm32l1xx_hal_uart.o(i.HAL_UART_Init)
    HAL_UART_MspInit                         0x080018e9   Thumb Code     2  stm32l1xx_hal_uart.o(i.HAL_UART_MspInit)
    HAL_UART_Transmit                        0x080018ed   Thumb Code   204  stm32l1xx_hal_uart.o(i.HAL_UART_Transmit)
    HalAttachInterrupt                       0x080019b9   Thumb Code    64  hal_interface.o(i.HalAttachInterrupt)
    HalPinInit                               0x080019fd   Thumb Code   230  hal_interface.o(i.HalPinInit)
    HalSpiTransmit                           0x08001b8d   Thumb Code    34  hal_interface.o(i.HalSpiTransmit)
    HalSpiWriteNss                           0x08001bb5   Thumb Code    20  hal_interface.o(i.HalSpiWriteNss)
    HalWriteReset                            0x08001bcd   Thumb Code    58  hal_interface.o(i.HalWriteReset)
    HalWriteRxTx                             0x08001c0d   Thumb Code    20  hal_interface.o(i.HalWriteRxTx)
    HardFault_Handler                        0x08001c25   Thumb Code     2  stm32l1xx_it.o(i.HardFault_Handler)
    LED_GPIO_Init                            0x08001c29   Thumb Code    94  main.o(i.LED_GPIO_Init)
    LedBlink                                 0x08001c91   Thumb Code    28  main.o(i.LedBlink)
    MemManage_Handler                        0x08001cb5   Thumb Code     2  stm32l1xx_it.o(i.MemManage_Handler)
    NMI_Handler                              0x08001cb7   Thumb Code     2  stm32l1xx_it.o(i.NMI_Handler)
    OnRxDone                                 0x08001cd9   Thumb Code    48  main.o(i.OnRxDone)
    OnRxError                                0x08001d19   Thumb Code     6  main.o(i.OnRxError)
    OnRxTimeout                              0x08001d2d   Thumb Code     6  main.o(i.OnRxTimeout)
    OnTxDone                                 0x08001d45   Thumb Code     6  main.o(i.OnTxDone)
    OnTxTimeout                              0x08001d59   Thumb Code     6  main.o(i.OnTxTimeout)
    PendSV_Handler                           0x08001d71   Thumb Code     2  stm32l1xx_it.o(i.PendSV_Handler)
    SVC_Handler                              0x08001f1f   Thumb Code     2  stm32l1xx_it.o(i.SVC_Handler)
    SX1276BoardInit                          0x08001f21   Thumb Code     4  sx1276-board.o(i.SX1276BoardInit)
    SX1276CheckRfFrequency                   0x08001f25   Thumb Code     4  sx1276-board.o(i.SX1276CheckRfFrequency)
    SX1276GetPaSelect                        0x08001f29   Thumb Code    14  sx1276-board.o(i.SX1276GetPaSelect)
    SX1276GetStatus                          0x08001f3d   Thumb Code     6  sx1276.o(i.SX1276GetStatus)
    SX1276GetTimeOnAir                       0x08001f49   Thumb Code   458  sx1276.o(i.SX1276GetTimeOnAir)
    SX1276GetVersion                         0x0800213d   Thumb Code     6  sx1276.o(i.SX1276GetVersion)
    SX1276Init                               0x08002145   Thumb Code   118  sx1276.o(i.SX1276Init)
    SX1276IoInit                             0x080021d1   Thumb Code    48  sx1276-board.o(i.SX1276IoInit)
    SX1276IoIrqInit                          0x08002205   Thumb Code    42  sx1276-board.o(i.SX1276IoIrqInit)
    SX1276IsChannelFree                      0x0800222f   Thumb Code    78  sx1276.o(i.SX1276IsChannelFree)
    SX1276OnDio0Irq                          0x0800227d   Thumb Code   572  sx1276.o(i.SX1276OnDio0Irq)
    SX1276OnDio1Irq                          0x080024cd   Thumb Code   204  sx1276.o(i.SX1276OnDio1Irq)
    SX1276OnDio2Irq                          0x080025a5   Thumb Code   180  sx1276.o(i.SX1276OnDio2Irq)
    SX1276OnDio3Irq                          0x08002669   Thumb Code    80  sx1276.o(i.SX1276OnDio3Irq)
    SX1276OnDio4Irq                          0x080026c1   Thumb Code    24  sx1276.o(i.SX1276OnDio4Irq)
    SX1276OnTimeoutIrq                       0x080026dd   Thumb Code   204  sx1276.o(i.SX1276OnTimeoutIrq)
    SX1276Random                             0x080027b9   Thumb Code    62  sx1276.o(i.SX1276Random)
    SX1276Read                               0x080027f7   Thumb Code    16  sx1276.o(i.SX1276Read)
    SX1276ReadBuffer                         0x08002807   Thumb Code    52  sx1276.o(i.SX1276ReadBuffer)
    SX1276ReadFifo                           0x0800283b   Thumb Code    10  sx1276.o(i.SX1276ReadFifo)
    SX1276ReadRssi                           0x08002845   Thumb Code    56  sx1276.o(i.SX1276ReadRssi)
    SX1276Send                               0x08002885   Thumb Code   234  sx1276.o(i.SX1276Send)
    SX1276SetAntSw                           0x08002979   Thumb Code    16  sx1276-board.o(i.SX1276SetAntSw)
    SX1276SetAntSwLowPower                   0x08002989   Thumb Code    26  sx1276-board.o(i.SX1276SetAntSwLowPower)
    SX1276SetChannel                         0x080029a9   Thumb Code    56  sx1276.o(i.SX1276SetChannel)
    SX1276SetMaxPayloadLength                0x080029e9   Thumb Code    46  sx1276.o(i.SX1276SetMaxPayloadLength)
    SX1276SetModem                           0x08002a1d   Thumb Code   110  sx1276.o(i.SX1276SetModem)
    SX1276SetOpMode                          0x08002a91   Thumb Code    48  sx1276.o(i.SX1276SetOpMode)
    SX1276SetPublicNetwork                   0x08002ac1   Thumb Code    34  sx1276.o(i.SX1276SetPublicNetwork)
    SX1276SetReset                           0x08002ae9   Thumb Code    30  sx1276-board.o(i.SX1276SetReset)
    SX1276SetRfTxPower                       0x08002b09   Thumb Code   156  sx1276-board.o(i.SX1276SetRfTxPower)
    SX1276SetRx                              0x08002ba9   Thumb Code   484  sx1276.o(i.SX1276SetRx)
    SX1276SetRxConfig                        0x08002d99   Thumb Code   654  sx1276.o(i.SX1276SetRxConfig)
    SX1276SetSleep                           0x0800303d   Thumb Code    30  sx1276.o(i.SX1276SetSleep)
    SX1276SetStby                            0x08003065   Thumb Code    30  sx1276.o(i.SX1276SetStby)
    SX1276SetTx                              0x0800308d   Thumb Code   154  sx1276.o(i.SX1276SetTx)
    SX1276SetTxConfig                        0x08003131   Thumb Code   518  sx1276.o(i.SX1276SetTxConfig)
    SX1276SetTxContinuousWave                0x08003345   Thumb Code   122  sx1276.o(i.SX1276SetTxContinuousWave)
    SX1276StartCad                           0x080033c9   Thumb Code    54  sx1276.o(i.SX1276StartCad)
    SX1276Write                              0x08003405   Thumb Code    12  sx1276.o(i.SX1276Write)
    SX1276WriteBuffer                        0x08003411   Thumb Code    50  sx1276.o(i.SX1276WriteBuffer)
    SX1276WriteFifo                          0x08003443   Thumb Code    10  sx1276.o(i.SX1276WriteFifo)
    SpiSetNss                                0x0800344d   Thumb Code     4  sx1276-board.o(i.SpiSetNss)
    SpiTransfer                              0x08003451   Thumb Code     4  sx1276-board.o(i.SpiTransfer)
    SysTick_Handler                          0x08003455   Thumb Code    16  stm32l1xx_it.o(i.SysTick_Handler)
    SystemInit                               0x080034f9   Thumb Code    62  system_stm32l1xx.o(i.SystemInit)
    SystemInitialize                         0x08003549   Thumb Code    18  init.o(i.SystemInitialize)
    USART1_Init                              0x08003905   Thumb Code   108  init.o(i.USART1_Init)
    UsageFault_Handler                       0x08003981   Thumb Code     2  stm32l1xx_it.o(i.UsageFault_Handler)
    __0printf$5                              0x08003985   Thumb Code    22  printf5.o(i.__0printf$5)
    __1printf$5                              0x08003985   Thumb Code     0  printf5.o(i.__0printf$5)
    __2printf                                0x08003985   Thumb Code     0  printf5.o(i.__0printf$5)
    __scatterload_copy                       0x080039a5   Thumb Code    14  handlers.o(i.__scatterload_copy)
    __scatterload_null                       0x080039b3   Thumb Code     2  handlers.o(i.__scatterload_null)
    __scatterload_zeroinit                   0x080039b5   Thumb Code    14  handlers.o(i.__scatterload_zeroinit)
    ceil                                     0x08003c85   Thumb Code   204  ceil.o(i.ceil)
    delay                                    0x08003d61   Thumb Code     4  hal_interface.o(i.delay)
    floor                                    0x08003d65   Thumb Code   204  floor.o(i.floor)
    fputc                                    0x08003e41   Thumb Code    18  init.o(i.fputc)
    intoyunTimerChangePeriod                 0x08003e59   Thumb Code    22  timer.o(i.intoyunTimerChangePeriod)
    intoyunTimerLoop                         0x08003e75   Thumb Code    54  timer.o(i.intoyunTimerLoop)
    intoyunTimerRegister                     0x08003eb1   Thumb Code    78  timer.o(i.intoyunTimerRegister)
    intoyunTimerReset                        0x08003f15   Thumb Code     4  timer.o(i.intoyunTimerReset)
    intoyunTimerStart                        0x08003f19   Thumb Code    34  timer.o(i.intoyunTimerStart)
    intoyunTimerStop                         0x08003f41   Thumb Code    26  timer.o(i.intoyunTimerStop)
    main                                     0x08003f61   Thumb Code   166  main.o(i.main)
    malloc                                   0x0800404d   Thumb Code    92  malloc.o(i.malloc)
    memcpy1                                  0x080040b9   Thumb Code    20  sx1276.o(i.memcpy1)
    millis                                   0x080040cd   Thumb Code     4  hal_interface.o(i.millis)
    round                                    0x080040d1   Thumb Code   136  round.o(i.round)
    PLLMulTable                              0x08004164   Data           9  system_stm32l1xx.o(.constdata)
    AHBPrescTable                            0x0800416d   Data          16  system_stm32l1xx.o(.constdata)
    APBPrescTable                            0x0800417d   Data           8  system_stm32l1xx.o(.constdata)
    RadioRegsInit                            0x08004188   Data          48  sx1276.o(.constdata)
    FskBandwidths                            0x080041b8   Data         176  sx1276.o(.constdata)
    Radio                                    0x08004268   Data          92  sx1276-board.o(.constdata)
    Timer                                    0x080042c4   Data          24  timer.o(.constdata)
    Region$$Table$$Base                      0x080042dc   Number         0  anon$$obj.o(Region$$Table)
    Region$$Table$$Limit                     0x080042fc   Number         0  anon$$obj.o(Region$$Table)
    ledFlag                                  0x20000000   Data           1  main.o(.data)
    snr                                      0x20000001   Data           1  main.o(.data)
    rssi                                     0x20000004   Data           2  main.o(.data)
    SystemCoreClock                          0x20000020   Data           4  system_stm32l1xx.o(.data)
    uwTick                                   0x20000024   Data           4  stm32l1xx_hal.o(.data)
    DioIrq                                   0x2000002c   Data          24  sx1276.o(.data)
    __stdout                                 0x20000050   Data           4  stdout.o(.data)
    __microlib_freelist                      0x20000054   Data           4  mvars.o(.data)
    __microlib_freelist_initialised          0x20000058   Data           4  mvars.o(.data)
    SX1276                                   0x20000210   Data         120  sx1276.o(.bss)
    __heap_base                              0x20000288   Data           0  startup_stm32l151xb.o(HEAP)
    __heap_limit                             0x20000688   Data           0  startup_stm32l151xb.o(HEAP)
    __initial_sp                             0x20000888   Data           0  startup_stm32l151xb.o(STACK)



==============================================================================

Memory Map of the image

  Image Entry point : 0x080000f5

  Load Region LR_IROM1 (Base: 0x08000000, Size: 0x00004358, Max: 0x00020000, ABSOLUTE)

    Execution Region ER_IROM1 (Exec base: 0x08000000, Load base: 0x08000000, Size: 0x000042fc, Max: 0x00020000, ABSOLUTE)

    Exec Addr    Load Addr    Size         Type   Attr      Idx    E Section Name        Object

    0x08000000   0x08000000   0x000000f4   Data   RO          329    RESET               startup_stm32l151xb.o
    0x080000f4   0x080000f4   0x00000000   Code   RO         3203  * .ARM.Collect$$$$00000000  mc_w.l(entry.o)
    0x080000f4   0x080000f4   0x00000004   Code   RO         3519    .ARM.Collect$$$$00000001  mc_w.l(entry2.o)
    0x080000f8   0x080000f8   0x00000004   Code   RO         3522    .ARM.Collect$$$$00000004  mc_w.l(entry5.o)
    0x080000fc   0x080000fc   0x00000000   Code   RO         3524    .ARM.Collect$$$$00000008  mc_w.l(entry7b.o)
    0x080000fc   0x080000fc   0x00000000   Code   RO         3526    .ARM.Collect$$$$0000000A  mc_w.l(entry8b.o)
    0x080000fc   0x080000fc   0x00000008   Code   RO         3527    .ARM.Collect$$$$0000000B  mc_w.l(entry9a.o)
    0x08000104   0x08000104   0x00000000   Code   RO         3529    .ARM.Collect$$$$0000000D  mc_w.l(entry10a.o)
    0x08000104   0x08000104   0x00000000   Code   RO         3531    .ARM.Collect$$$$0000000F  mc_w.l(entry11a.o)
    0x08000104   0x08000104   0x00000004   Code   RO         3520    .ARM.Collect$$$$00002712  mc_w.l(entry2.o)
    0x08000108   0x08000108   0x00000024   Code   RO          330    .text               startup_stm32l151xb.o
    0x0800012c   0x0800012c   0x00000024   Code   RO         3206    .text               mc_w.l(memcpya.o)
    0x08000150   0x08000150   0x00000024   Code   RO         3208    .text               mc_w.l(memseta.o)
    0x08000174   0x08000174   0x0000014e   Code   RO         3501    .text               mf_w.l(dadd.o)
    0x080002c2   0x080002c2   0x000000e4   Code   RO         3503    .text               mf_w.l(dmul.o)
    0x080003a6   0x080003a6   0x000000de   Code   RO         3505    .text               mf_w.l(ddiv.o)
    0x08000484   0x08000484   0x0000002e   Code   RO         3507    .text               mf_w.l(dscalb.o)
    0x080004b2   0x080004b2   0x00000022   Code   RO         3509    .text               mf_w.l(dflti.o)
    0x080004d4   0x080004d4   0x0000001a   Code   RO         3511    .text               mf_w.l(dfltui.o)
    0x080004ee   0x080004ee   0x0000003e   Code   RO         3513    .text               mf_w.l(dfixi.o)
    0x0800052c   0x0800052c   0x00000032   Code   RO         3515    .text               mf_w.l(dfixui.o)
    0x0800055e   0x0800055e   0x00000002   PAD
    0x08000560   0x08000560   0x00000030   Code   RO         3517    .text               mf_w.l(cdrcmple.o)
    0x08000590   0x08000590   0x00000062   Code   RO         3536    .text               mc_w.l(uldiv.o)
    0x080005f2   0x080005f2   0x0000001e   Code   RO         3538    .text               mc_w.l(llshl.o)
    0x08000610   0x08000610   0x00000020   Code   RO         3540    .text               mc_w.l(llushr.o)
    0x08000630   0x08000630   0x00000024   Code   RO         3542    .text               mc_w.l(llsshr.o)
    0x08000654   0x08000654   0x00000000   Code   RO         3546    .text               mc_w.l(iusefp.o)
    0x08000654   0x08000654   0x000000ba   Code   RO         3547    .text               mf_w.l(depilogue.o)
    0x0800070e   0x0800070e   0x00000002   PAD
    0x08000710   0x08000710   0x00000088   Code   RO         3549    .text               mf_w.l(drnd.o)
    0x08000798   0x08000798   0x00000030   Code   RO         3553    .text               mf_w.l(cdcmple.o)
    0x080007c8   0x080007c8   0x00000024   Code   RO         3555    .text               mc_w.l(init.o)
    0x080007ec   0x080007ec   0x00000002   Code   RO          355    i.BusFault_Handler  stm32l1xx_it.o
    0x080007ee   0x080007ee   0x00000002   Code   RO          356    i.DebugMon_Handler  stm32l1xx_it.o
    0x080007f0   0x080007f0   0x00000006   Code   RO          357    i.EXTI0_IRQHandler  stm32l1xx_it.o
    0x080007f6   0x080007f6   0x00000008   Code   RO          358    i.EXTI15_10_IRQHandler  stm32l1xx_it.o
    0x080007fe   0x080007fe   0x00000006   Code   RO          359    i.EXTI1_IRQHandler  stm32l1xx_it.o
    0x08000804   0x08000804   0x00000002   Code   RO          360    i.EXTI2_IRQHandler  stm32l1xx_it.o
    0x08000806   0x08000806   0x00000002   Code   RO          361    i.EXTI3_IRQHandler  stm32l1xx_it.o
    0x08000808   0x08000808   0x00000002   Code   RO          362    i.EXTI4_IRQHandler  stm32l1xx_it.o
    0x0800080a   0x0800080a   0x00000006   Code   RO          363    i.EXTI9_5_IRQHandler  stm32l1xx_it.o
    0x08000810   0x08000810   0x0000002c   Code   RO         2726    i.GetFskBandwidthRegValue  sx1276.o
    0x0800083c   0x0800083c   0x00000016   Code   RO          530    i.HAL_Delay         stm32l1xx_hal.o
    0x08000852   0x08000852   0x00000002   PAD
    0x08000854   0x08000854   0x00000038   Code   RO          203    i.HAL_GPIO_EXTI_Callback  hal_interface.o
    0x0800088c   0x0800088c   0x00000018   Code   RO         1289    i.HAL_GPIO_EXTI_IRQHandler  stm32l1xx_hal_gpio.o
    0x080008a4   0x080008a4   0x0000018c   Code   RO         1290    i.HAL_GPIO_Init     stm32l1xx_hal_gpio.o
    0x08000a30   0x08000a30   0x0000000a   Code   RO         1294    i.HAL_GPIO_WritePin  stm32l1xx_hal_gpio.o
    0x08000a3a   0x08000a3a   0x00000002   PAD
    0x08000a3c   0x08000a3c   0x0000000c   Code   RO          534    i.HAL_GetTick       stm32l1xx_hal.o
    0x08000a48   0x08000a48   0x00000010   Code   RO          535    i.HAL_IncTick       stm32l1xx_hal.o
    0x08000a58   0x08000a58   0x00000016   Code   RO          536    i.HAL_Init          stm32l1xx_hal.o
    0x08000a6e   0x08000a6e   0x00000002   PAD
    0x08000a70   0x08000a70   0x00000028   Code   RO          537    i.HAL_InitTick      stm32l1xx_hal.o
    0x08000a98   0x08000a98   0x00000002   Code   RO         1444    i.HAL_MspInit       stm32l1xx_hal_msp_template.o
    0x08000a9a   0x08000a9a   0x00000016   Code   RO          715    i.HAL_NVIC_EnableIRQ  stm32l1xx_hal_cortex.o
    0x08000ab0   0x08000ab0   0x00000040   Code   RO          721    i.HAL_NVIC_SetPriority  stm32l1xx_hal_cortex.o
    0x08000af0   0x08000af0   0x00000024   Code   RO          722    i.HAL_NVIC_SetPriorityGrouping  stm32l1xx_hal_cortex.o
    0x08000b14   0x08000b14   0x00000010   Code   RO         1701    i.HAL_PWREx_GetVoltageRange  stm32l1xx_hal_pwr_ex.o
    0x08000b24   0x08000b24   0x000001d4   Code   RO         1756    i.HAL_RCC_ClockConfig  stm32l1xx_hal_rcc.o
    0x08000cf8   0x08000cf8   0x00000030   Code   RO         1763    i.HAL_RCC_GetPCLK1Freq  stm32l1xx_hal_rcc.o
    0x08000d28   0x08000d28   0x00000030   Code   RO         1764    i.HAL_RCC_GetPCLK2Freq  stm32l1xx_hal_rcc.o
    0x08000d58   0x08000d58   0x0000008c   Code   RO         1765    i.HAL_RCC_GetSysClockFreq  stm32l1xx_hal_rcc.o
    0x08000de4   0x08000de4   0x00000750   Code   RO         1768    i.HAL_RCC_OscConfig  stm32l1xx_hal_rcc.o
    0x08001534   0x08001534   0x0000007a   Code   RO         2209    i.HAL_SPI_Init      stm32l1xx_hal_spi_ex.o
    0x080015ae   0x080015ae   0x00000002   Code   RO         1980    i.HAL_SPI_MspInit   stm32l1xx_hal_spi.o
    0x080015b0   0x080015b0   0x000002b2   Code   RO         1987    i.HAL_SPI_TransmitReceive  stm32l1xx_hal_spi.o
    0x08001862   0x08001862   0x00000028   Code   RO          726    i.HAL_SYSTICK_Config  stm32l1xx_hal_cortex.o
    0x0800188a   0x0800188a   0x0000005e   Code   RO         2303    i.HAL_UART_Init     stm32l1xx_hal_uart.o
    0x080018e8   0x080018e8   0x00000002   Code   RO         2305    i.HAL_UART_MspInit  stm32l1xx_hal_uart.o
    0x080018ea   0x080018ea   0x00000002   PAD
    0x080018ec   0x080018ec   0x000000cc   Code   RO         2311    i.HAL_UART_Transmit  stm32l1xx_hal_uart.o
    0x080019b8   0x080019b8   0x00000044   Code   RO          204    i.HalAttachInterrupt  hal_interface.o
    0x080019fc   0x080019fc   0x000000fc   Code   RO          205    i.HalPinInit        hal_interface.o
    0x08001af8   0x08001af8   0x00000094   Code   RO          206    i.HalSpiInit        hal_interface.o
    0x08001b8c   0x08001b8c   0x00000028   Code   RO          207    i.HalSpiTransmit    hal_interface.o
    0x08001bb4   0x08001bb4   0x00000018   Code   RO          208    i.HalSpiWriteNss    hal_interface.o
    0x08001bcc   0x08001bcc   0x00000040   Code   RO          209    i.HalWriteReset     hal_interface.o
    0x08001c0c   0x08001c0c   0x00000018   Code   RO          210    i.HalWriteRxTx      hal_interface.o
    0x08001c24   0x08001c24   0x00000002   Code   RO          364    i.HardFault_Handler  stm32l1xx_it.o
    0x08001c26   0x08001c26   0x00000002   PAD
    0x08001c28   0x08001c28   0x00000068   Code   RO            4    i.LED_GPIO_Init     main.o
    0x08001c90   0x08001c90   0x00000024   Code   RO            5    i.LedBlink          main.o
    0x08001cb4   0x08001cb4   0x00000002   Code   RO          365    i.MemManage_Handler  stm32l1xx_it.o
    0x08001cb6   0x08001cb6   0x00000002   Code   RO          366    i.NMI_Handler       stm32l1xx_it.o
    0x08001cb8   0x08001cb8   0x00000020   Code   RO          728    i.NVIC_SetPriority  stm32l1xx_hal_cortex.o
    0x08001cd8   0x08001cd8   0x00000040   Code   RO            6    i.OnRxDone          main.o
    0x08001d18   0x08001d18   0x00000014   Code   RO            7    i.OnRxError         main.o
    0x08001d2c   0x08001d2c   0x00000018   Code   RO            8    i.OnRxTimeout       main.o
    0x08001d44   0x08001d44   0x00000014   Code   RO            9    i.OnTxDone          main.o
    0x08001d58   0x08001d58   0x00000018   Code   RO           10    i.OnTxTimeout       main.o
    0x08001d70   0x08001d70   0x00000002   Code   RO          367    i.PendSV_Handler    stm32l1xx_it.o
    0x08001d72   0x08001d72   0x00000002   PAD
    0x08001d74   0x08001d74   0x00000078   Code   RO         1769    i.RCC_SetFlashLatencyFromMSIRange  stm32l1xx_hal_rcc.o
    0x08001dec   0x08001dec   0x00000094   Code   RO         2727    i.RxChainCalibration  sx1276.o
    0x08001e80   0x08001e80   0x0000009e   Code   RO         2008    i.SPI_WaitOnFlagUntilTimeout  stm32l1xx_hal_spi.o
    0x08001f1e   0x08001f1e   0x00000002   Code   RO          368    i.SVC_Handler       stm32l1xx_it.o
    0x08001f20   0x08001f20   0x00000004   Code   RO         2991    i.SX1276BoardInit   sx1276-board.o
    0x08001f24   0x08001f24   0x00000004   Code   RO         2992    i.SX1276CheckRfFrequency  sx1276-board.o
    0x08001f28   0x08001f28   0x00000014   Code   RO         2993    i.SX1276GetPaSelect  sx1276-board.o
    0x08001f3c   0x08001f3c   0x0000000c   Code   RO         2728    i.SX1276GetStatus   sx1276.o
    0x08001f48   0x08001f48   0x000001f4   Code   RO         2729    i.SX1276GetTimeOnAir  sx1276.o
    0x0800213c   0x0800213c   0x00000006   Code   RO         2730    i.SX1276GetVersion  sx1276.o
    0x08002142   0x08002142   0x00000002   PAD
    0x08002144   0x08002144   0x0000008c   Code   RO         2731    i.SX1276Init        sx1276.o
    0x080021d0   0x080021d0   0x00000034   Code   RO         2995    i.SX1276IoInit      sx1276-board.o
    0x08002204   0x08002204   0x0000002a   Code   RO         2997    i.SX1276IoIrqInit   sx1276-board.o
    0x0800222e   0x0800222e   0x0000004e   Code   RO         2732    i.SX1276IsChannelFree  sx1276.o
    0x0800227c   0x0800227c   0x00000250   Code   RO         2735    i.SX1276OnDio0Irq   sx1276.o
    0x080024cc   0x080024cc   0x000000d8   Code   RO         2736    i.SX1276OnDio1Irq   sx1276.o
    0x080025a4   0x080025a4   0x000000c4   Code   RO         2737    i.SX1276OnDio2Irq   sx1276.o
    0x08002668   0x08002668   0x00000058   Code   RO         2738    i.SX1276OnDio3Irq   sx1276.o
    0x080026c0   0x080026c0   0x0000001c   Code   RO         2739    i.SX1276OnDio4Irq   sx1276.o
    0x080026dc   0x080026dc   0x000000dc   Code   RO         2741    i.SX1276OnTimeoutIrq  sx1276.o
    0x080027b8   0x080027b8   0x0000003e   Code   RO         2742    i.SX1276Random      sx1276.o
    0x080027f6   0x080027f6   0x00000010   Code   RO         2743    i.SX1276Read        sx1276.o
    0x08002806   0x08002806   0x00000034   Code   RO         2744    i.SX1276ReadBuffer  sx1276.o
    0x0800283a   0x0800283a   0x0000000a   Code   RO         2745    i.SX1276ReadFifo    sx1276.o
    0x08002844   0x08002844   0x00000040   Code   RO         2746    i.SX1276ReadRssi    sx1276.o
    0x08002884   0x08002884   0x000000f4   Code   RO         2748    i.SX1276Send        sx1276.o
    0x08002978   0x08002978   0x00000010   Code   RO         2998    i.SX1276SetAntSw    sx1276-board.o
    0x08002988   0x08002988   0x00000020   Code   RO         2999    i.SX1276SetAntSwLowPower  sx1276-board.o
    0x080029a8   0x080029a8   0x00000040   Code   RO         2749    i.SX1276SetChannel  sx1276.o
    0x080029e8   0x080029e8   0x00000034   Code   RO         2750    i.SX1276SetMaxPayloadLength  sx1276.o
    0x08002a1c   0x08002a1c   0x00000074   Code   RO         2751    i.SX1276SetModem    sx1276.o
    0x08002a90   0x08002a90   0x00000030   Code   RO         2752    i.SX1276SetOpMode   sx1276.o
    0x08002ac0   0x08002ac0   0x00000028   Code   RO         2753    i.SX1276SetPublicNetwork  sx1276.o
    0x08002ae8   0x08002ae8   0x0000001e   Code   RO         3000    i.SX1276SetReset    sx1276-board.o
    0x08002b06   0x08002b06   0x00000002   PAD
    0x08002b08   0x08002b08   0x000000a0   Code   RO         3001    i.SX1276SetRfTxPower  sx1276-board.o
    0x08002ba8   0x08002ba8   0x000001f0   Code   RO         2754    i.SX1276SetRx       sx1276.o
    0x08002d98   0x08002d98   0x000002a4   Code   RO         2755    i.SX1276SetRxConfig  sx1276.o
    0x0800303c   0x0800303c   0x00000028   Code   RO         2756    i.SX1276SetSleep    sx1276.o
    0x08003064   0x08003064   0x00000028   Code   RO         2757    i.SX1276SetStby     sx1276.o
    0x0800308c   0x0800308c   0x000000a4   Code   RO         2758    i.SX1276SetTx       sx1276.o
    0x08003130   0x08003130   0x00000214   Code   RO         2759    i.SX1276SetTxConfig  sx1276.o
    0x08003344   0x08003344   0x00000084   Code   RO         2760    i.SX1276SetTxContinuousWave  sx1276.o
    0x080033c8   0x080033c8   0x0000003c   Code   RO         2761    i.SX1276StartCad    sx1276.o
    0x08003404   0x08003404   0x0000000c   Code   RO         2762    i.SX1276Write       sx1276.o
    0x08003410   0x08003410   0x00000032   Code   RO         2763    i.SX1276WriteBuffer  sx1276.o
    0x08003442   0x08003442   0x0000000a   Code   RO         2764    i.SX1276WriteFifo   sx1276.o
    0x0800344c   0x0800344c   0x00000004   Code   RO         3002    i.SpiSetNss         sx1276-board.o
    0x08003450   0x08003450   0x00000004   Code   RO         3003    i.SpiTransfer       sx1276-board.o
    0x08003454   0x08003454   0x00000014   Code   RO          369    i.SysTick_Handler   stm32l1xx_it.o
    0x08003468   0x08003468   0x00000090   Code   RO          287    i.SystemClock_Config  init.o
    0x080034f8   0x080034f8   0x00000050   Code   RO          486    i.SystemInit        system_stm32l1xx.o
    0x08003548   0x08003548   0x00000012   Code   RO          288    i.SystemInitialize  init.o
    0x0800355a   0x0800355a   0x00000002   PAD
    0x0800355c   0x0800355c   0x00000054   Code   RO         3134    i.TimerListInsert   timer.o
    0x080035b0   0x080035b0   0x00000020   Code   RO         3135    i.TimerListTimerReset  timer.o
    0x080035d0   0x080035d0   0x000002a0   Code   RO         2322    i.UART_SetConfig    stm32l1xx_hal_uart.o
    0x08003870   0x08003870   0x00000092   Code   RO         2324    i.UART_WaitOnFlagUntilTimeout  stm32l1xx_hal_uart.o
    0x08003902   0x08003902   0x00000002   PAD
    0x08003904   0x08003904   0x0000007c   Code   RO          289    i.USART1_Init       init.o
    0x08003980   0x08003980   0x00000002   Code   RO          370    i.UsageFault_Handler  stm32l1xx_it.o
    0x08003982   0x08003982   0x00000002   PAD
    0x08003984   0x08003984   0x00000020   Code   RO         3345    i.__0printf$5       mc_w.l(printf5.o)
    0x080039a4   0x080039a4   0x0000000e   Code   RO         3559    i.__scatterload_copy  mc_w.l(handlers.o)
    0x080039b2   0x080039b2   0x00000002   Code   RO         3560    i.__scatterload_null  mc_w.l(handlers.o)
    0x080039b4   0x080039b4   0x0000000e   Code   RO         3561    i.__scatterload_zeroinit  mc_w.l(handlers.o)
    0x080039c2   0x080039c2   0x00000002   PAD
    0x080039c4   0x080039c4   0x000002c0   Code   RO         3352    i._printf_core      mc_w.l(printf5.o)
    0x08003c84   0x08003c84   0x000000dc   Code   RO         3194    i.ceil              m_ws.l(ceil.o)
    0x08003d60   0x08003d60   0x00000004   Code   RO          211    i.delay             hal_interface.o
    0x08003d64   0x08003d64   0x000000dc   Code   RO         3198    i.floor             m_ws.l(floor.o)
    0x08003e40   0x08003e40   0x00000018   Code   RO          290    i.fputc             init.o
    0x08003e58   0x08003e58   0x0000001c   Code   RO         3136    i.intoyunTimerChangePeriod  timer.o
    0x08003e74   0x08003e74   0x0000003c   Code   RO         3137    i.intoyunTimerLoop  timer.o
    0x08003eb0   0x08003eb0   0x00000064   Code   RO         3138    i.intoyunTimerRegister  timer.o
    0x08003f14   0x08003f14   0x00000004   Code   RO         3139    i.intoyunTimerReset  timer.o
    0x08003f18   0x08003f18   0x00000028   Code   RO         3140    i.intoyunTimerStart  timer.o
    0x08003f40   0x08003f40   0x00000020   Code   RO         3141    i.intoyunTimerStop  timer.o
    0x08003f60   0x08003f60   0x000000ec   Code   RO           11    i.main              main.o
    0x0800404c   0x0800404c   0x0000006c   Code   RO         3474    i.malloc            mc_w.l(malloc.o)
    0x080040b8   0x080040b8   0x00000014   Code   RO         2765    i.memcpy1           sx1276.o
    0x080040cc   0x080040cc   0x00000004   Code   RO          212    i.millis            hal_interface.o
    0x080040d0   0x080040d0   0x00000094   Code   RO         3201    i.round             m_ws.l(round.o)
    0x08004164   0x08004164   0x00000019   Data   RO          487    .constdata          system_stm32l1xx.o
    0x0800417d   0x0800417d   0x00000008   Data   RO          488    .constdata          system_stm32l1xx.o
    0x08004185   0x08004185   0x00000003   PAD
    0x08004188   0x08004188   0x000000e0   Data   RO         2767    .constdata          sx1276.o
    0x08004268   0x08004268   0x0000005c   Data   RO         3004    .constdata          sx1276-board.o
    0x080042c4   0x080042c4   0x00000018   Data   RO         3142    .constdata          timer.o
    0x080042dc   0x080042dc   0x00000020   Data   RO         3557    Region$$Table       anon$$obj.o


    Execution Region RW_IRAM1 (Exec base: 0x20000000, Load base: 0x080042fc, Size: 0x00000888, Max: 0x00004000, ABSOLUTE)

    Exec Addr    Load Addr    Size         Type   Attr      Idx    E Section Name        Object

    0x20000000   0x080042fc   0x0000000e   Data   RW           13    .data               main.o
    0x2000000e   0x0800430a   0x00000002   PAD
    0x20000010   0x0800430c   0x00000010   Data   RW          214    .data               hal_interface.o
    0x20000020   0x0800431c   0x00000004   Data   RW          489    .data               system_stm32l1xx.o
    0x20000024   0x08004320   0x00000004   Data   RW          542    .data               stm32l1xx_hal.o
    0x20000028   0x08004324   0x0000001c   Data   RW         2768    .data               sx1276.o
    0x20000044   0x08004340   0x00000001   Data   RW         3005    .data               sx1276-board.o
    0x20000045   0x08004341   0x00000003   PAD
    0x20000048   0x08004344   0x00000008   Data   RW         3143    .data               timer.o
    0x20000050   0x0800434c   0x00000004   Data   RW         3533    .data               mc_w.l(stdout.o)
    0x20000054   0x08004350   0x00000004   Data   RW         3544    .data               mc_w.l(mvars.o)
    0x20000058   0x08004354   0x00000004   Data   RW         3545    .data               mc_w.l(mvars.o)
    0x2000005c        -       0x0000001c   Zero   RW           12    .bss                main.o
    0x20000078        -       0x00000058   Zero   RW          213    .bss                hal_interface.o
    0x200000d0        -       0x00000040   Zero   RW          291    .bss                init.o
    0x20000110        -       0x00000178   Zero   RW         2766    .bss                sx1276.o
    0x20000288        -       0x00000400   Zero   RW          328    HEAP                startup_stm32l151xb.o
    0x20000688        -       0x00000200   Zero   RW          327    STACK               startup_stm32l151xb.o


==============================================================================

Image component sizes


      Code (inc. data)   RO Data    RW Data    ZI Data      Debug   Object Name

       684         68          0         16         88       9293   hal_interface.o
       310         30          0          0         64       3841   init.o
       528        168          0         14         28     350391   main.o
        36          8        244          0       1536        928   startup_stm32l151xb.o
       112         18          0          4          0       4687   stm32l1xx_hal.o
       194         14          0          0          0      28375   stm32l1xx_hal_cortex.o
       430         38          0          0          0       3619   stm32l1xx_hal_gpio.o
         2          0          0          0          0        646   stm32l1xx_hal_msp_template.o
        16          6          0          0          0        692   stm32l1xx_hal_pwr_ex.o
      2696        104          0          0          0       7804   stm32l1xx_hal_rcc.o
       850          0          0          0          0       4080   stm32l1xx_hal_spi.o
       122          0          0          0          0       1383   stm32l1xx_hal_spi_ex.o
      1118          6          0          0          0       5491   stm32l1xx_hal_uart.o
        68          4          0          0          0       9549   stm32l1xx_it.o
       368         20         92          1          0      12316   sx1276-board.o
      5268        308        224         28        376      30607   sx1276.o
        80         18         33          4          0       1699   system_stm32l1xx.o
       380         76         24          8          0       8076   timer.o

    ----------------------------------------------------------------------
     13284        886        652         80       2092     483477   Object Totals
         0          0         32          0          0          0   (incl. Generated)
        22          0          3          5          0          0   (incl. Padding)

    ----------------------------------------------------------------------

      Code (inc. data)   RO Data    RW Data    ZI Data      Debug   Library Member Name

       220         16          0          0          0         84   ceil.o
       220         16          0          0          0         84   floor.o
       148         12          0          0          0         88   round.o
         0          0          0          0          0          0   entry.o
         0          0          0          0          0          0   entry10a.o
         0          0          0          0          0          0   entry11a.o
         8          4          0          0          0          0   entry2.o
         4          0          0          0          0          0   entry5.o
         0          0          0          0          0          0   entry7b.o
         0          0          0          0          0          0   entry8b.o
         8          4          0          0          0          0   entry9a.o
        30          0          0          0          0          0   handlers.o
        36          8          0          0          0         68   init.o
         0          0          0          0          0          0   iusefp.o
        30          0          0          0          0         68   llshl.o
        36          0          0          0          0         68   llsshr.o
        32          0          0          0          0         68   llushr.o
       108         16          0          0          0         84   malloc.o
        36          0          0          0          0         68   memcpya.o
        36          0          0          0          0        108   memseta.o
         0          0          0          8          0          0   mvars.o
       736         56          0          0          0        184   printf5.o
         0          0          0          4          0          0   stdout.o
        98          0          0          0          0         92   uldiv.o
        48          0          0          0          0         68   cdcmple.o
        48          0          0          0          0         68   cdrcmple.o
       334          0          0          0          0        148   dadd.o
       222          0          0          0          0        100   ddiv.o
       186          0          0          0          0        176   depilogue.o
        62          0          0          0          0         80   dfixi.o
        50          0          0          0          0         76   dfixui.o
        34          0          0          0          0         76   dflti.o
        26          0          0          0          0         76   dfltui.o
       228          0          0          0          0         96   dmul.o
       136          4          0          0          0         92   drnd.o
        46          0          0          0          0         80   dscalb.o

    ----------------------------------------------------------------------
      3212        136          0         12          0       2200   Library Totals
         6          0          0          0          0          0   (incl. Padding)

    ----------------------------------------------------------------------

      Code (inc. data)   RO Data    RW Data    ZI Data      Debug   Library Name

       588         44          0          0          0        256   m_ws.l
      1198         88          0         12          0        808   mc_w.l
      1420          4          0          0          0       1136   mf_w.l

    ----------------------------------------------------------------------
      3212        136          0         12          0       2200   Library Totals

    ----------------------------------------------------------------------

==============================================================================


      Code (inc. data)   RO Data    RW Data    ZI Data      Debug   

     16496       1022        652         92       2092     478393   Grand Totals
     16496       1022        652         92       2092     478393   ELF Image Totals
     16496       1022        652         92          0          0   ROM Totals

==============================================================================

    Total RO  Size (Code + RO Data)                17148 (  16.75kB)
    Total RW  Size (RW Data + ZI Data)              2184 (   2.13kB)
    Total ROM Size (Code + RO Data + RW Data)      17240 (  16.84kB)

==============================================================================

